../Core/Src/main.c:88:5:main	40	static
../Core/Src/main.c:173:6:SystemClock_Config	160	static
../Core/Src/main.c:220:13:MX_SPI1_Init	8	static
../Core/Src/main.c:260:13:MX_USART2_UART_Init	8	static
../Core/Src/main.c:295:13:MX_GPIO_Init	48	static
../Core/Src/main.c:328:6:myprintf	24	static
../Core/Src/main.c:341:6:print_buffer	32	static
../Core/Src/main.c:353:6:print_csv	8320	static
../Core/Src/main.c:400:6:StartDefaultTask	56	static
../Core/Src/main.c:505:6:HAL_TIM_PeriodElapsedCallback	16	static
../Core/Src/main.c:522:6:Error_Handler	4	static
