../Core/Src/stm32f3xx_it.c:71:6:NMI_Handler	4	static
../Core/Src/stm32f3xx_it.c:86:6:HardFault_Handler	4	static
../Core/Src/stm32f3xx_it.c:101:6:MemManage_Handler	4	static
../Core/Src/stm32f3xx_it.c:116:6:BusFault_Handler	4	static
../Core/Src/stm32f3xx_it.c:131:6:UsageFault_Handler	4	static
../Core/Src/stm32f3xx_it.c:146:6:DebugMon_Handler	4	static
../Core/Src/stm32f3xx_it.c:166:6:PVD_IRQHandler	8	static
../Core/Src/stm32f3xx_it.c:180:6:FLASH_IRQHandler	8	static
../Core/Src/stm32f3xx_it.c:194:6:RCC_IRQHandler	4	static
../Core/Src/stm32f3xx_it.c:207:6:USART2_IRQHandler	8	static
../Core/Src/stm32f3xx_it.c:221:6:EXTI15_10_IRQHandler	8	static
../Core/Src/stm32f3xx_it.c:235:6:TIM6_DAC_IRQHandler	8	static
../Core/Src/stm32f3xx_it.c:249:6:FPU_IRQHandler	4	static
