Archive member included to satisfy reference by file (symbol)

c:/st/stm32cubeide_1.10.1/stm32cubeide/plugins/com.st.stm32cube.ide.mcu.externaltools.gnu-tools-for-stm32.10.3-2021.10.win32_1.0.100.202210260954/tools/bin/../lib/gcc/arm-none-eabi/10.3.1/../../../../arm-none-eabi/lib/thumb/v7e-m+fp/hard\libc_nano.a(lib_a-errno.o)
                              ./Core/Src/syscalls.o (__errno)
c:/st/stm32cubeide_1.10.1/stm32cubeide/plugins/com.st.stm32cube.ide.mcu.externaltools.gnu-tools-for-stm32.10.3-2021.10.win32_1.0.100.202210260954/tools/bin/../lib/gcc/arm-none-eabi/10.3.1/../../../../arm-none-eabi/lib/thumb/v7e-m+fp/hard\libc_nano.a(lib_a-exit.o)
                              c:/st/stm32cubeide_1.10.1/stm32cubeide/plugins/com.st.stm32cube.ide.mcu.externaltools.gnu-tools-for-stm32.10.3-2021.10.win32_1.0.100.202210260954/tools/bin/../lib/gcc/arm-none-eabi/10.3.1/../../../../arm-none-eabi/lib/thumb/v7e-m+fp/hard/crt0.o (exit)
c:/st/stm32cubeide_1.10.1/stm32cubeide/plugins/com.st.stm32cube.ide.mcu.externaltools.gnu-tools-for-stm32.10.3-2021.10.win32_1.0.100.202210260954/tools/bin/../lib/gcc/arm-none-eabi/10.3.1/../../../../arm-none-eabi/lib/thumb/v7e-m+fp/hard\libc_nano.a(lib_a-findfp.o)
                              ./Middlewares/Third_Party/FreeRTOS/Source/tasks.o (__sf_fake_stderr)
c:/st/stm32cubeide_1.10.1/stm32cubeide/plugins/com.st.stm32cube.ide.mcu.externaltools.gnu-tools-for-stm32.10.3-2021.10.win32_1.0.100.202210260954/tools/bin/../lib/gcc/arm-none-eabi/10.3.1/../../../../arm-none-eabi/lib/thumb/v7e-m+fp/hard\libc_nano.a(lib_a-fwalk.o)
                              c:/st/stm32cubeide_1.10.1/stm32cubeide/plugins/com.st.stm32cube.ide.mcu.externaltools.gnu-tools-for-stm32.10.3-2021.10.win32_1.0.100.202210260954/tools/bin/../lib/gcc/arm-none-eabi/10.3.1/../../../../arm-none-eabi/lib/thumb/v7e-m+fp/hard\libc_nano.a(lib_a-findfp.o) (_fwalk)
c:/st/stm32cubeide_1.10.1/stm32cubeide/plugins/com.st.stm32cube.ide.mcu.externaltools.gnu-tools-for-stm32.10.3-2021.10.win32_1.0.100.202210260954/tools/bin/../lib/gcc/arm-none-eabi/10.3.1/../../../../arm-none-eabi/lib/thumb/v7e-m+fp/hard\libc_nano.a(lib_a-impure.o)
                              c:/st/stm32cubeide_1.10.1/stm32cubeide/plugins/com.st.stm32cube.ide.mcu.externaltools.gnu-tools-for-stm32.10.3-2021.10.win32_1.0.100.202210260954/tools/bin/../lib/gcc/arm-none-eabi/10.3.1/../../../../arm-none-eabi/lib/thumb/v7e-m+fp/hard\libc_nano.a(lib_a-exit.o) (_global_impure_ptr)
c:/st/stm32cubeide_1.10.1/stm32cubeide/plugins/com.st.stm32cube.ide.mcu.externaltools.gnu-tools-for-stm32.10.3-2021.10.win32_1.0.100.202210260954/tools/bin/../lib/gcc/arm-none-eabi/10.3.1/../../../../arm-none-eabi/lib/thumb/v7e-m+fp/hard\libc_nano.a(lib_a-init.o)
                              c:/st/stm32cubeide_1.10.1/stm32cubeide/plugins/com.st.stm32cube.ide.mcu.externaltools.gnu-tools-for-stm32.10.3-2021.10.win32_1.0.100.202210260954/tools/bin/../lib/gcc/arm-none-eabi/10.3.1/../../../../arm-none-eabi/lib/thumb/v7e-m+fp/hard/crt0.o (__libc_init_array)
c:/st/stm32cubeide_1.10.1/stm32cubeide/plugins/com.st.stm32cube.ide.mcu.externaltools.gnu-tools-for-stm32.10.3-2021.10.win32_1.0.100.202210260954/tools/bin/../lib/gcc/arm-none-eabi/10.3.1/../../../../arm-none-eabi/lib/thumb/v7e-m+fp/hard\libc_nano.a(lib_a-lock.o)
                              c:/st/stm32cubeide_1.10.1/stm32cubeide/plugins/com.st.stm32cube.ide.mcu.externaltools.gnu-tools-for-stm32.10.3-2021.10.win32_1.0.100.202210260954/tools/bin/../lib/gcc/arm-none-eabi/10.3.1/../../../../arm-none-eabi/lib/thumb/v7e-m+fp/hard\libc_nano.a(lib_a-findfp.o) (__retarget_lock_init_recursive)
c:/st/stm32cubeide_1.10.1/stm32cubeide/plugins/com.st.stm32cube.ide.mcu.externaltools.gnu-tools-for-stm32.10.3-2021.10.win32_1.0.100.202210260954/tools/bin/../lib/gcc/arm-none-eabi/10.3.1/../../../../arm-none-eabi/lib/thumb/v7e-m+fp/hard\libc_nano.a(lib_a-malloc.o)
                              ./Core/Src/csv.o (malloc)
c:/st/stm32cubeide_1.10.1/stm32cubeide/plugins/com.st.stm32cube.ide.mcu.externaltools.gnu-tools-for-stm32.10.3-2021.10.win32_1.0.100.202210260954/tools/bin/../lib/gcc/arm-none-eabi/10.3.1/../../../../arm-none-eabi/lib/thumb/v7e-m+fp/hard\libc_nano.a(lib_a-memcpy-stub.o)
                              ./Middlewares/Third_Party/FreeRTOS/Source/queue.o (memcpy)
c:/st/stm32cubeide_1.10.1/stm32cubeide/plugins/com.st.stm32cube.ide.mcu.externaltools.gnu-tools-for-stm32.10.3-2021.10.win32_1.0.100.202210260954/tools/bin/../lib/gcc/arm-none-eabi/10.3.1/../../../../arm-none-eabi/lib/thumb/v7e-m+fp/hard\libc_nano.a(lib_a-memset.o)
                              c:/st/stm32cubeide_1.10.1/stm32cubeide/plugins/com.st.stm32cube.ide.mcu.externaltools.gnu-tools-for-stm32.10.3-2021.10.win32_1.0.100.202210260954/tools/bin/../lib/gcc/arm-none-eabi/10.3.1/../../../../arm-none-eabi/lib/thumb/v7e-m+fp/hard/crt0.o (memset)
[...]
Memory Configuration

Name             Origin             Length             Attributes
CCMRAM           0x0000000010000000 0x0000000000004000 xrw
RAM              0x0000000020000000 0x0000000000010000 xrw
FLASH            0x0000000008000000 0x0000000000080000 xr
*default*        0x0000000000000000 0xffffffffffffffff

Linker script and memory map

LOAD c:/st/stm32cubeide_1.10.1/stm32cubeide/plugins/com.st.stm32cube.ide.mcu.externaltools.gnu-tools-for-stm32.10.3-2021.10.win32_1.0.100.202210260954/tools/bin/../lib/gcc/arm-none-eabi/10.3.1/thumb/v7e-m+fp/hard/crti.o
LOAD c:/st/stm32cubeide_1.10.1/stm32cubeide/plugins/com.st.stm32cube.ide.mcu.externaltools.gnu-tools-for-stm32.10.3-2021.10.win32_1.0.100.202210260954/tools/bin/../lib/gcc/arm-none-eabi/10.3.1/thumb/v7e-m+fp/hard/crtbegin.o
LOAD c:/st/stm32cubeide_1.10.1/stm32cubeide/plugins/com.st.stm32cube.ide.mcu.externaltools.gnu-tools-for-stm32.10.3-2021.10.win32_1.0.100.202210260954/tools/bin/../lib/gcc/arm-none-eabi/10.3.1/../../../../arm-none-eabi/lib/thumb/v7e-m+fp/hard/crt0.o
LOAD ./Core/Src/csv.o
LOAD ./Core/Src/fatfs_sd.o
LOAD ./Core/Src/freertos.o
LOAD ./Core/Src/main.o
LOAD ./Core/Src/mpu6050.o
LOAD ./Core/Src/stm32f3xx_hal_msp.o
LOAD ./Core/Src/stm32f3xx_hal_timebase_tim.o
LOAD ./Core/Src/stm32f3xx_it.o
LOAD ./Core/Src/syscalls.o
LOAD ./Core/Src/sysmem.o
LOAD ./Core/Src/system_stm32f3xx.o
LOAD ./Core/Startup/startup_stm32f303retx.o
LOAD ./Drivers/STM32F3xx_HAL_Driver/Src/stm32f3xx_hal.o
LOAD ./Drivers/STM32F3xx_HAL_Driver/Src/stm32f3xx_hal_can.o
LOAD ./Drivers/STM32F3xx_HAL_Driver/Src/stm32f3xx_hal_cortex.o
LOAD ./Drivers/STM32F3xx_HAL_Driver/Src/stm32f3xx_hal_dma.o
LOAD ./Drivers/STM32F3xx_HAL_Driver/Src/stm32f3xx_hal_exti.o
LOAD ./Drivers/STM32F3xx_HAL_Driver/Src/stm32f3xx_hal_flash.o
LOAD ./Drivers/STM32F3xx_HAL_Driver/Src/stm32f3xx_hal_flash_ex.o
LOAD ./Drivers/STM32F3xx_HAL_Driver/Src/stm32f3xx_hal_gpio.o
LOAD ./Drivers/STM32F3xx_HAL_Driver/Src/stm32f3xx_hal_i2c.o
LOAD ./Drivers/STM32F3xx_HAL_Driver/Src/stm32f3xx_hal_i2c_ex.o
LOAD ./Drivers/STM32F3xx_HAL_Driver/Src/stm32f3xx_hal_pwr.o
LOAD ./Drivers/STM32F3xx_HAL_Driver/Src/stm32f3xx_hal_pwr_ex.o
LOAD ./Drivers/STM32F3xx_HAL_Driver/Src/stm32f3xx_hal_rcc.o
LOAD ./Drivers/STM32F3xx_HAL_Driver/Src/stm32f3xx_hal_rcc_ex.o
LOAD ./Drivers/STM32F3xx_HAL_Driver/Src/stm32f3xx_hal_spi.o
LOAD ./Drivers/STM32F3xx_HAL_Driver/Src/stm32f3xx_hal_spi_ex.o
LOAD ./Drivers/STM32F3xx_HAL_Driver/Src/stm32f3xx_hal_tim.o
LOAD ./Drivers/STM32F3xx_HAL_Driver/Src/stm32f3xx_hal_tim_ex.o
LOAD ./Drivers/STM32F3xx_HAL_Driver/Src/stm32f3xx_hal_uart.o
LOAD ./Drivers/STM32F3xx_HAL_Driver/Src/stm32f3xx_hal_uart_ex.o
LOAD ./FATFS/App/fatfs.o
LOAD ./FATFS/Target/user_diskio.o
LOAD ./Middlewares/Third_Party/FatFs/src/diskio.o
LOAD ./Middlewares/Third_Party/FatFs/src/ff.o
LOAD ./Middlewares/Third_Party/FatFs/src/ff_gen_drv.o
LOAD ./Middlewares/Third_Party/FatFs/src/option/syscall.o
LOAD ./Middlewares/Third_Party/FreeRTOS/Source/CMSIS_RTOS/cmsis_os.o
LOAD ./Middlewares/Third_Party/FreeRTOS/Source/croutine.o
LOAD ./Middlewares/Third_Party/FreeRTOS/Source/event_groups.o
LOAD ./Middlewares/Third_Party/FreeRTOS/Source/list.o
LOAD ./Middlewares/Third_Party/FreeRTOS/Source/queue.o
LOAD ./Middlewares/Third_Party/FreeRTOS/Source/stream_buffer.o
LOAD ./Middlewares/Third_Party/FreeRTOS/Source/tasks.o
LOAD ./Middlewares/Third_Party/FreeRTOS/Source/timers.o
LOAD ./Middlewares/Third_Party/FreeRTOS/Source/portable/GCC/ARM_CM4F/port.o
LOAD ./Middlewares/Third_Party/FreeRTOS/Source/portable/MemMang/heap_4.o
START GROUP
LOAD c:/st/stm32cubeide_1.10.1/stm32cubeide/plugins/com.st.stm32cube.ide.mcu.externaltools.gnu-tools-for-stm32.10.3-2021.10.win32_1.0.100.202210260954/tools/bin/../lib/gcc/arm-none-eabi/10.3.1/../../../../arm-none-eabi/lib/thumb/v7e-m+fp/hard\libc_nano.a
LOAD c:/st/stm32cubeide_1.10.1/stm32cubeide/plugins/com.st.stm32cube.ide.mcu.externaltools.gnu-tools-for-stm32.10.3-2021.10.win32_1.0.100.202210260954/tools/bin/../lib/gcc/arm-none-eabi/10.3.1/../../../../arm-none-eabi/lib/thumb/v7e-m+fp/hard\libm.a
END GROUP
START GROUP
LOAD c:/st/stm32cubeide_1.10.1/stm32cubeide/plugins/com.st.stm32cube.ide.mcu.externaltools.gnu-tools-for-stm32.10.3-2021.10.win32_1.0.100.202210260954/tools/bin/../lib/gcc/arm-none-eabi/10.3.1/thumb/v7e-m+fp/hard\libgcc.a
LOAD c:/st/stm32cubeide_1.10.1/stm32cubeide/plugins/com.st.stm32cube.ide.mcu.externaltools.gnu-tools-for-stm32.10.3-2021.10.win32_1.0.100.202210260954/tools/bin/../lib/gcc/arm-none-eabi/10.3.1/../../../../arm-none-eabi/lib/thumb/v7e-m+fp/hard\libc_nano.a
END GROUP
START GROUP
LOAD c:/st/stm32cubeide_1.10.1/stm32cubeide/plugins/com.st.stm32cube.ide.mcu.externaltools.gnu-tools-for-stm32.10.3-2021.10.win32_1.0.100.202210260954/tools/bin/../lib/gcc/arm-none-eabi/10.3.1/thumb/v7e-m+fp/hard\libgcc.a
LOAD c:/st/stm32cubeide_1.10.1/stm32cubeide/plugins/com.st.stm32cube.ide.mcu.externaltools.gnu-tools-for-stm32.10.3-2021.10.win32_1.0.100.202210260954/tools/bin/../lib/gcc/arm-none-eabi/10.3.1/../../../../arm-none-eabi/lib/thumb/v7e-m+fp/hard\libc_nano.a
LOAD c:/st/stm32cubeide_1.10.1/stm32cubeide/plugins/com.st.stm32cube.ide.mcu.externaltools.gnu-tools-for-stm32.10.3-2021.10.win32_1.0.100.202210260954/tools/bin/../lib/gcc/arm-none-eabi/10.3.1/../../../../arm-none-eabi/lib/thumb/v7e-m+fp/hard\libnosys.a
END GROUP
START GROUP
LOAD c:/st/stm32cubeide_1.10.1/stm32cubeide/plugins/com.st.stm32cube.ide.mcu.externaltools.gnu-tools-for-stm32.10.3-2021.10.win32_1.0.100.202210260954/tools/bin/../lib/gcc/arm-none-eabi/10.3.1/thumb/v7e-m+fp/hard\libgcc.a
LOAD c:/st/stm32cubeide_1.10.1/stm32cubeide/plugins/com.st.stm32cube.ide.mcu.externaltools.gnu-tools-for-stm32.10.3-2021.10.win32_1.0.100.202210260954/tools/bin/../lib/gcc/arm-none-eabi/10.3.1/../../../../arm-none-eabi/lib/thumb/v7e-m+fp/hard\libc_nano.a
LOAD c:/st/stm32cubeide_1.10.1/stm32cubeide/plugins/com.st.stm32cube.ide.mcu.externaltools.gnu-tools-for-stm32.10.3-2021.10.win32_1.0.100.202210260954/tools/bin/../lib/gcc/arm-none-eabi/10.3.1/../../../../arm-none-eabi/lib/thumb/v7e-m+fp/hard\libnosys.a
END GROUP
LOAD c:/st/stm32cubeide_1.10.1/stm32cubeide/plugins/com.st.stm32cube.ide.mcu.externaltools.gnu-tools-for-stm32.10.3-2021.10.win32_1.0.100.202210260954/tools/bin/../lib/gcc/arm-none-eabi/10.3.1/thumb/v7e-m+fp/hard/crtend.o
LOAD c:/st/stm32cubeide_1.10.1/stm32cubeide/plugins/com.st.stm32cube.ide.mcu.externaltools.gnu-tools-for-stm32.10.3-2021.10.win32_1.0.100.202210260954/tools/bin/../lib/gcc/arm-none-eabi/10.3.1/thumb/v7e-m+fp/hard/crtn.o
                0x0000000020010000                _estack = (ORIGIN (RAM) + LENGTH (RAM))
                0x0000000000000200                _Min_Heap_Size = 0x200
                0x0000000000000400                _Min_Stack_Size = 0x400

.isr_vector     0x0000000008000000      0x194
                0x0000000008000000                . = ALIGN (0x4)
 *(.isr_vector)
 .isr_vector    0x0000000008000000      0x194 ./Core/Startup/startup_stm32f303retx.o
                0x0000000008000000                g_pfnVectors
                0x0000000008000194                . = ALIGN (0x4)

.text           0x00000000080001a0    0x10388
                0x00000000080001a0                . = ALIGN (0x4)
 *(.text)
 .text          0x00000000080001a0       0x40 c:/st/stm32cubeide_1.10.1/stm32cubeide/plugins/com.st.stm32cube.ide.mcu.externaltools.gnu-tools-for-stm32.10.3-2021.10.win32_1.0.100.202210260954/tools/bin/../lib/gcc/arm-none-eabi/10.3.1/thumb/v7e-m+fp/hard/crtbegin.o
 .text          0x00000000080001e0       0x10 c:/st/stm32cubeide_1.10.1/stm32cubeide/plugins/com.st.stm32cube.ide.mcu.externaltools.gnu-tools-for-stm32.10.3-2021.10.win32_1.0.100.202210260954/tools/bin/../lib/gcc/arm-none-eabi/10.3.1/../../../../arm-none-eabi/lib/thumb/v7e-m+fp/hard\libc_nano.a(lib_a-strlen.o)
                0x00000000080001e0                strlen
 .text          0x00000000080001f0       0xa0 c:/st/stm32cubeide_1.10.1/stm32cubeide/plugins/com.st.stm32cube.ide.mcu.externaltools.gnu-tools-for-stm32.10.3-2021.10.win32_1.0.100.202210260954/tools/bin/../lib/gcc/arm-none-eabi/10.3.1/../../../../arm-none-eabi/lib/thumb/v7e-m+fp/hard\libc_nano.a(lib_a-memchr.o)
                0x00000000080001f0                memchr
 .text          0x0000000008000290      0x378 c:/st/stm32cubeide_1.10.1/stm32cubeide/plugins/com.st.stm32cube.ide.mcu.externaltools.gnu-tools-for-stm32.10.3-2021.10.win32_1.0.100.202210260954/tools/bin/../lib/gcc/arm-none-eabi/10.3.1/thumb/v7e-m+fp/hard\libgcc.a(_arm_addsubdf3.o)
                0x0000000008000290                __aeabi_drsub
                0x0000000008000298                __aeabi_dsub
                0x0000000008000298                __subdf3
                0x000000000800029c                __aeabi_dadd
                0x000000000800029c                __adddf3
                0x0000000008000514                __floatunsidf
                0x0000000008000514                __aeabi_ui2d
                0x0000000008000534                __floatsidf
                0x0000000008000534                __aeabi_i2d
                0x0000000008000558                __aeabi_f2d
                0x0000000008000558                __extendsfdf2
                0x000000000800059c                __floatundidf
                0x000000000800059c                __aeabi_ul2d
                0x00000000080005ac                __floatdidf
                0x00000000080005ac                __aeabi_l2d
 .text          0x0000000008000608      0x424 c:/st/stm32cubeide_1.10.1/stm32cubeide/plugins/com.st.stm32cube.ide.mcu.externaltools.gnu-tools-for-stm32.10.3-2021.10.win32_1.0.100.202210260954/tools/bin/../lib/gcc/arm-none-eabi/10.3.1/thumb/v7e-m+fp/hard\libgcc.a(_arm_muldivdf3.o)
                0x0000000008000608                __aeabi_dmul
                0x0000000008000608                __muldf3
                0x000000000800085c                __divdf3
                0x000000000800085c                __aeabi_ddiv
 .text          0x0000000008000a2c      0x110 c:/st/stm32cubeide_1.10.1/stm32cubeide/plugins/com.st.stm32cube.ide.mcu.externaltools.gnu-tools-for-stm32.10.3-2021.10.win32_1.0.100.202210260954/tools/bin/../lib/gcc/arm-none-eabi/10.3.1/thumb/v7e-m+fp/hard\libgcc.a(_arm_cmpdf2.o)
                0x0000000008000a2c                __gtdf2
                0x0000000008000a2c                __gedf2
                0x0000000008000a34                __ltdf2
                0x0000000008000a34                __ledf2
                0x0000000008000a3c                __nedf2
                0x0000000008000a3c                __eqdf2
                0x0000000008000a3c                __cmpdf2
                0x0000000008000ab8                __aeabi_cdrcmple
                0x0000000008000ac8                __aeabi_cdcmpeq
                0x0000000008000ac8                __aeabi_cdcmple
                0x0000000008000ad8                __aeabi_dcmpeq
                0x0000000008000aec                __aeabi_dcmplt
                0x0000000008000b00                __aeabi_dcmple
                0x0000000008000b14                __aeabi_dcmpge
                0x0000000008000b28                __aeabi_dcmpgt
 .text          0x0000000008000b3c       0x2c c:/st/stm32cubeide_1.10.1/stm32cubeide/plugins/com.st.stm32cube.ide.mcu.externaltools.gnu-tools-for-stm32.10.3-2021.10.win32_1.0.100.202210260954/tools/bin/../lib/gcc/arm-none-eabi/10.3.1/thumb/v7e-m+fp/hard\libgcc.a(_arm_unorddf2.o)
                0x0000000008000b3c                __unorddf2
                0x0000000008000b3c                __aeabi_dcmpun
 .text          0x0000000008000b68       0x50 c:/st/stm32cubeide_1.10.1/stm32cubeide/plugins/com.st.stm32cube.ide.mcu.externaltools.gnu-tools-for-stm32.10.3-2021.10.win32_1.0.100.202210260954/tools/bin/../lib/gcc/arm-none-eabi/10.3.1/thumb/v7e-m+fp/hard\libgcc.a(_arm_fixdfsi.o)
                0x0000000008000b68                __aeabi_d2iz
                0x0000000008000b68                __fixdfsi
 .text          0x0000000008000bb8       0xa0 c:/st/stm32cubeide_1.10.1/stm32cubeide/plugins/com.st.stm32cube.ide.mcu.externaltools.gnu-tools-for-stm32.10.3-2021.10.win32_1.0.100.202210260954/tools/bin/../lib/gcc/arm-none-eabi/10.3.1/thumb/v7e-m+fp/hard\libgcc.a(_arm_truncdfsf2.o)
                0x0000000008000bb8                __truncdfsf2
                0x0000000008000bb8                __aeabi_d2f
 *(.text*)
 .text.add_char
                0x0000000008000c58       0x68 ./Core/Src/csv.o
 .text.create_field
                0x0000000008000cc0       0x34 ./Core/Src/csv.o
 .text.destroy_field
                0x0000000008000cf4       0x32 ./Core/Src/csv.o
 .text.set_field
                0x0000000008000d26       0x50 ./Core/Src/csv.o
 .text.read_next_field
                0x0000000008000d76      0x238 ./Core/Src/csv.o
 .text.append_field
                0x0000000008000fae       0x90 ./Core/Src/csv.o
 .text.append_row
                0x000000000800103e       0x9a ./Core/Src/csv.o
 .text.csv_create_buffer
                0x00000000080010d8       0x3e ./Core/Src/csv.o
                0x00000000080010d8                csv_create_buffer
 .text.csv_destroy_buffer
                0x0000000008001116       0xa8 ./Core/Src/csv.o
                0x0000000008001116                csv_destroy_buffer
 .text.csv_load
                0x00000000080011be       0xdc ./Core/Src/csv.o
                0x00000000080011be                csv_load
 .text.csv_save
                0x000000000800129a      0x1da ./Core/Src/csv.o
                0x000000000800129a                csv_save
 .text.csv_set_field
                0x0000000008001474       0x6c ./Core/Src/csv.o
                0x0000000008001474                csv_set_field
 .text.SELECT   0x00000000080014e0       0x18 ./Core/Src/fatfs_sd.o
 .text.DESELECT
                0x00000000080014f8       0x18 ./Core/Src/fatfs_sd.o
 .text.SPI_TxByte
                0x0000000008001510       0x34 ./Core/Src/fatfs_sd.o
 .text.SPI_TxBuffer
                0x0000000008001544       0x34 ./Core/Src/fatfs_sd.o
 .text.SPI_RxByte
                0x0000000008001578       0x38 ./Core/Src/fatfs_sd.o
 .text.SPI_RxBytePtr
                0x00000000080015b0       0x1c ./Core/Src/fatfs_sd.o
 .text.SD_ReadyWait
                0x00000000080015cc       0x40 ./Core/Src/fatfs_sd.o
 .text.SD_PowerOn
                0x000000000800160c       0x84 ./Core/Src/fatfs_sd.o
 .text.SD_PowerOff
                0x0000000008001690       0x18 ./Core/Src/fatfs_sd.o
 .text.SD_CheckPower
                0x00000000080016a8       0x18 ./Core/Src/fatfs_sd.o
 .text.SD_RxDataBlock
                0x00000000080016c0       0x68 ./Core/Src/fatfs_sd.o
 .text.SD_TxDataBlock
                0x0000000008001728       0x86 ./Core/Src/fatfs_sd.o
 .text.SD_SendCmd
                0x00000000080017ae       0xa8 ./Core/Src/fatfs_sd.o
 *fill*         0x0000000008001856        0x2 
 .text.SD_disk_initialize
                0x0000000008001858      0x1e8 ./Core/Src/fatfs_sd.o
                0x0000000008001858                SD_disk_initialize
 .text.SD_disk_status
                0x0000000008001a40       0x2c ./Core/Src/fatfs_sd.o
                0x0000000008001a40                SD_disk_status
 .text.SD_disk_read
                0x0000000008001a6c       0xd4 ./Core/Src/fatfs_sd.o
                0x0000000008001a6c                SD_disk_read
 .text.SD_disk_write
                0x0000000008001b40      0x108 ./Core/Src/fatfs_sd.o
                0x0000000008001b40                SD_disk_write
 .text.SD_disk_ioctl
                0x0000000008001c48      0x258 ./Core/Src/fatfs_sd.o
                0x0000000008001c48                SD_disk_ioctl
 .text.vApplicationStackOverflowHook
                0x0000000008001ea0       0x1a ./Core/Src/freertos.o
                0x0000000008001ea0                vApplicationStackOverflowHook
 *fill*         0x0000000008001eba        0x2 
 .text.main     0x0000000008001ebc      0x214 ./Core/Src/main.o
                0x0000000008001ebc                main
 .text.SystemClock_Config
                0x00000000080020d0       0xd0 ./Core/Src/main.o
                0x00000000080020d0                SystemClock_Config
 .text.MX_CAN_Init
                0x00000000080021a0       0x70 ./Core/Src/main.o
 .text.MX_I2C3_Init
                0x0000000008002210       0x7c ./Core/Src/main.o
 .text.MX_SPI1_Init
                0x000000000800228c       0x7c ./Core/Src/main.o
 .text.MX_USART2_UART_Init
                0x0000000008002308       0x60 ./Core/Src/main.o
 .text.MX_GPIO_Init
                0x0000000008002368       0xac ./Core/Src/main.o
 .text.myprintf
                0x0000000008002414       0x58 ./Core/Src/main.o
                0x0000000008002414                myprintf
 .text.printCANMessage
                0x000000000800246c       0x64 ./Core/Src/main.o
                0x000000000800246c                printCANMessage
 .text.print_buffer
                0x00000000080024d0       0x94 ./Core/Src/main.o
                0x00000000080024d0                print_buffer
 .text.ftstr    0x0000000008002564       0x90 ./Core/Src/main.o
                0x0000000008002564                ftstr
 .text.StartDefaultTask
                0x00000000080025f4       0x64 ./Core/Src/main.o
                0x00000000080025f4                StartDefaultTask
 .text.StartSDCardSaveTask
                0x0000000008002658      0x450 ./Core/Src/main.o
                0x0000000008002658                StartSDCardSaveTask
 .text.StartGetData1
                0x0000000008002aa8      0x144 ./Core/Src/main.o
                0x0000000008002aa8                StartGetData1
 .text.StartGetData2
                0x0000000008002bec       0x1c ./Core/Src/main.o
                0x0000000008002bec                StartGetData2
 .text.StartReadCAN
                0x0000000008002c08       0x58 ./Core/Src/main.o
                0x0000000008002c08                StartReadCAN
 .text.StartGetAccelTask
                0x0000000008002c60      0x28c ./Core/Src/main.o
                0x0000000008002c60                StartGetAccelTask
 .text.HAL_TIM_PeriodElapsedCallback
                0x0000000008002eec       0x24 ./Core/Src/main.o
                0x0000000008002eec                HAL_TIM_PeriodElapsedCallback
 .text.Error_Handler
                0x0000000008002f10       0x14 ./Core/Src/main.o
                0x0000000008002f10                Error_Handler
 .text.MPU6050_Init
                0x0000000008002f24       0xae ./Core/Src/mpu6050.o
                0x0000000008002f24                MPU6050_Init
 *fill*         0x0000000008002fd2        0x6 
 .text.MPU6050_Read_All
                0x0000000008002fd8      0x3d4 ./Core/Src/mpu6050.o
                0x0000000008002fd8                MPU6050_Read_All
 .text.Kalman_getAngle
                0x00000000080033ac      0x2b6 ./Core/Src/mpu6050.o
                0x00000000080033ac                Kalman_getAngle
 *fill*         0x0000000008003662        0x2 
 .text.HAL_MspInit
                0x0000000008003664       0x50 ./Core/Src/stm32f3xx_hal_msp.o
                0x0000000008003664                HAL_MspInit
 .text.HAL_CAN_MspInit
                0x00000000080036b4       0x88 ./Core/Src/stm32f3xx_hal_msp.o
                0x00000000080036b4                HAL_CAN_MspInit
 .text.HAL_I2C_MspInit
                0x000000000800373c       0xc4 ./Core/Src/stm32f3xx_hal_msp.o
                0x000000000800373c                HAL_I2C_MspInit
 .text.HAL_SPI_MspInit
                0x0000000008003800       0x84 ./Core/Src/stm32f3xx_hal_msp.o
                0x0000000008003800                HAL_SPI_MspInit
 .text.HAL_UART_MspInit
                0x0000000008003884       0x84 ./Core/Src/stm32f3xx_hal_msp.o
                0x0000000008003884                HAL_UART_MspInit
 .text.HAL_InitTick
                0x0000000008003908       0xf4 ./Core/Src/stm32f3xx_hal_timebase_tim.o
                0x0000000008003908                HAL_InitTick
 .text.NMI_Handler
                0x00000000080039fc        0xa ./Core/Src/stm32f3xx_it.o
                0x00000000080039fc                NMI_Handler
 .text.HardFault_Handler
                0x0000000008003a06        0x6 ./Core/Src/stm32f3xx_it.o
                0x0000000008003a06                HardFault_Handler
 .text.MemManage_Handler
                0x0000000008003a0c        0x6 ./Core/Src/stm32f3xx_it.o
                0x0000000008003a0c                MemManage_Handler
 .text.BusFault_Handler
                0x0000000008003a12        0x6 ./Core/Src/stm32f3xx_it.o
                0x0000000008003a12                BusFault_Handler
 .text.UsageFault_Handler
                0x0000000008003a18        0x6 ./Core/Src/stm32f3xx_it.o
                0x0000000008003a18                UsageFault_Handler
 .text.DebugMon_Handler
                0x0000000008003a1e        0xe ./Core/Src/stm32f3xx_it.o
                0x0000000008003a1e                DebugMon_Handler
 .text.TIM6_DAC_IRQHandler
                0x0000000008003a2c       0x14 ./Core/Src/stm32f3xx_it.o
                0x0000000008003a2c                TIM6_DAC_IRQHandler
 .text._sbrk    0x0000000008003a40       0x6c ./Core/Src/sysmem.o
                0x0000000008003a40                _sbrk
 .text.SystemInit
                0x0000000008003aac       0x24 ./Core/Src/system_stm32f3xx.o
                0x0000000008003aac                SystemInit
 .text.Reset_Handler
                0x0000000008003ad0       0x50 ./Core/Startup/startup_stm32f303retx.o
                0x0000000008003ad0                Reset_Handler
 .text.Default_Handler
                0x0000000008003b20        0x2 ./Core/Startup/startup_stm32f303retx.o
                0x0000000008003b20                RTC_Alarm_IRQHandler
                0x0000000008003b20                TIM8_TRG_COM_IRQHandler
                0x0000000008003b20                TIM8_CC_IRQHandler
                0x0000000008003b20                SPI4_IRQHandler
                0x0000000008003b20                TIM1_CC_IRQHandler
                0x0000000008003b20                USB_HP_IRQHandler
                0x0000000008003b20                PVD_IRQHandler
                0x0000000008003b20                TAMP_STAMP_IRQHandler
                0x0000000008003b20                EXTI3_IRQHandler
                0x0000000008003b20                I2C3_ER_IRQHandler
                0x0000000008003b20                USB_HP_CAN_TX_IRQHandler
                0x0000000008003b20                EXTI0_IRQHandler
                0x0000000008003b20                I2C2_EV_IRQHandler
                0x0000000008003b20                FPU_IRQHandler
                0x0000000008003b20                TIM1_UP_TIM16_IRQHandler
                0x0000000008003b20                ADC1_2_IRQHandler
                0x0000000008003b20                SPI1_IRQHandler
                0x0000000008003b20                CAN_SCE_IRQHandler
                0x0000000008003b20                TIM8_UP_IRQHandler
                0x0000000008003b20                DMA2_Channel2_IRQHandler
                0x0000000008003b20                DMA1_Channel4_IRQHandler
                0x0000000008003b20                TIM20_TRG_COM_IRQHandler
                0x0000000008003b20                USART3_IRQHandler
                0x0000000008003b20                DMA1_Channel7_IRQHandler
                0x0000000008003b20                UART5_IRQHandler
                0x0000000008003b20                ADC3_IRQHandler
                0x0000000008003b20                TIM4_IRQHandler
                0x0000000008003b20                CAN_RX1_IRQHandler
                0x0000000008003b20                DMA2_Channel1_IRQHandler
                0x0000000008003b20                I2C1_EV_IRQHandler
                0x0000000008003b20                DMA1_Channel6_IRQHandler
                0x0000000008003b20                UART4_IRQHandler
                0x0000000008003b20                DMA2_Channel4_IRQHandler
                0x0000000008003b20                TIM3_IRQHandler
                0x0000000008003b20                RCC_IRQHandler
                0x0000000008003b20                TIM20_UP_IRQHandler
                0x0000000008003b20                DMA1_Channel1_IRQHandler
                0x0000000008003b20                Default_Handler
                0x0000000008003b20                USBWakeUp_RMP_IRQHandler
                0x0000000008003b20                EXTI15_10_IRQHandler
                0x0000000008003b20                TIM7_IRQHandler
                0x0000000008003b20                I2C3_EV_IRQHandler
                0x0000000008003b20                EXTI9_5_IRQHandler
                0x0000000008003b20                RTC_WKUP_IRQHandler
                0x0000000008003b20                SPI2_IRQHandler
                0x0000000008003b20                USB_LP_CAN_RX0_IRQHandler
                0x0000000008003b20                DMA2_Channel5_IRQHandler
                0x0000000008003b20                DMA1_Channel5_IRQHandler
                0x0000000008003b20                USB_LP_IRQHandler
                0x0000000008003b20                EXTI4_IRQHandler
                0x0000000008003b20                TIM1_TRG_COM_TIM17_IRQHandler
                0x0000000008003b20                DMA1_Channel3_IRQHandler
                0x0000000008003b20                ADC4_IRQHandler
                0x0000000008003b20                WWDG_IRQHandler
                0x0000000008003b20                TIM2_IRQHandler
                0x0000000008003b20                COMP7_IRQHandler
                0x0000000008003b20                COMP1_2_3_IRQHandler
                0x0000000008003b20                EXTI1_IRQHandler
                0x0000000008003b20                USART2_IRQHandler
                0x0000000008003b20                COMP4_5_6_IRQHandler
                0x0000000008003b20                TIM20_BRK_IRQHandler
                0x0000000008003b20                I2C2_ER_IRQHandler
                0x0000000008003b20                DMA1_Channel2_IRQHandler
                0x0000000008003b20                TIM8_BRK_IRQHandler
                0x0000000008003b20                FLASH_IRQHandler
                0x0000000008003b20                TIM20_CC_IRQHandler
                0x0000000008003b20                USART1_IRQHandler
                0x0000000008003b20                SPI3_IRQHandler
                0x0000000008003b20                I2C1_ER_IRQHandler
                0x0000000008003b20                FMC_IRQHandler
                0x0000000008003b20                USBWakeUp_IRQHandler
                0x0000000008003b20                DMA2_Channel3_IRQHandler
                0x0000000008003b20                EXTI2_TSC_IRQHandler
                0x0000000008003b20                TIM1_BRK_TIM15_IRQHandler
 *fill*         0x0000000008003b22        0x2 
 .text.HAL_Init
                0x0000000008003b24       0x2c ./Drivers/STM32F3xx_HAL_Driver/Src/stm32f3xx_hal.o
                0x0000000008003b24                HAL_Init
 .text.HAL_IncTick
                0x0000000008003b50       0x28 ./Drivers/STM32F3xx_HAL_Driver/Src/stm32f3xx_hal.o
                0x0000000008003b50                HAL_IncTick
 .text.HAL_GetTick
                0x0000000008003b78       0x18 ./Drivers/STM32F3xx_HAL_Driver/Src/stm32f3xx_hal.o
                0x0000000008003b78                HAL_GetTick
 .text.HAL_CAN_Init
                0x0000000008003b90      0x1f6 ./Drivers/STM32F3xx_HAL_Driver/Src/stm32f3xx_hal_can.o
                0x0000000008003b90                HAL_CAN_Init
 .text.HAL_CAN_ConfigFilter
                0x0000000008003d86      0x194 ./Drivers/STM32F3xx_HAL_Driver/Src/stm32f3xx_hal_can.o
                0x0000000008003d86                HAL_CAN_ConfigFilter
 .text.HAL_CAN_Start
                0x0000000008003f1a       0x88 ./Drivers/STM32F3xx_HAL_Driver/Src/stm32f3xx_hal_can.o
                0x0000000008003f1a                HAL_CAN_Start
 .text.HAL_CAN_AddTxMessage
                0x0000000008003fa2      0x1b6 ./Drivers/STM32F3xx_HAL_Driver/Src/stm32f3xx_hal_can.o
                0x0000000008003fa2                HAL_CAN_AddTxMessage
 .text.HAL_CAN_GetTxMailboxesFreeLevel
                0x0000000008004158       0x6a ./Drivers/STM32F3xx_HAL_Driver/Src/stm32f3xx_hal_can.o
                0x0000000008004158                HAL_CAN_GetTxMailboxesFreeLevel
 .text.HAL_CAN_GetRxMessage
                0x00000000080041c2      0x224 ./Drivers/STM32F3xx_HAL_Driver/Src/stm32f3xx_hal_can.o
                0x00000000080041c2                HAL_CAN_GetRxMessage
 .text.HAL_CAN_GetRxFifoFillLevel
                0x00000000080043e6       0x50 ./Drivers/STM32F3xx_HAL_Driver/Src/stm32f3xx_hal_can.o
                0x00000000080043e6                HAL_CAN_GetRxFifoFillLevel
 .text.HAL_CAN_ActivateNotification
                0x0000000008004436       0x4c ./Drivers/STM32F3xx_HAL_Driver/Src/stm32f3xx_hal_can.o
                0x0000000008004436                HAL_CAN_ActivateNotification
 *fill*         0x0000000008004482        0x2 
 .text.__NVIC_SetPriorityGrouping
                0x0000000008004484       0x48 ./Drivers/STM32F3xx_HAL_Driver/Src/stm32f3xx_hal_cortex.o
 .text.__NVIC_GetPriorityGrouping
                0x00000000080044cc       0x1c ./Drivers/STM32F3xx_HAL_Driver/Src/stm32f3xx_hal_cortex.o
 .text.__NVIC_EnableIRQ
                0x00000000080044e8       0x3c ./Drivers/STM32F3xx_HAL_Driver/Src/stm32f3xx_hal_cortex.o
 .text.__NVIC_SetPriority
                0x0000000008004524       0x54 ./Drivers/STM32F3xx_HAL_Driver/Src/stm32f3xx_hal_cortex.o
 .text.NVIC_EncodePriority
                0x0000000008004578       0x66 ./Drivers/STM32F3xx_HAL_Driver/Src/stm32f3xx_hal_cortex.o
 .text.HAL_NVIC_SetPriorityGrouping
                0x00000000080045de       0x16 ./Drivers/STM32F3xx_HAL_Driver/Src/stm32f3xx_hal_cortex.o
                0x00000000080045de                HAL_NVIC_SetPriorityGrouping
 .text.HAL_NVIC_SetPriority
                0x00000000080045f4       0x38 ./Drivers/STM32F3xx_HAL_Driver/Src/stm32f3xx_hal_cortex.o
                0x00000000080045f4                HAL_NVIC_SetPriority
 .text.HAL_NVIC_EnableIRQ
                0x000000000800462c       0x1c ./Drivers/STM32F3xx_HAL_Driver/Src/stm32f3xx_hal_cortex.o
                0x000000000800462c                HAL_NVIC_EnableIRQ
 .text.HAL_GPIO_Init
                0x0000000008004648      0x314 ./Drivers/STM32F3xx_HAL_Driver/Src/stm32f3xx_hal_gpio.o
                0x0000000008004648                HAL_GPIO_Init
 .text.HAL_GPIO_WritePin
                0x000000000800495c       0x30 ./Drivers/STM32F3xx_HAL_Driver/Src/stm32f3xx_hal_gpio.o
                0x000000000800495c                HAL_GPIO_WritePin
 .text.HAL_I2C_Init
                0x000000000800498c      0x11e ./Drivers/STM32F3xx_HAL_Driver/Src/stm32f3xx_hal_i2c.o
                0x000000000800498c                HAL_I2C_Init
 *fill*         0x0000000008004aaa        0x2 
 .text.HAL_I2C_Mem_Write
                0x0000000008004aac      0x228 ./Drivers/STM32F3xx_HAL_Driver/Src/stm32f3xx_hal_i2c.o
                0x0000000008004aac                HAL_I2C_Mem_Write
 .text.HAL_I2C_Mem_Read
                0x0000000008004cd4      0x234 ./Drivers/STM32F3xx_HAL_Driver/Src/stm32f3xx_hal_i2c.o
                0x0000000008004cd4                HAL_I2C_Mem_Read
 .text.I2C_RequestMemoryWrite
                0x0000000008004f08       0xa8 ./Drivers/STM32F3xx_HAL_Driver/Src/stm32f3xx_hal_i2c.o
 .text.I2C_RequestMemoryRead
                0x0000000008004fb0       0xa8 ./Drivers/STM32F3xx_HAL_Driver/Src/stm32f3xx_hal_i2c.o
 .text.I2C_Flush_TXDR
                0x0000000008005058       0x48 ./Drivers/STM32F3xx_HAL_Driver/Src/stm32f3xx_hal_i2c.o
 .text.I2C_WaitOnFlagUntilTimeout
                0x00000000080050a0       0x80 ./Drivers/STM32F3xx_HAL_Driver/Src/stm32f3xx_hal_i2c.o
 .text.I2C_WaitOnTXISFlagUntilTimeout
                0x0000000008005120       0x80 ./Drivers/STM32F3xx_HAL_Driver/Src/stm32f3xx_hal_i2c.o
 .text.I2C_WaitOnSTOPFlagUntilTimeout
                0x00000000080051a0       0x78 ./Drivers/STM32F3xx_HAL_Driver/Src/stm32f3xx_hal_i2c.o
 .text.I2C_IsAcknowledgeFailed
                0x0000000008005218       0xec ./Drivers/STM32F3xx_HAL_Driver/Src/stm32f3xx_hal_i2c.o
 .text.I2C_TransferConfig
                0x0000000008005304       0x5c ./Drivers/STM32F3xx_HAL_Driver/Src/stm32f3xx_hal_i2c.o
 .text.HAL_I2CEx_ConfigAnalogFilter
                0x0000000008005360       0x96 ./Drivers/STM32F3xx_HAL_Driver/Src/stm32f3xx_hal_i2c_ex.o
                0x0000000008005360                HAL_I2CEx_ConfigAnalogFilter
 .text.HAL_I2CEx_ConfigDigitalFilter
                0x00000000080053f6       0x98 ./Drivers/STM32F3xx_HAL_Driver/Src/stm32f3xx_hal_i2c_ex.o
                0x00000000080053f6                HAL_I2CEx_ConfigDigitalFilter
 *fill*         0x000000000800548e        0x2 
 .text.HAL_RCC_OscConfig
                0x0000000008005490     0x10a8 ./Drivers/STM32F3xx_HAL_Driver/Src/stm32f3xx_hal_rcc.o
                0x0000000008005490                HAL_RCC_OscConfig
 .text.HAL_RCC_ClockConfig
                0x0000000008006538      0x2f8 ./Drivers/STM32F3xx_HAL_Driver/Src/stm32f3xx_hal_rcc.o
                0x0000000008006538                HAL_RCC_ClockConfig
 .text.HAL_RCC_EnableCSS
                0x0000000008006830       0x38 ./Drivers/STM32F3xx_HAL_Driver/Src/stm32f3xx_hal_rcc.o
                0x0000000008006830                HAL_RCC_EnableCSS
 .text.HAL_RCC_GetSysClockFreq
                0x0000000008006868       0xd4 ./Drivers/STM32F3xx_HAL_Driver/Src/stm32f3xx_hal_rcc.o
                0x0000000008006868                HAL_RCC_GetSysClockFreq
 .text.HAL_RCC_GetHCLKFreq
                0x000000000800693c       0x18 ./Drivers/STM32F3xx_HAL_Driver/Src/stm32f3xx_hal_rcc.o
                0x000000000800693c                HAL_RCC_GetHCLKFreq
 .text.HAL_RCC_GetPCLK1Freq
                0x0000000008006954       0x44 ./Drivers/STM32F3xx_HAL_Driver/Src/stm32f3xx_hal_rcc.o
                0x0000000008006954                HAL_RCC_GetPCLK1Freq
 .text.HAL_RCC_GetPCLK2Freq
                0x0000000008006998       0x44 ./Drivers/STM32F3xx_HAL_Driver/Src/stm32f3xx_hal_rcc.o
                0x0000000008006998                HAL_RCC_GetPCLK2Freq
 .text.HAL_RCC_GetClockConfig
                0x00000000080069dc       0x64 ./Drivers/STM32F3xx_HAL_Driver/Src/stm32f3xx_hal_rcc.o
                0x00000000080069dc                HAL_RCC_GetClockConfig
 .text.HAL_RCC_NMI_IRQHandler
                0x0000000008006a40       0x28 ./Drivers/STM32F3xx_HAL_Driver/Src/stm32f3xx_hal_rcc.o
                0x0000000008006a40                HAL_RCC_NMI_IRQHandler
 .text.HAL_RCC_CSSCallback
                0x0000000008006a68        0xe ./Drivers/STM32F3xx_HAL_Driver/Src/stm32f3xx_hal_rcc.o
                0x0000000008006a68                HAL_RCC_CSSCallback
 *fill*         0x0000000008006a76        0x2 
 .text.HAL_RCCEx_PeriphCLKConfig
                0x0000000008006a78      0x43c ./Drivers/STM32F3xx_HAL_Driver/Src/stm32f3xx_hal_rcc_ex.o
                0x0000000008006a78                HAL_RCCEx_PeriphCLKConfig
 .text.HAL_SPI_Init
                0x0000000008006eb4      0x156 ./Drivers/STM32F3xx_HAL_Driver/Src/stm32f3xx_hal_spi.o
                0x0000000008006eb4                HAL_SPI_Init
 .text.HAL_SPI_Transmit
                0x000000000800700a      0x2dc ./Drivers/STM32F3xx_HAL_Driver/Src/stm32f3xx_hal_spi.o
                0x000000000800700a                HAL_SPI_Transmit
 .text.HAL_SPI_TransmitReceive
                0x00000000080072e6      0x426 ./Drivers/STM32F3xx_HAL_Driver/Src/stm32f3xx_hal_spi.o
                0x00000000080072e6                HAL_SPI_TransmitReceive
 .text.SPI_WaitFlagStateUntilTimeout
                0x000000000800770c      0x110 ./Drivers/STM32F3xx_HAL_Driver/Src/stm32f3xx_hal_spi.o
 .text.SPI_WaitFifoStateUntilTimeout
                0x000000000800781c      0x12c ./Drivers/STM32F3xx_HAL_Driver/Src/stm32f3xx_hal_spi.o
 .text.SPI_EndRxTxTransaction
                0x0000000008007948       0x8c ./Drivers/STM32F3xx_HAL_Driver/Src/stm32f3xx_hal_spi.o
 .text.HAL_TIM_Base_Init
                0x00000000080079d4       0xae ./Drivers/STM32F3xx_HAL_Driver/Src/stm32f3xx_hal_tim.o
                0x00000000080079d4                HAL_TIM_Base_Init
 .text.HAL_TIM_Base_MspInit
                0x0000000008007a82       0x14 ./Drivers/STM32F3xx_HAL_Driver/Src/stm32f3xx_hal_tim.o
                0x0000000008007a82                HAL_TIM_Base_MspInit
 *fill*         0x0000000008007a96        0x2 
 .text.HAL_TIM_Base_Start_IT
                0x0000000008007a98       0xe0 ./Drivers/STM32F3xx_HAL_Driver/Src/stm32f3xx_hal_tim.o
                0x0000000008007a98                HAL_TIM_Base_Start_IT
 .text.HAL_TIM_IRQHandler
                0x0000000008007b78      0x23e ./Drivers/STM32F3xx_HAL_Driver/Src/stm32f3xx_hal_tim.o
                0x0000000008007b78                HAL_TIM_IRQHandler
 .text.HAL_TIM_OC_DelayElapsedCallback
                0x0000000008007db6       0x14 ./Drivers/STM32F3xx_HAL_Driver/Src/stm32f3xx_hal_tim.o
                0x0000000008007db6                HAL_TIM_OC_DelayElapsedCallback
 .text.HAL_TIM_IC_CaptureCallback
                0x0000000008007dca       0x14 ./Drivers/STM32F3xx_HAL_Driver/Src/stm32f3xx_hal_tim.o
                0x0000000008007dca                HAL_TIM_IC_CaptureCallback
 .text.HAL_TIM_PWM_PulseFinishedCallback
                0x0000000008007dde       0x14 ./Drivers/STM32F3xx_HAL_Driver/Src/stm32f3xx_hal_tim.o
                0x0000000008007dde                HAL_TIM_PWM_PulseFinishedCallback
 .text.HAL_TIM_TriggerCallback
                0x0000000008007df2       0x14 ./Drivers/STM32F3xx_HAL_Driver/Src/stm32f3xx_hal_tim.o
                0x0000000008007df2                HAL_TIM_TriggerCallback
 *fill*         0x0000000008007e06        0x2 
 .text.TIM_Base_SetConfig
                0x0000000008007e08      0x13c ./Drivers/STM32F3xx_HAL_Driver/Src/stm32f3xx_hal_tim.o
                0x0000000008007e08                TIM_Base_SetConfig
 .text.HAL_TIMEx_CommutCallback
                0x0000000008007f44       0x14 ./Drivers/STM32F3xx_HAL_Driver/Src/stm32f3xx_hal_tim_ex.o
                0x0000000008007f44                HAL_TIMEx_CommutCallback
 .text.HAL_TIMEx_BreakCallback
                0x0000000008007f58       0x14 ./Drivers/STM32F3xx_HAL_Driver/Src/stm32f3xx_hal_tim_ex.o
                0x0000000008007f58                HAL_TIMEx_BreakCallback
 .text.HAL_TIMEx_Break2Callback
                0x0000000008007f6c       0x14 ./Drivers/STM32F3xx_HAL_Driver/Src/stm32f3xx_hal_tim_ex.o
                0x0000000008007f6c                HAL_TIMEx_Break2Callback
 .text.HAL_UART_Init
                0x0000000008007f80       0x9c ./Drivers/STM32F3xx_HAL_Driver/Src/stm32f3xx_hal_uart.o
                0x0000000008007f80                HAL_UART_Init
 .text.HAL_UART_Transmit
                0x000000000800801c      0x128 ./Drivers/STM32F3xx_HAL_Driver/Src/stm32f3xx_hal_uart.o
                0x000000000800801c                HAL_UART_Transmit
 .text.UART_SetConfig
                0x0000000008008144      0x3ac ./Drivers/STM32F3xx_HAL_Driver/Src/stm32f3xx_hal_uart.o
                0x0000000008008144                UART_SetConfig
 .text.UART_AdvFeatureConfig
                0x00000000080084f0      0x144 ./Drivers/STM32F3xx_HAL_Driver/Src/stm32f3xx_hal_uart.o
                0x00000000080084f0                UART_AdvFeatureConfig
 .text.UART_CheckIdleState
                0x0000000008008634       0x92 ./Drivers/STM32F3xx_HAL_Driver/Src/stm32f3xx_hal_uart.o
                0x0000000008008634                UART_CheckIdleState
 .text.UART_WaitOnFlagUntilTimeout
                0x00000000080086c6      0x188 ./Drivers/STM32F3xx_HAL_Driver/Src/stm32f3xx_hal_uart.o
                0x00000000080086c6                UART_WaitOnFlagUntilTimeout
 *fill*         0x000000000800884e        0x2 
 .text.MX_FATFS_Init
                0x0000000008008850       0x24 ./FATFS/App/fatfs.o
                0x0000000008008850                MX_FATFS_Init
 .text.get_fattime
                0x0000000008008874       0x10 ./FATFS/App/fatfs.o
                0x0000000008008874                get_fattime
 .text.USER_initialize
                0x0000000008008884       0x1c ./FATFS/Target/user_diskio.o
                0x0000000008008884                USER_initialize
 .text.USER_status
                0x00000000080088a0       0x1c ./FATFS/Target/user_diskio.o
                0x00000000080088a0                USER_status
 .text.USER_read
                0x00000000080088bc       0x26 ./FATFS/Target/user_diskio.o
                0x00000000080088bc                USER_read
 .text.USER_write
                0x00000000080088e2       0x26 ./FATFS/Target/user_diskio.o
                0x00000000080088e2                USER_write
 .text.USER_ioctl
                0x0000000008008908       0x26 ./FATFS/Target/user_diskio.o
                0x0000000008008908                USER_ioctl
 *fill*         0x000000000800892e        0x2 
 .text.disk_status
                0x0000000008008930       0x34 ./Middlewares/Third_Party/FatFs/src/diskio.o
                0x0000000008008930                disk_status
 .text.disk_initialize
                0x0000000008008964       0x4c ./Middlewares/Third_Party/FatFs/src/diskio.o
                0x0000000008008964                disk_initialize
 .text.disk_read
                0x00000000080089b0       0x40 ./Middlewares/Third_Party/FatFs/src/diskio.o
                0x00000000080089b0                disk_read
 .text.disk_write
                0x00000000080089f0       0x40 ./Middlewares/Third_Party/FatFs/src/diskio.o
                0x00000000080089f0                disk_write
 .text.disk_ioctl
                0x0000000008008a30       0x3c ./Middlewares/Third_Party/FatFs/src/diskio.o
                0x0000000008008a30                disk_ioctl
 .text.mem_cpy  0x0000000008008a6c       0x3e ./Middlewares/Third_Party/FatFs/src/ff.o
 .text.mem_set  0x0000000008008aaa       0x36 ./Middlewares/Third_Party/FatFs/src/ff.o
 .text.mem_cmp  0x0000000008008ae0       0x4e ./Middlewares/Third_Party/FatFs/src/ff.o
 .text.chk_chr  0x0000000008008b2e       0x36 ./Middlewares/Third_Party/FatFs/src/ff.o
 .text.lock_fs  0x0000000008008b64       0x20 ./Middlewares/Third_Party/FatFs/src/ff.o
 .text.unlock_fs
                0x0000000008008b84       0x40 ./Middlewares/Third_Party/FatFs/src/ff.o
 .text.chk_lock
                0x0000000008008bc4       0xe0 ./Middlewares/Third_Party/FatFs/src/ff.o
 .text.enq_lock
                0x0000000008008ca4       0x48 ./Middlewares/Third_Party/FatFs/src/ff.o
 .text.inc_lock
                0x0000000008008cec      0x17c ./Middlewares/Third_Party/FatFs/src/ff.o
 .text.dec_lock
                0x0000000008008e68       0x88 ./Middlewares/Third_Party/FatFs/src/ff.o
 .text.clear_lock
                0x0000000008008ef0       0x54 ./Middlewares/Third_Party/FatFs/src/ff.o
 .text.sync_window
                0x0000000008008f44       0xa4 ./Middlewares/Third_Party/FatFs/src/ff.o
 .text.move_window
                0x0000000008008fe8       0x64 ./Middlewares/Third_Party/FatFs/src/ff.o
 .text.sync_fs  0x000000000800904c      0x17e ./Middlewares/Third_Party/FatFs/src/ff.o
 .text.clust2sect
                0x00000000080091ca       0x4a ./Middlewares/Third_Party/FatFs/src/ff.o
                0x00000000080091ca                clust2sect
 .text.get_fat  0x0000000008009214      0x1f8 ./Middlewares/Third_Party/FatFs/src/ff.o
                0x0000000008009214                get_fat
 .text.put_fat  0x000000000800940c      0x2a6 ./Middlewares/Third_Party/FatFs/src/ff.o
                0x000000000800940c                put_fat
 .text.remove_chain
                0x00000000080096b2       0xc2 ./Middlewares/Third_Party/FatFs/src/ff.o
 .text.create_chain
                0x0000000008009774      0x150 ./Middlewares/Third_Party/FatFs/src/ff.o
 .text.clmt_clust
                0x00000000080098c4       0x82 ./Middlewares/Third_Party/FatFs/src/ff.o
 .text.dir_sdi  0x0000000008009946      0x19c ./Middlewares/Third_Party/FatFs/src/ff.o
 .text.dir_next
                0x0000000008009ae2      0x294 ./Middlewares/Third_Party/FatFs/src/ff.o
 .text.dir_alloc
                0x0000000008009d76       0x9c ./Middlewares/Third_Party/FatFs/src/ff.o
 .text.ld_clust
                0x0000000008009e12       0x5e ./Middlewares/Third_Party/FatFs/src/ff.o
 .text.st_clust
                0x0000000008009e70       0x4e ./Middlewares/Third_Party/FatFs/src/ff.o
 .text.dir_find
                0x0000000008009ebe       0xa6 ./Middlewares/Third_Party/FatFs/src/ff.o
 .text.dir_register
                0x0000000008009f64       0x80 ./Middlewares/Third_Party/FatFs/src/ff.o
 .text.get_fileinfo
                0x0000000008009fe4       0xe6 ./Middlewares/Third_Party/FatFs/src/ff.o
 *fill*         0x000000000800a0ca        0x2 
 .text.create_name
                0x000000000800a0cc      0x184 ./Middlewares/Third_Party/FatFs/src/ff.o
 .text.follow_path
                0x000000000800a250       0xec ./Middlewares/Third_Party/FatFs/src/ff.o
 .text.get_ldnumber
                0x000000000800a33c       0x88 ./Middlewares/Third_Party/FatFs/src/ff.o
 .text.check_fs
                0x000000000800a3c4       0xdc ./Middlewares/Third_Party/FatFs/src/ff.o
 .text.find_volume
                0x000000000800a4a0      0x674 ./Middlewares/Third_Party/FatFs/src/ff.o
 .text.validate
                0x000000000800ab14       0x8e ./Middlewares/Third_Party/FatFs/src/ff.o
 *fill*         0x000000000800aba2        0x2 
 .text.f_mount  0x000000000800aba4       0xd8 ./Middlewares/Third_Party/FatFs/src/ff.o
                0x000000000800aba4                f_mount
 .text.f_open   0x000000000800ac7c      0x626 ./Middlewares/Third_Party/FatFs/src/ff.o
                0x000000000800ac7c                f_open
 .text.f_read   0x000000000800b2a2      0x47a ./Middlewares/Third_Party/FatFs/src/ff.o
                0x000000000800b2a2                f_read
 .text.f_write  0x000000000800b71c      0x51c ./Middlewares/Third_Party/FatFs/src/ff.o
                0x000000000800b71c                f_write
 .text.f_sync   0x000000000800bc38      0x1be ./Middlewares/Third_Party/FatFs/src/ff.o
                0x000000000800bc38                f_sync
 .text.f_close  0x000000000800bdf6       0x68 ./Middlewares/Third_Party/FatFs/src/ff.o
                0x000000000800bdf6                f_close
 .text.f_lseek  0x000000000800be5e      0x6e2 ./Middlewares/Third_Party/FatFs/src/ff.o
                0x000000000800be5e                f_lseek
 .text.f_stat   0x000000000800c540       0xf8 ./Middlewares/Third_Party/FatFs/src/ff.o
                0x000000000800c540                f_stat
 .text.f_truncate
                0x000000000800c638      0x1c8 ./Middlewares/Third_Party/FatFs/src/ff.o
                0x000000000800c638                f_truncate
 .text.FATFS_LinkDriverEx
                0x000000000800c800       0x98 ./Middlewares/Third_Party/FatFs/src/ff_gen_drv.o
                0x000000000800c800                FATFS_LinkDriverEx
 .text.FATFS_LinkDriver
                0x000000000800c898       0x1e ./Middlewares/Third_Party/FatFs/src/ff_gen_drv.o
                0x000000000800c898                FATFS_LinkDriver
 .text.ff_cre_syncobj
                0x000000000800c8b6       0x3c ./Middlewares/Third_Party/FatFs/src/option/syscall.o
                0x000000000800c8b6                ff_cre_syncobj
 .text.ff_del_syncobj
                0x000000000800c8f2       0x18 ./Middlewares/Third_Party/FatFs/src/option/syscall.o
                0x000000000800c8f2                ff_del_syncobj
 .text.ff_req_grant
                0x000000000800c90a       0x2a ./Middlewares/Third_Party/FatFs/src/option/syscall.o
                0x000000000800c90a                ff_req_grant
 .text.ff_rel_grant
                0x000000000800c934       0x16 ./Middlewares/Third_Party/FatFs/src/option/syscall.o
                0x000000000800c934                ff_rel_grant
 .text.makeFreeRtosPriority
                0x000000000800c94a       0x30 ./Middlewares/Third_Party/FreeRTOS/Source/CMSIS_RTOS/cmsis_os.o
 .text.inHandlerMode
                0x000000000800c97a       0x24 ./Middlewares/Third_Party/FreeRTOS/Source/CMSIS_RTOS/cmsis_os.o
 .text.osKernelStart
                0x000000000800c99e        0xe ./Middlewares/Third_Party/FreeRTOS/Source/CMSIS_RTOS/cmsis_os.o
                0x000000000800c99e                osKernelStart
 .text.osThreadCreate
                0x000000000800c9ac       0x4e ./Middlewares/Third_Party/FreeRTOS/Source/CMSIS_RTOS/cmsis_os.o
                0x000000000800c9ac                osThreadCreate
 .text.osDelay  0x000000000800c9fa       0x28 ./Middlewares/Third_Party/FreeRTOS/Source/CMSIS_RTOS/cmsis_os.o
                0x000000000800c9fa                osDelay
 .text.osMutexCreate
                0x000000000800ca22       0x18 ./Middlewares/Third_Party/FreeRTOS/Source/CMSIS_RTOS/cmsis_os.o
                0x000000000800ca22                osMutexCreate
 .text.osSemaphoreCreate
                0x000000000800ca3a       0x3c ./Middlewares/Third_Party/FreeRTOS/Source/CMSIS_RTOS/cmsis_os.o
                0x000000000800ca3a                osSemaphoreCreate
 *fill*         0x000000000800ca76        0x2 
 .text.osSemaphoreWait
                0x000000000800ca78       0x9c ./Middlewares/Third_Party/FreeRTOS/Source/CMSIS_RTOS/cmsis_os.o
                0x000000000800ca78                osSemaphoreWait
 .text.osSemaphoreRelease
                0x000000000800cb14       0x6c ./Middlewares/Third_Party/FreeRTOS/Source/CMSIS_RTOS/cmsis_os.o
                0x000000000800cb14                osSemaphoreRelease
 .text.osSemaphoreDelete
                0x000000000800cb80       0x26 ./Middlewares/Third_Party/FreeRTOS/Source/CMSIS_RTOS/cmsis_os.o
                0x000000000800cb80                osSemaphoreDelete
 .text.osThreadSuspend
                0x000000000800cba6       0x18 ./Middlewares/Third_Party/FreeRTOS/Source/CMSIS_RTOS/cmsis_os.o
                0x000000000800cba6                osThreadSuspend
 *fill*         0x000000000800cbbe        0x2 
 .text.osThreadResume
                0x000000000800cbc0       0x44 ./Middlewares/Third_Party/FreeRTOS/Source/CMSIS_RTOS/cmsis_os.o
                0x000000000800cbc0                osThreadResume
 .text.vListInitialise
                0x000000000800cc04       0x40 ./Middlewares/Third_Party/FreeRTOS/Source/list.o
                0x000000000800cc04                vListInitialise
 .text.vListInitialiseItem
                0x000000000800cc44       0x1a ./Middlewares/Third_Party/FreeRTOS/Source/list.o
                0x000000000800cc44                vListInitialiseItem
 .text.vListInsertEnd
                0x000000000800cc5e       0x48 ./Middlewares/Third_Party/FreeRTOS/Source/list.o
                0x000000000800cc5e                vListInsertEnd
 .text.vListInsert
                0x000000000800cca6       0x72 ./Middlewares/Third_Party/FreeRTOS/Source/list.o
                0x000000000800cca6                vListInsert
 .text.uxListRemove
                0x000000000800cd18       0x54 ./Middlewares/Third_Party/FreeRTOS/Source/list.o
                0x000000000800cd18                uxListRemove
 .text.xQueueGenericReset
                0x000000000800cd6c       0xd0 ./Middlewares/Third_Party/FreeRTOS/Source/queue.o
                0x000000000800cd6c                xQueueGenericReset
 .text.xQueueGenericCreate
                0x000000000800ce3c       0x74 ./Middlewares/Third_Party/FreeRTOS/Source/queue.o
                0x000000000800ce3c                xQueueGenericCreate
 .text.prvInitialiseNewQueue
                0x000000000800ceb0       0x3e ./Middlewares/Third_Party/FreeRTOS/Source/queue.o
 .text.prvInitialiseMutex
                0x000000000800ceee       0x34 ./Middlewares/Third_Party/FreeRTOS/Source/queue.o
 .text.xQueueCreateMutex
                0x000000000800cf22       0x30 ./Middlewares/Third_Party/FreeRTOS/Source/queue.o
                0x000000000800cf22                xQueueCreateMutex
 *fill*         0x000000000800cf52        0x2 
 .text.xQueueGenericSend
                0x000000000800cf54      0x1fc ./Middlewares/Third_Party/FreeRTOS/Source/queue.o
                0x000000000800cf54                xQueueGenericSend
 .text.xQueueGiveFromISR
                0x000000000800d150      0x11a ./Middlewares/Third_Party/FreeRTOS/Source/queue.o
                0x000000000800d150                xQueueGiveFromISR
 *fill*         0x000000000800d26a        0x2 
 .text.xQueueSemaphoreTake
                0x000000000800d26c      0x218 ./Middlewares/Third_Party/FreeRTOS/Source/queue.o
                0x000000000800d26c                xQueueSemaphoreTake
 .text.xQueueReceiveFromISR
                0x000000000800d484      0x100 ./Middlewares/Third_Party/FreeRTOS/Source/queue.o
                0x000000000800d484                xQueueReceiveFromISR
 .text.vQueueDelete
                0x000000000800d584       0x3c ./Middlewares/Third_Party/FreeRTOS/Source/queue.o
                0x000000000800d584                vQueueDelete
 .text.prvGetDisinheritPriorityAfterTimeout
                0x000000000800d5c0       0x30 ./Middlewares/Third_Party/FreeRTOS/Source/queue.o
 .text.prvCopyDataToQueue
                0x000000000800d5f0       0xd4 ./Middlewares/Third_Party/FreeRTOS/Source/queue.o
 .text.prvCopyDataFromQueue
                0x000000000800d6c4       0x4c ./Middlewares/Third_Party/FreeRTOS/Source/queue.o
 .text.prvUnlockQueue
                0x000000000800d710       0xa4 ./Middlewares/Third_Party/FreeRTOS/Source/queue.o
 .text.prvIsQueueEmpty
                0x000000000800d7b4       0x2c ./Middlewares/Third_Party/FreeRTOS/Source/queue.o
 .text.prvIsQueueFull
                0x000000000800d7e0       0x30 ./Middlewares/Third_Party/FreeRTOS/Source/queue.o
 .text.vQueueUnregisterQueue
                0x000000000800d810       0x54 ./Middlewares/Third_Party/FreeRTOS/Source/queue.o
                0x000000000800d810                vQueueUnregisterQueue
 .text.xTaskCreate
                0x000000000800d864       0x82 ./Middlewares/Third_Party/FreeRTOS/Source/tasks.o
                0x000000000800d864                xTaskCreate
 *fill*         0x000000000800d8e6        0x2 
 .text.prvInitialiseNewTask
                0x000000000800d8e8      0x13c ./Middlewares/Third_Party/FreeRTOS/Source/tasks.o
 .text.prvAddNewTaskToReadyList
                0x000000000800da24       0xd4 ./Middlewares/Third_Party/FreeRTOS/Source/tasks.o
 .text.vTaskDelay
                0x000000000800daf8       0x68 ./Middlewares/Third_Party/FreeRTOS/Source/tasks.o
                0x000000000800daf8                vTaskDelay
 .text.vTaskSuspend
                0x000000000800db60      0x124 ./Middlewares/Third_Party/FreeRTOS/Source/tasks.o
                0x000000000800db60                vTaskSuspend
 .text.prvTaskIsTaskSuspended
                0x000000000800dc84       0x78 ./Middlewares/Third_Party/FreeRTOS/Source/tasks.o
 .text.vTaskResume
                0x000000000800dcfc       0xbc ./Middlewares/Third_Party/FreeRTOS/Source/tasks.o
                0x000000000800dcfc                vTaskResume
 .text.xTaskResumeFromISR
                0x000000000800ddb8       0xe4 ./Middlewares/Third_Party/FreeRTOS/Source/tasks.o
                0x000000000800ddb8                xTaskResumeFromISR
 .text.vTaskStartScheduler
                0x000000000800de9c       0xa0 ./Middlewares/Third_Party/FreeRTOS/Source/tasks.o
                0x000000000800de9c                vTaskStartScheduler
 .text.vTaskSuspendAll
                0x000000000800df3c       0x1c ./Middlewares/Third_Party/FreeRTOS/Source/tasks.o
                0x000000000800df3c                vTaskSuspendAll
 .text.xTaskResumeAll
                0x000000000800df58      0x138 ./Middlewares/Third_Party/FreeRTOS/Source/tasks.o
                0x000000000800df58                xTaskResumeAll
 .text.xTaskIncrementTick
                0x000000000800e090      0x17c ./Middlewares/Third_Party/FreeRTOS/Source/tasks.o
                0x000000000800e090                xTaskIncrementTick
 .text.vTaskSwitchContext
                0x000000000800e20c      0x110 ./Middlewares/Third_Party/FreeRTOS/Source/tasks.o
                0x000000000800e20c                vTaskSwitchContext
 .text.vTaskPlaceOnEventList
                0x000000000800e31c       0x48 ./Middlewares/Third_Party/FreeRTOS/Source/tasks.o
                0x000000000800e31c                vTaskPlaceOnEventList
 .text.xTaskRemoveFromEventList
                0x000000000800e364       0xc4 ./Middlewares/Third_Party/FreeRTOS/Source/tasks.o
                0x000000000800e364                xTaskRemoveFromEventList
 .text.vTaskInternalSetTimeOutState
                0x000000000800e428       0x2c ./Middlewares/Third_Party/FreeRTOS/Source/tasks.o
                0x000000000800e428                vTaskInternalSetTimeOutState
 .text.xTaskCheckForTimeOut
                0x000000000800e454       0xc4 ./Middlewares/Third_Party/FreeRTOS/Source/tasks.o
                0x000000000800e454                xTaskCheckForTimeOut
 .text.vTaskMissedYield
                0x000000000800e518       0x18 ./Middlewares/Third_Party/FreeRTOS/Source/tasks.o
                0x000000000800e518                vTaskMissedYield
 .text.prvIdleTask
                0x000000000800e530       0x30 ./Middlewares/Third_Party/FreeRTOS/Source/tasks.o
 .text.prvInitialiseTaskLists
                0x000000000800e560       0x80 ./Middlewares/Third_Party/FreeRTOS/Source/tasks.o
 .text.prvCheckTasksWaitingTermination
                0x000000000800e5e0       0x5c ./Middlewares/Third_Party/FreeRTOS/Source/tasks.o
 .text.prvDeleteTCB
                0x000000000800e63c       0x2a ./Middlewares/Third_Party/FreeRTOS/Source/tasks.o
 *fill*         0x000000000800e666        0x2 
 .text.prvResetNextTaskUnblockTime
                0x000000000800e668       0x4c ./Middlewares/Third_Party/FreeRTOS/Source/tasks.o
 .text.xTaskGetSchedulerState
                0x000000000800e6b4       0x3c ./Middlewares/Third_Party/FreeRTOS/Source/tasks.o
                0x000000000800e6b4                xTaskGetSchedulerState
 .text.xTaskPriorityInherit
                0x000000000800e6f0      0x10c ./Middlewares/Third_Party/FreeRTOS/Source/tasks.o
                0x000000000800e6f0                xTaskPriorityInherit
 .text.xTaskPriorityDisinherit
                0x000000000800e7fc      0x10c ./Middlewares/Third_Party/FreeRTOS/Source/tasks.o
                0x000000000800e7fc                xTaskPriorityDisinherit
 .text.vTaskPriorityDisinheritAfterTimeout
                0x000000000800e908      0x140 ./Middlewares/Third_Party/FreeRTOS/Source/tasks.o
                0x000000000800e908                vTaskPriorityDisinheritAfterTimeout
 .text.pvTaskIncrementMutexHeldCount
                0x000000000800ea48       0x28 ./Middlewares/Third_Party/FreeRTOS/Source/tasks.o
                0x000000000800ea48                pvTaskIncrementMutexHeldCount
 .text.prvAddCurrentTaskToDelayedList
                0x000000000800ea70       0xcc ./Middlewares/Third_Party/FreeRTOS/Source/tasks.o
 .text.pxPortInitialiseStack
                0x000000000800eb3c       0x68 ./Middlewares/Third_Party/FreeRTOS/Source/portable/GCC/ARM_CM4F/port.o
                0x000000000800eb3c                pxPortInitialiseStack
 .text.prvTaskExitError
                0x000000000800eba4       0x58 ./Middlewares/Third_Party/FreeRTOS/Source/portable/GCC/ARM_CM4F/port.o
 *fill*         0x000000000800ebfc        0x4 
 .text.SVC_Handler
                0x000000000800ec00       0x28 ./Middlewares/Third_Party/FreeRTOS/Source/portable/GCC/ARM_CM4F/port.o
                0x000000000800ec00                SVC_Handler
 .text.prvPortStartFirstTask
                0x000000000800ec28       0x28 ./Middlewares/Third_Party/FreeRTOS/Source/portable/GCC/ARM_CM4F/port.o
 .text.xPortStartScheduler
                0x000000000800ec50      0x144 ./Middlewares/Third_Party/FreeRTOS/Source/portable/GCC/ARM_CM4F/port.o
                0x000000000800ec50                xPortStartScheduler
 .text.vPortEnterCritical
                0x000000000800ed94       0x60 ./Middlewares/Third_Party/FreeRTOS/Source/portable/GCC/ARM_CM4F/port.o
                0x000000000800ed94                vPortEnterCritical
 .text.vPortExitCritical
                0x000000000800edf4       0x54 ./Middlewares/Third_Party/FreeRTOS/Source/portable/GCC/ARM_CM4F/port.o
                0x000000000800edf4                vPortExitCritical
 *fill*         0x000000000800ee48        0x8 
 .text.PendSV_Handler
                0x000000000800ee50       0x68 ./Middlewares/Third_Party/FreeRTOS/Source/portable/GCC/ARM_CM4F/port.o
                0x000000000800ee50                PendSV_Handler
 .text.SysTick_Handler
                0x000000000800eeb8       0x44 ./Middlewares/Third_Party/FreeRTOS/Source/portable/GCC/ARM_CM4F/port.o
                0x000000000800eeb8                SysTick_Handler
 .text.vPortSetupTimerInterrupt
                0x000000000800eefc       0x48 ./Middlewares/Third_Party/FreeRTOS/Source/portable/GCC/ARM_CM4F/port.o
                0x000000000800eefc                vPortSetupTimerInterrupt
 .text.vPortEnableVFP
                0x000000000800ef44       0x14 ./Middlewares/Third_Party/FreeRTOS/Source/portable/GCC/ARM_CM4F/port.o
 .text.vPortValidateInterruptPriority
                0x000000000800ef58       0x80 ./Middlewares/Third_Party/FreeRTOS/Source/portable/GCC/ARM_CM4F/port.o
                0x000000000800ef58                vPortValidateInterruptPriority
 .text.pvPortMalloc
                0x000000000800efd8      0x188 ./Middlewares/Third_Party/FreeRTOS/Source/portable/MemMang/heap_4.o
                0x000000000800efd8                pvPortMalloc
 .text.vPortFree
                0x000000000800f160       0xb4 ./Middlewares/Third_Party/FreeRTOS/Source/portable/MemMang/heap_4.o
                0x000000000800f160                vPortFree
 .text.prvHeapInit
                0x000000000800f214       0xc4 ./Middlewares/Third_Party/FreeRTOS/Source/portable/MemMang/heap_4.o
 .text.prvInsertBlockIntoFreeList
                0x000000000800f2d8       0xb4 ./Middlewares/Third_Party/FreeRTOS/Source/portable/MemMang/heap_4.o
 .text.__errno  0x000000000800f38c        0xc c:/st/stm32cubeide_1.10.1/stm32cubeide/plugins/com.st.stm32cube.ide.mcu.externaltools.gnu-tools-for-stm32.10.3-2021.10.win32_1.0.100.202210260954/tools/bin/../lib/gcc/arm-none-eabi/10.3.1/../../../../arm-none-eabi/lib/thumb/v7e-m+fp/hard\libc_nano.a(lib_a-errno.o)
                0x000000000800f38c                __errno
 .text.__libc_init_array
                0x000000000800f398       0x48 c:/st/stm32cubeide_1.10.1/stm32cubeide/plugins/com.st.stm32cube.ide.mcu.externaltools.gnu-tools-for-stm32.10.3-2021.10.win32_1.0.100.202210260954/tools/bin/../lib/gcc/arm-none-eabi/10.3.1/../../../../arm-none-eabi/lib/thumb/v7e-m+fp/hard\libc_nano.a(lib_a-init.o)
                0x000000000800f398                __libc_init_array
 .text.__retarget_lock_acquire_recursive
                0x000000000800f3e0        0x2 c:/st/stm32cubeide_1.10.1/stm32cubeide/plugins/com.st.stm32cube.ide.mcu.externaltools.gnu-tools-for-stm32.10.3-2021.10.win32_1.0.100.202210260954/tools/bin/../lib/gcc/arm-none-eabi/10.3.1/../../../../arm-none-eabi/lib/thumb/v7e-m+fp/hard\libc_nano.a(lib_a-lock.o)
                0x000000000800f3e0                __retarget_lock_acquire_recursive
 .text.__retarget_lock_release_recursive
                0x000000000800f3e2        0x2 c:/st/stm32cubeide_1.10.1/stm32cubeide/plugins/com.st.stm32cube.ide.mcu.externaltools.gnu-tools-for-stm32.10.3-2021.10.win32_1.0.100.202210260954/tools/bin/../lib/gcc/arm-none-eabi/10.3.1/../../../../arm-none-eabi/lib/thumb/v7e-m+fp/hard\libc_nano.a(lib_a-lock.o)
                0x000000000800f3e2                __retarget_lock_release_recursive
 .text.malloc   0x000000000800f3e4       0x10 c:/st/stm32cubeide_1.10.1/stm32cubeide/plugins/com.st.stm32cube.ide.mcu.externaltools.gnu-tools-for-stm32.10.3-2021.10.win32_1.0.100.202210260954/tools/bin/../lib/gcc/arm-none-eabi/10.3.1/../../../../arm-none-eabi/lib/thumb/v7e-m+fp/hard\libc_nano.a(lib_a-malloc.o)
                0x000000000800f3e4                malloc
 .text.free     0x000000000800f3f4       0x10 c:/st/stm32cubeide_1.10.1/stm32cubeide/plugins/com.st.stm32cube.ide.mcu.externaltools.gnu-tools-for-stm32.10.3-2021.10.win32_1.0.100.202210260954/tools/bin/../lib/gcc/arm-none-eabi/10.3.1/../../../../arm-none-eabi/lib/thumb/v7e-m+fp/hard\libc_nano.a(lib_a-malloc.o)
                0x000000000800f3f4                free
 .text.memcpy   0x000000000800f404       0x1c c:/st/stm32cubeide_1.10.1/stm32cubeide/plugins/com.st.stm32cube.ide.mcu.externaltools.gnu-tools-for-stm32.10.3-2021.10.win32_1.0.100.202210260954/tools/bin/../lib/gcc/arm-none-eabi/10.3.1/../../../../arm-none-eabi/lib/thumb/v7e-m+fp/hard\libc_nano.a(lib_a-memcpy-stub.o)
                0x000000000800f404                memcpy
 .text.memset   0x000000000800f420       0x10 c:/st/stm32cubeide_1.10.1/stm32cubeide/plugins/com.st.stm32cube.ide.mcu.externaltools.gnu-tools-for-stm32.10.3-2021.10.win32_1.0.100.202210260954/tools/bin/../lib/gcc/arm-none-eabi/10.3.1/../../../../arm-none-eabi/lib/thumb/v7e-m+fp/hard\libc_nano.a(lib_a-memset.o)
                0x000000000800f420                memset
 .text._free_r  0x000000000800f430       0x98 c:/st/stm32cubeide_1.10.1/stm32cubeide/plugins/com.st.stm32cube.ide.mcu.externaltools.gnu-tools-for-stm32.10.3-2021.10.win32_1.0.100.202210260954/tools/bin/../lib/gcc/arm-none-eabi/10.3.1/../../../../arm-none-eabi/lib/thumb/v7e-m+fp/hard\libc_nano.a(lib_a-nano-freer.o)
                0x000000000800f430                _free_r
 .text.sbrk_aligned
                0x000000000800f4c8       0x40 c:/st/stm32cubeide_1.10.1/stm32cubeide/plugins/com.st.stm32cube.ide.mcu.externaltools.gnu-tools-for-stm32.10.3-2021.10.win32_1.0.100.202210260954/tools/bin/../lib/gcc/arm-none-eabi/10.3.1/../../../../arm-none-eabi/lib/thumb/v7e-m+fp/hard\libc_nano.a(lib_a-nano-mallocr.o)
 .text._malloc_r
                0x000000000800f508       0xe8 c:/st/stm32cubeide_1.10.1/stm32cubeide/plugins/com.st.stm32cube.ide.mcu.externaltools.gnu-tools-for-stm32.10.3-2021.10.win32_1.0.100.202210260954/tools/bin/../lib/gcc/arm-none-eabi/10.3.1/../../../../arm-none-eabi/lib/thumb/v7e-m+fp/hard\libc_nano.a(lib_a-nano-mallocr.o)
                0x000000000800f508                _malloc_r
 .text.realloc  0x000000000800f5f0       0x10 c:/st/stm32cubeide_1.10.1/stm32cubeide/plugins/com.st.stm32cube.ide.mcu.externaltools.gnu-tools-for-stm32.10.3-2021.10.win32_1.0.100.202210260954/tools/bin/../lib/gcc/arm-none-eabi/10.3.1/../../../../arm-none-eabi/lib/thumb/v7e-m+fp/hard\libc_nano.a(lib_a-realloc.o)
                0x000000000800f5f0                realloc
 .text.cleanup_glue
                0x000000000800f600       0x1a c:/st/stm32cubeide_1.10.1/stm32cubeide/plugins/com.st.stm32cube.ide.mcu.externaltools.gnu-tools-for-stm32.10.3-2021.10.win32_1.0.100.202210260954/tools/bin/../lib/gcc/arm-none-eabi/10.3.1/../../../../arm-none-eabi/lib/thumb/v7e-m+fp/hard\libc_nano.a(lib_a-reent.o)
                0x000000000800f600                cleanup_glue
 *fill*         0x000000000800f61a        0x2 
 .text._reclaim_reent
                0x000000000800f61c       0xb8 c:/st/stm32cubeide_1.10.1/stm32cubeide/plugins/com.st.stm32cube.ide.mcu.externaltools.gnu-tools-for-stm32.10.3-2021.10.win32_1.0.100.202210260954/tools/bin/../lib/gcc/arm-none-eabi/10.3.1/../../../../arm-none-eabi/lib/thumb/v7e-m+fp/hard\libc_nano.a(lib_a-reent.o)
                0x000000000800f61c                _reclaim_reent
 .text._sbrk_r  0x000000000800f6d4       0x20 c:/st/stm32cubeide_1.10.1/stm32cubeide/plugins/com.st.stm32cube.ide.mcu.externaltools.gnu-tools-for-stm32.10.3-2021.10.win32_1.0.100.202210260954/tools/bin/../lib/gcc/arm-none-eabi/10.3.1/../../../../arm-none-eabi/lib/thumb/v7e-m+fp/hard\libc_nano.a(lib_a-sbrkr.o)
                0x000000000800f6d4                _sbrk_r
 .text.sprintf  0x000000000800f6f4       0x40 c:/st/stm32cubeide_1.10.1/stm32cubeide/plugins/com.st.stm32cube.ide.mcu.externaltools.gnu-tools-for-stm32.10.3-2021.10.win32_1.0.100.202210260954/tools/bin/../lib/gcc/arm-none-eabi/10.3.1/../../../../arm-none-eabi/lib/thumb/v7e-m+fp/hard\libc_nano.a(lib_a-sprintf.o)
                0x000000000800f6f4                siprintf
                0x000000000800f6f4                sprintf
 .text.strchr   0x000000000800f734       0x1a c:/st/stm32cubeide_1.10.1/stm32cubeide/plugins/com.st.stm32cube.ide.mcu.externaltools.gnu-tools-for-stm32.10.3-2021.10.win32_1.0.100.202210260954/tools/bin/../lib/gcc/arm-none-eabi/10.3.1/../../../../arm-none-eabi/lib/thumb/v7e-m+fp/hard\libc_nano.a(lib_a-strchr.o)
                0x000000000800f734                strchr
 .text.strcpy   0x000000000800f74e       0x10 c:/st/stm32cubeide_1.10.1/stm32cubeide/plugins/com.st.stm32cube.ide.mcu.externaltools.gnu-tools-for-stm32.10.3-2021.10.win32_1.0.100.202210260954/tools/bin/../lib/gcc/arm-none-eabi/10.3.1/../../../../arm-none-eabi/lib/thumb/v7e-m+fp/hard\libc_nano.a(lib_a-strcpy.o)
                0x000000000800f74e                strcpy
 .text._vsnprintf_r
                0x000000000800f75e       0x56 c:/st/stm32cubeide_1.10.1/stm32cubeide/plugins/com.st.stm32cube.ide.mcu.externaltools.gnu-tools-for-stm32.10.3-2021.10.win32_1.0.100.202210260954/tools/bin/../lib/gcc/arm-none-eabi/10.3.1/../../../../arm-none-eabi/lib/thumb/v7e-m+fp/hard\libc_nano.a(lib_a-vsnprintf.o)
                0x000000000800f75e                _vsniprintf_r
                0x000000000800f75e                _vsnprintf_r
 .text.vsnprintf
                0x000000000800f7b4       0x1c c:/st/stm32cubeide_1.10.1/stm32cubeide/plugins/com.st.stm32cube.ide.mcu.externaltools.gnu-tools-for-stm32.10.3-2021.10.win32_1.0.100.202210260954/tools/bin/../lib/gcc/arm-none-eabi/10.3.1/../../../../arm-none-eabi/lib/thumb/v7e-m+fp/hard\libc_nano.a(lib_a-vsnprintf.o)
                0x000000000800f7b4                vsniprintf
                0x000000000800f7b4                vsnprintf
 .text.__malloc_lock
                0x000000000800f7d0        0xc c:/st/stm32cubeide_1.10.1/stm32cubeide/plugins/com.st.stm32cube.ide.mcu.externaltools.gnu-tools-for-stm32.10.3-2021.10.win32_1.0.100.202210260954/tools/bin/../lib/gcc/arm-none-eabi/10.3.1/../../../../arm-none-eabi/lib/thumb/v7e-m+fp/hard\libc_nano.a(lib_a-mlock.o)
                0x000000000800f7d0                __malloc_lock
 .text.__malloc_unlock
                0x000000000800f7dc        0xc c:/st/stm32cubeide_1.10.1/stm32cubeide/plugins/com.st.stm32cube.ide.mcu.externaltools.gnu-tools-for-stm32.10.3-2021.10.win32_1.0.100.202210260954/tools/bin/../lib/gcc/arm-none-eabi/10.3.1/../../../../arm-none-eabi/lib/thumb/v7e-m+fp/hard\libc_nano.a(lib_a-mlock.o)
                0x000000000800f7dc                __malloc_unlock
 .text._realloc_r
                0x000000000800f7e8       0x5e c:/st/stm32cubeide_1.10.1/stm32cubeide/plugins/com.st.stm32cube.ide.mcu.externaltools.gnu-tools-for-stm32.10.3-2021.10.win32_1.0.100.202210260954/tools/bin/../lib/gcc/arm-none-eabi/10.3.1/../../../../arm-none-eabi/lib/thumb/v7e-m+fp/hard\libc_nano.a(lib_a-nano-reallocr.o)
                0x000000000800f7e8                _realloc_r
 .text.__ssputs_r
                0x000000000800f846       0xb6 c:/st/stm32cubeide_1.10.1/stm32cubeide/plugins/com.st.stm32cube.ide.mcu.externaltools.gnu-tools-for-stm32.10.3-2021.10.win32_1.0.100.202210260954/tools/bin/../lib/gcc/arm-none-eabi/10.3.1/../../../../arm-none-eabi/lib/thumb/v7e-m+fp/hard\libc_nano.a(lib_a-nano-svfprintf.o)
                0x000000000800f846                __ssputs_r
 .text._svfprintf_r
                0x000000000800f8fc      0x200 c:/st/stm32cubeide_1.10.1/stm32cubeide/plugins/com.st.stm32cube.ide.mcu.externaltools.gnu-tools-for-stm32.10.3-2021.10.win32_1.0.100.202210260954/tools/bin/../lib/gcc/arm-none-eabi/10.3.1/../../../../arm-none-eabi/lib/thumb/v7e-m+fp/hard\libc_nano.a(lib_a-nano-svfprintf.o)
                0x000000000800f8fc                _svfiprintf_r
                0x000000000800f8fc                _svfprintf_r
 .text._printf_common
                0x000000000800fafc       0xda c:/st/stm32cubeide_1.10.1/stm32cubeide/plugins/com.st.stm32cube.ide.mcu.externaltools.gnu-tools-for-stm32.10.3-2021.10.win32_1.0.100.202210260954/tools/bin/../lib/gcc/arm-none-eabi/10.3.1/../../../../arm-none-eabi/lib/thumb/v7e-m+fp/hard\libc_nano.a(lib_a-nano-vfprintf_i.o)
                0x000000000800fafc                _printf_common
 *fill*         0x000000000800fbd6        0x2 
 .text._printf_i
                0x000000000800fbd8      0x24c c:/st/stm32cubeide_1.10.1/stm32cubeide/plugins/com.st.stm32cube.ide.mcu.externaltools.gnu-tools-for-stm32.10.3-2021.10.win32_1.0.100.202210260954/tools/bin/../lib/gcc/arm-none-eabi/10.3.1/../../../../arm-none-eabi/lib/thumb/v7e-m+fp/hard\libc_nano.a(lib_a-nano-vfprintf_i.o)
                0x000000000800fbd8                _printf_i
 .text.memmove  0x000000000800fe24       0x34 c:/st/stm32cubeide_1.10.1/stm32cubeide/plugins/com.st.stm32cube.ide.mcu.externaltools.gnu-tools-for-stm32.10.3-2021.10.win32_1.0.100.202210260954/tools/bin/../lib/gcc/arm-none-eabi/10.3.1/../../../../arm-none-eabi/lib/thumb/v7e-m+fp/hard\libc_nano.a(lib_a-memmove.o)
                0x000000000800fe24                memmove
 .text._malloc_usable_size_r
                0x000000000800fe58       0x10 c:/st/stm32cubeide_1.10.1/stm32cubeide/plugins/com.st.stm32cube.ide.mcu.externaltools.gnu-tools-for-stm32.10.3-2021.10.win32_1.0.100.202210260954/tools/bin/../lib/gcc/arm-none-eabi/10.3.1/../../../../arm-none-eabi/lib/thumb/v7e-m+fp/hard\libc_nano.a(lib_a-nano-msizer.o)
                0x000000000800fe58                _malloc_usable_size_r
 .text.atan     0x000000000800fe68      0x340 c:/st/stm32cubeide_1.10.1/stm32cubeide/plugins/com.st.stm32cube.ide.mcu.externaltools.gnu-tools-for-stm32.10.3-2021.10.win32_1.0.100.202210260954/tools/bin/../lib/gcc/arm-none-eabi/10.3.1/../../../../arm-none-eabi/lib/thumb/v7e-m+fp/hard\libm.a(lib_a-s_atan.o)
                0x000000000800fe68                atan
 .text.fabs     0x00000000080101a8       0x12 c:/st/stm32cubeide_1.10.1/stm32cubeide/plugins/com.st.stm32cube.ide.mcu.externaltools.gnu-tools-for-stm32.10.3-2021.10.win32_1.0.100.202210260954/tools/bin/../lib/gcc/arm-none-eabi/10.3.1/../../../../arm-none-eabi/lib/thumb/v7e-m+fp/hard\libm.a(lib_a-s_fabs.o)
                0x00000000080101a8                fabs
 .text.atan2    0x00000000080101ba        0x4 c:/st/stm32cubeide_1.10.1/stm32cubeide/plugins/com.st.stm32cube.ide.mcu.externaltools.gnu-tools-for-stm32.10.3-2021.10.win32_1.0.100.202210260954/tools/bin/../lib/gcc/arm-none-eabi/10.3.1/../../../../arm-none-eabi/lib/thumb/v7e-m+fp/hard\libm.a(lib_a-w_atan2.o)
                0x00000000080101ba                atan2
 .text.sqrt     0x00000000080101be       0x58 c:/st/stm32cubeide_1.10.1/stm32cubeide/plugins/com.st.stm32cube.ide.mcu.externaltools.gnu-tools-for-stm32.10.3-2021.10.win32_1.0.100.202210260954/tools/bin/../lib/gcc/arm-none-eabi/10.3.1/../../../../arm-none-eabi/lib/thumb/v7e-m+fp/hard\libm.a(lib_a-w_sqrt.o)
                0x00000000080101be                sqrt
 *fill*         0x0000000008010216        0x2 
 .text.__ieee754_atan2
                0x0000000008010218      0x194 c:/st/stm32cubeide_1.10.1/stm32cubeide/plugins/com.st.stm32cube.ide.mcu.externaltools.gnu-tools-for-stm32.10.3-2021.10.win32_1.0.100.202210260954/tools/bin/../lib/gcc/arm-none-eabi/10.3.1/../../../../arm-none-eabi/lib/thumb/v7e-m+fp/hard\libm.a(lib_a-e_atan2.o)
                0x0000000008010218                __ieee754_atan2
 .text.__ieee754_sqrt
                0x00000000080103ac      0x164 c:/st/stm32cubeide_1.10.1/stm32cubeide/plugins/com.st.stm32cube.ide.mcu.externaltools.gnu-tools-for-stm32.10.3-2021.10.win32_1.0.100.202210260954/tools/bin/../lib/gcc/arm-none-eabi/10.3.1/../../../../arm-none-eabi/lib/thumb/v7e-m+fp/hard\libm.a(lib_a-e_sqrt.o)
                0x00000000080103ac                __ieee754_sqrt
 *(.glue_7)
 .glue_7        0x0000000008010510        0x0 linker stubs
 *(.glue_7t)
 .glue_7t       0x0000000008010510        0x0 linker stubs
 *(.eh_frame)
 .eh_frame      0x0000000008010510        0x0 c:/st/stm32cubeide_1.10.1/stm32cubeide/plugins/com.st.stm32cube.ide.mcu.externaltools.gnu-tools-for-stm32.10.3-2021.10.win32_1.0.100.202210260954/tools/bin/../lib/gcc/arm-none-eabi/10.3.1/thumb/v7e-m+fp/hard/crtbegin.o
 *(.init)
 .init          0x0000000008010510        0x4 c:/st/stm32cubeide_1.10.1/stm32cubeide/plugins/com.st.stm32cube.ide.mcu.externaltools.gnu-tools-for-stm32.10.3-2021.10.win32_1.0.100.202210260954/tools/bin/../lib/gcc/arm-none-eabi/10.3.1/thumb/v7e-m+fp/hard/crti.o
                0x0000000008010510                _init
 .init          0x0000000008010514        0x8 c:/st/stm32cubeide_1.10.1/stm32cubeide/plugins/com.st.stm32cube.ide.mcu.externaltools.gnu-tools-for-stm32.10.3-2021.10.win32_1.0.100.202210260954/tools/bin/../lib/gcc/arm-none-eabi/10.3.1/thumb/v7e-m+fp/hard/crtn.o
 *(.fini)
 .fini          0x000000000801051c        0x4 c:/st/stm32cubeide_1.10.1/stm32cubeide/plugins/com.st.stm32cube.ide.mcu.externaltools.gnu-tools-for-stm32.10.3-2021.10.win32_1.0.100.202210260954/tools/bin/../lib/gcc/arm-none-eabi/10.3.1/thumb/v7e-m+fp/hard/crti.o
                0x000000000801051c                _fini
 .fini          0x0000000008010520        0x8 c:/st/stm32cubeide_1.10.1/stm32cubeide/plugins/com.st.stm32cube.ide.mcu.externaltools.gnu-tools-for-stm32.10.3-2021.10.win32_1.0.100.202210260954/tools/bin/../lib/gcc/arm-none-eabi/10.3.1/thumb/v7e-m+fp/hard/crtn.o
                0x0000000008010528                . = ALIGN (0x4)
                0x0000000008010528                _etext = .

.vfp11_veneer   0x0000000008010528        0x0
 .vfp11_veneer  0x0000000008010528        0x0 linker stubs

.v4_bx          0x0000000008010528        0x0
 .v4_bx         0x0000000008010528        0x0 linker stubs

.iplt           0x0000000008010528        0x0
 .iplt          0x0000000008010528        0x0 c:/st/stm32cubeide_1.10.1/stm32cubeide/plugins/com.st.stm32cube.ide.mcu.externaltools.gnu-tools-for-stm32.10.3-2021.10.win32_1.0.100.202210260954/tools/bin/../lib/gcc/arm-none-eabi/10.3.1/thumb/v7e-m+fp/hard/crtbegin.o

.rodata         0x0000000008010528      0x6d8
                0x0000000008010528                . = ALIGN (0x4)
 *(.rodata)
 .rodata        0x0000000008010528        0x2 ./Core/Src/csv.o
 *fill*         0x000000000801052a        0x2 
 .rodata        0x000000000801052c      0x4ca ./Core/Src/main.o
 *fill*         0x00000000080109f6        0x2 
 .rodata        0x00000000080109f8       0x44 ./Middlewares/Third_Party/FatFs/src/ff.o
 .rodata        0x0000000008010a3c        0x5 ./Middlewares/Third_Party/FreeRTOS/Source/tasks.o
 *(.rodata*)
 *fill*         0x0000000008010a41        0x3 
 .rodata.AHBPrescTable
                0x0000000008010a44       0x10 ./Core/Src/system_stm32f3xx.o
                0x0000000008010a44                AHBPrescTable
 .rodata.APBPrescTable
                0x0000000008010a54        0x8 ./Core/Src/system_stm32f3xx.o
                0x0000000008010a54                APBPrescTable
 .rodata.aPLLMULFactorTable
                0x0000000008010a5c       0x10 ./Drivers/STM32F3xx_HAL_Driver/Src/stm32f3xx_hal_rcc.o
                0x0000000008010a5c                aPLLMULFactorTable
 .rodata.aPredivFactorTable
                0x0000000008010a6c       0x10 ./Drivers/STM32F3xx_HAL_Driver/Src/stm32f3xx_hal_rcc.o
                0x0000000008010a6c                aPredivFactorTable
 .rodata.ExCvt  0x0000000008010a7c       0x80 ./Middlewares/Third_Party/FatFs/src/ff.o
 .rodata.__sf_fake_stderr
                0x0000000008010afc       0x20 c:/st/stm32cubeide_1.10.1/stm32cubeide/plugins/com.st.stm32cube.ide.mcu.externaltools.gnu-tools-for-stm32.10.3-2021.10.win32_1.0.100.202210260954/tools/bin/../lib/gcc/arm-none-eabi/10.3.1/../../../../arm-none-eabi/lib/thumb/v7e-m+fp/hard\libc_nano.a(lib_a-findfp.o)
                0x0000000008010afc                __sf_fake_stderr
 .rodata.__sf_fake_stdin
                0x0000000008010b1c       0x20 c:/st/stm32cubeide_1.10.1/stm32cubeide/plugins/com.st.stm32cube.ide.mcu.externaltools.gnu-tools-for-stm32.10.3-2021.10.win32_1.0.100.202210260954/tools/bin/../lib/gcc/arm-none-eabi/10.3.1/../../../../arm-none-eabi/lib/thumb/v7e-m+fp/hard\libc_nano.a(lib_a-findfp.o)
                0x0000000008010b1c                __sf_fake_stdin
 .rodata.__sf_fake_stdout
                0x0000000008010b3c       0x20 c:/st/stm32cubeide_1.10.1/stm32cubeide/plugins/com.st.stm32cube.ide.mcu.externaltools.gnu-tools-for-stm32.10.3-2021.10.win32_1.0.100.202210260954/tools/bin/../lib/gcc/arm-none-eabi/10.3.1/../../../../arm-none-eabi/lib/thumb/v7e-m+fp/hard\libc_nano.a(lib_a-findfp.o)
                0x0000000008010b3c                __sf_fake_stdout
 .rodata._svfprintf_r.str1.1
                0x0000000008010b5c       0x11 c:/st/stm32cubeide_1.10.1/stm32cubeide/plugins/com.st.stm32cube.ide.mcu.externaltools.gnu-tools-for-stm32.10.3-2021.10.win32_1.0.100.202210260954/tools/bin/../lib/gcc/arm-none-eabi/10.3.1/../../../../arm-none-eabi/lib/thumb/v7e-m+fp/hard\libc_nano.a(lib_a-nano-svfprintf.o)
 .rodata._printf_i.str1.1
                0x0000000008010b6d       0x22 c:/st/stm32cubeide_1.10.1/stm32cubeide/plugins/com.st.stm32cube.ide.mcu.externaltools.gnu-tools-for-stm32.10.3-2021.10.win32_1.0.100.202210260954/tools/bin/../lib/gcc/arm-none-eabi/10.3.1/../../../../arm-none-eabi/lib/thumb/v7e-m+fp/hard\libc_nano.a(lib_a-nano-vfprintf_i.o)
 *fill*         0x0000000008010b8f        0x1 
 .rodata.atanhi
                0x0000000008010b90       0x20 c:/st/stm32cubeide_1.10.1/stm32cubeide/plugins/com.st.stm32cube.ide.mcu.externaltools.gnu-tools-for-stm32.10.3-2021.10.win32_1.0.100.202210260954/tools/bin/../lib/gcc/arm-none-eabi/10.3.1/../../../../arm-none-eabi/lib/thumb/v7e-m+fp/hard\libm.a(lib_a-s_atan.o)
 .rodata.atanlo
                0x0000000008010bb0       0x20 c:/st/stm32cubeide_1.10.1/stm32cubeide/plugins/com.st.stm32cube.ide.mcu.externaltools.gnu-tools-for-stm32.10.3-2021.10.win32_1.0.100.202210260954/tools/bin/../lib/gcc/arm-none-eabi/10.3.1/../../../../arm-none-eabi/lib/thumb/v7e-m+fp/hard\libm.a(lib_a-s_atan.o)
 .rodata.CSWTCH.8
                0x0000000008010bd0       0x18 c:/st/stm32cubeide_1.10.1/stm32cubeide/plugins/com.st.stm32cube.ide.mcu.externaltools.gnu-tools-for-stm32.10.3-2021.10.win32_1.0.100.202210260954/tools/bin/../lib/gcc/arm-none-eabi/10.3.1/../../../../arm-none-eabi/lib/thumb/v7e-m+fp/hard\libm.a(lib_a-e_atan2.o)
 .rodata.CSWTCH.9
                0x0000000008010be8       0x18 c:/st/stm32cubeide_1.10.1/stm32cubeide/plugins/com.st.stm32cube.ide.mcu.externaltools.gnu-tools-for-stm32.10.3-2021.10.win32_1.0.100.202210260954/tools/bin/../lib/gcc/arm-none-eabi/10.3.1/../../../../arm-none-eabi/lib/thumb/v7e-m+fp/hard\libm.a(lib_a-e_atan2.o)
                0x0000000008010c00                . = ALIGN (0x4)

.rel.dyn        0x0000000008010c00        0x0
 .rel.iplt      0x0000000008010c00        0x0 c:/st/stm32cubeide_1.10.1/stm32cubeide/plugins/com.st.stm32cube.ide.mcu.externaltools.gnu-tools-for-stm32.10.3-2021.10.win32_1.0.100.202210260954/tools/bin/../lib/gcc/arm-none-eabi/10.3.1/thumb/v7e-m+fp/hard/crtbegin.o

.ARM.extab      0x0000000008010c00        0x0
                0x0000000008010c00                . = ALIGN (0x4)
 *(.ARM.extab* .gnu.linkonce.armextab.*)
                0x0000000008010c00                . = ALIGN (0x4)

.ARM            0x0000000008010c00        0x0
                0x0000000008010c00                . = ALIGN (0x4)
                0x0000000008010c00                __exidx_start = .
 *(.ARM.exidx*)
                0x0000000008010c00                __exidx_end = .
                0x0000000008010c00                . = ALIGN (0x4)

.preinit_array  0x0000000008010c00        0x0
                0x0000000008010c00                . = ALIGN (0x4)
                0x0000000008010c00                PROVIDE (__preinit_array_start = .)
 *(.preinit_array*)
                0x0000000008010c00                PROVIDE (__preinit_array_end = .)
                0x0000000008010c00                . = ALIGN (0x4)

.init_array     0x0000000008010c00        0x4
                0x0000000008010c00                . = ALIGN (0x4)
                0x0000000008010c00                PROVIDE (__init_array_start = .)
 *(SORT_BY_NAME(.init_array.*))
 *(.init_array*)
 .init_array    0x0000000008010c00        0x4 c:/st/stm32cubeide_1.10.1/stm32cubeide/plugins/com.st.stm32cube.ide.mcu.externaltools.gnu-tools-for-stm32.10.3-2021.10.win32_1.0.100.202210260954/tools/bin/../lib/gcc/arm-none-eabi/10.3.1/thumb/v7e-m+fp/hard/crtbegin.o
                0x0000000008010c04                PROVIDE (__init_array_end = .)
                0x0000000008010c04                . = ALIGN (0x4)

.fini_array     0x0000000008010c04        0x4
                0x0000000008010c04                . = ALIGN (0x4)
                [!provide]                        PROVIDE (__fini_array_start = .)
 *(SORT_BY_NAME(.fini_array.*))
 *(.fini_array*)
 .fini_array    0x0000000008010c04        0x4 c:/st/stm32cubeide_1.10.1/stm32cubeide/plugins/com.st.stm32cube.ide.mcu.externaltools.gnu-tools-for-stm32.10.3-2021.10.win32_1.0.100.202210260954/tools/bin/../lib/gcc/arm-none-eabi/10.3.1/thumb/v7e-m+fp/hard/crtbegin.o
                [!provide]                        PROVIDE (__fini_array_end = .)
                0x0000000008010c08                . = ALIGN (0x4)
                0x0000000008010c08                _sidata = LOADADDR (.data)

.data           0x0000000020000000      0x128 load address 0x0000000008010c08
                0x0000000020000000                . = ALIGN (0x4)
                0x0000000020000000                _sdata = .
 *(.data)
 *(.data*)
 .data.Stat     0x0000000020000000        0x1 ./Core/Src/fatfs_sd.o
 .data.OVERWRITE
                0x0000000020000001        0x1 ./Core/Src/main.o
                0x0000000020000001                OVERWRITE
 .data.DefaultTask_delay
                0x0000000020000002        0x2 ./Core/Src/main.o
                0x0000000020000002                DefaultTask_delay
 .data.SDCardSave_delay
                0x0000000020000004        0x2 ./Core/Src/main.o
                0x0000000020000004                SDCardSave_delay
 .data.read_delay
                0x0000000020000006        0x2 ./Core/Src/main.o
                0x0000000020000006                read_delay
 .data.accel_read_delay
                0x0000000020000008        0x2 ./Core/Src/main.o
                0x0000000020000008                accel_read_delay
 .data.retransmit_delay
                0x000000002000000a        0x2 ./Core/Src/main.o
                0x000000002000000a                retransmit_delay
 *fill*         0x000000002000000c        0x4 
 .data.KalmanX  0x0000000020000010       0x48 ./Core/Src/mpu6050.o
                0x0000000020000010                KalmanX
 .data.KalmanY  0x0000000020000058       0x48 ./Core/Src/mpu6050.o
                0x0000000020000058                KalmanY
 .data.SystemCoreClock
                0x00000000200000a0        0x4 ./Core/Src/system_stm32f3xx.o
                0x00000000200000a0                SystemCoreClock
 .data.uwTickPrio
                0x00000000200000a4        0x4 ./Drivers/STM32F3xx_HAL_Driver/Src/stm32f3xx_hal.o
                0x00000000200000a4                uwTickPrio
 .data.uwTickFreq
                0x00000000200000a8        0x1 ./Drivers/STM32F3xx_HAL_Driver/Src/stm32f3xx_hal.o
                0x00000000200000a8                uwTickFreq
 *fill*         0x00000000200000a9        0x3 
 .data.USER_Driver
                0x00000000200000ac       0x14 ./FATFS/Target/user_diskio.o
                0x00000000200000ac                USER_Driver
 .data.uxCriticalNesting
                0x00000000200000c0        0x4 ./Middlewares/Third_Party/FreeRTOS/Source/portable/GCC/ARM_CM4F/port.o
 .data._impure_ptr
                0x00000000200000c4        0x4 c:/st/stm32cubeide_1.10.1/stm32cubeide/plugins/com.st.stm32cube.ide.mcu.externaltools.gnu-tools-for-stm32.10.3-2021.10.win32_1.0.100.202210260954/tools/bin/../lib/gcc/arm-none-eabi/10.3.1/../../../../arm-none-eabi/lib/thumb/v7e-m+fp/hard\libc_nano.a(lib_a-impure.o)
                0x00000000200000c4                _impure_ptr
 .data.impure_data
                0x00000000200000c8       0x60 c:/st/stm32cubeide_1.10.1/stm32cubeide/plugins/com.st.stm32cube.ide.mcu.externaltools.gnu-tools-for-stm32.10.3-2021.10.win32_1.0.100.202210260954/tools/bin/../lib/gcc/arm-none-eabi/10.3.1/../../../../arm-none-eabi/lib/thumb/v7e-m+fp/hard\libc_nano.a(lib_a-impure.o)
 *(.RamFunc)
 *(.RamFunc*)
                0x0000000020000128                . = ALIGN (0x4)
                0x0000000020000128                _edata = .
                0x0000000008010d30                _siccmram = LOADADDR (.ccmram)

.igot.plt       0x0000000020000128        0x0 load address 0x0000000008010d30
 .igot.plt      0x0000000020000128        0x0 c:/st/stm32cubeide_1.10.1/stm32cubeide/plugins/com.st.stm32cube.ide.mcu.externaltools.gnu-tools-for-stm32.10.3-2021.10.win32_1.0.100.202210260954/tools/bin/../lib/gcc/arm-none-eabi/10.3.1/thumb/v7e-m+fp/hard/crtbegin.o

.ccmram         0x0000000010000000        0x0 load address 0x0000000008010d30
                0x0000000010000000                . = ALIGN (0x4)
                0x0000000010000000                _sccmram = .
 *(.ccmram)
 *(.ccmram*)
                0x0000000010000000                . = ALIGN (0x4)
                0x0000000010000000                _eccmram = .
                0x0000000010000000                . = ALIGN (0x4)

.bss            0x0000000020000128     0x44fc
                0x0000000020000128                _sbss = .
                0x0000000020000128                __bss_start__ = _sbss
 *(.bss)
 .bss           0x0000000020000128       0x1c c:/st/stm32cubeide_1.10.1/stm32cubeide/plugins/com.st.stm32cube.ide.mcu.externaltools.gnu-tools-for-stm32.10.3-2021.10.win32_1.0.100.202210260954/tools/bin/../lib/gcc/arm-none-eabi/10.3.1/thumb/v7e-m+fp/hard/crtbegin.o
 *(.bss*)
 .bss.Timer1    0x0000000020000144        0x2 ./Core/Src/fatfs_sd.o
                0x0000000020000144                Timer1
 .bss.Timer2    0x0000000020000146        0x2 ./Core/Src/fatfs_sd.o
                0x0000000020000146                Timer2
 .bss.CardType  0x0000000020000148        0x1 ./Core/Src/fatfs_sd.o
 .bss.PowerFlag
                0x0000000020000149        0x1 ./Core/Src/fatfs_sd.o
 *fill*         0x000000002000014a        0x2 
 .bss.hcan      0x000000002000014c       0x28 ./Core/Src/main.o
                0x000000002000014c                hcan
 .bss.hi2c3     0x0000000020000174       0x4c ./Core/Src/main.o
                0x0000000020000174                hi2c3
 .bss.hspi1     0x00000000200001c0       0x64 ./Core/Src/main.o
                0x00000000200001c0                hspi1
 .bss.huart2    0x0000000020000224       0x84 ./Core/Src/main.o
                0x0000000020000224                huart2
 .bss.defaultTaskHandle
                0x00000000200002a8        0x4 ./Core/Src/main.o
                0x00000000200002a8                defaultTaskHandle
 .bss.SDCardSaveTaskHandle
                0x00000000200002ac        0x4 ./Core/Src/main.o
                0x00000000200002ac                SDCardSaveTaskHandle
 .bss.GetData1Handle
                0x00000000200002b0        0x4 ./Core/Src/main.o
                0x00000000200002b0                GetData1Handle
 .bss.GetData2Handle
                0x00000000200002b4        0x4 ./Core/Src/main.o
                0x00000000200002b4                GetData2Handle
 .bss.ReadCANHandle
                0x00000000200002b8        0x4 ./Core/Src/main.o
                0x00000000200002b8                ReadCANHandle
 .bss.GetAccelTaskHandle
                0x00000000200002bc        0x4 ./Core/Src/main.o
                0x00000000200002bc                GetAccelTaskHandle
 .bss.canTelemetryMutexHandle
                0x00000000200002c0        0x4 ./Core/Src/main.o
                0x00000000200002c0                canTelemetryMutexHandle
 *fill*         0x00000000200002c4        0x4 
 .bss.MPU6050   0x00000000200002c8       0x58 ./Core/Src/main.o
                0x00000000200002c8                MPU6050
 .bss.FatFs     0x0000000020000320     0x1034 ./Core/Src/main.o
                0x0000000020000320                FatFs
 .bss.rwfile    0x0000000020001354     0x102c ./Core/Src/main.o
                0x0000000020001354                rwfile
 .bss.filInfo   0x0000000020002380        0x4 ./Core/Src/main.o
                0x0000000020002380                filInfo
 .bss.fres      0x0000000020002384        0x1 ./Core/Src/main.o
                0x0000000020002384                fres
 *fill*         0x0000000020002385        0x3 
 .bss.DefaultProfiler
                0x0000000020002388        0x4 ./Core/Src/main.o
                0x0000000020002388                DefaultProfiler
 .bss.current_time
                0x000000002000238c        0x4 ./Core/Src/main.o
                0x000000002000238c                current_time
 .bss.accel_data_time
                0x0000000020002390        0x4 ./Core/Src/main.o
                0x0000000020002390                accel_data_time
 .bss.RxHeader  0x0000000020002394       0x1c ./Core/Src/main.o
                0x0000000020002394                RxHeader
 .bss.RxData    0x00000000200023b0        0x4 ./Core/Src/main.o
                0x00000000200023b0                RxData
 .bss.TxMailbox
                0x00000000200023b4        0x4 ./Core/Src/main.o
                0x00000000200023b4                TxMailbox
 .bss.canfil    0x00000000200023b8       0x28 ./Core/Src/main.o
                0x00000000200023b8                canfil
 .bss.accel_data_collected
                0x00000000200023e0        0x1 ./Core/Src/main.o
                0x00000000200023e0                accel_data_collected
 *fill*         0x00000000200023e1        0x3 
 .bss.Ax        0x00000000200023e4        0x4 ./Core/Src/main.o
                0x00000000200023e4                Ax
 .bss.Ay        0x00000000200023e8        0x4 ./Core/Src/main.o
                0x00000000200023e8                Ay
 .bss.Az        0x00000000200023ec        0x4 ./Core/Src/main.o
                0x00000000200023ec                Az
 .bss.Gx        0x00000000200023f0        0x4 ./Core/Src/main.o
                0x00000000200023f0                Gx
 .bss.Gy        0x00000000200023f4        0x4 ./Core/Src/main.o
                0x00000000200023f4                Gy
 .bss.Gz        0x00000000200023f8        0x4 ./Core/Src/main.o
                0x00000000200023f8                Gz
 .bss.timer     0x00000000200023fc        0x4 ./Core/Src/mpu6050.o