Archive member included to satisfy reference by file (symbol)

c:/st/stm32cubeide_1.10.1/stm32cubeide/plugins/com.st.stm32cube.ide.mcu.externaltools.gnu-tools-for-stm32.10.3-2021.10.win32_1.0.0.202111181127/tools/bin/../lib/gcc/arm-none-eabi/10.3.1/../../../../arm-none-eabi/lib/thumb/v7e-m+fp/hard\libc_nano.a(lib_a-errno.o)
                              ./Core/Src/syscalls.o (__errno)
c:/st/stm32cubeide_1.10.1/stm32cubeide/plugins/com.st.stm32cube.ide.mcu.externaltools.gnu-tools-for-stm32.10.3-2021.10.win32_1.0.0.202111181127/tools/bin/../lib/gcc/arm-none-eabi/10.3.1/../../../../arm-none-eabi/lib/thumb/v7e-m+fp/hard\libc_nano.a(lib_a-exit.o)
                              c:/st/stm32cubeide_1.10.1/stm32cubeide/plugins/com.st.stm32cube.ide.mcu.externaltools.gnu-tools-for-stm32.10.3-2021.10.win32_1.0.0.202111181127/tools/bin/../lib/gcc/arm-none-eabi/10.3.1/../../../../arm-none-eabi/lib/thumb/v7e-m+fp/hard/crt0.o (exit)
c:/st/stm32cubeide_1.10.1/stm32cubeide/plugins/com.st.stm32cube.ide.mcu.externaltools.gnu-tools-for-stm32.10.3-2021.10.win32_1.0.0.202111181127/tools/bin/../lib/gcc/arm-none-eabi/10.3.1/../../../../arm-none-eabi/lib/thumb/v7e-m+fp/hard\libc_nano.a(lib_a-findfp.o)
                              ./Middlewares/Third_Party/FreeRTOS/Source/tasks.o (__sf_fake_stderr)
c:/st/stm32cubeide_1.10.1/stm32cubeide/plugins/com.st.stm32cube.ide.mcu.externaltools.gnu-tools-for-stm32.10.3-2021.10.win32_1.0.0.202111181127/tools/bin/../lib/gcc/arm-none-eabi/10.3.1/../../../../arm-none-eabi/lib/thumb/v7e-m+fp/hard\libc_nano.a(lib_a-fwalk.o)
                              c:/st/stm32cubeide_1.10.1/stm32cubeide/plugins/com.st.stm32cube.ide.mcu.externaltools.gnu-tools-for-stm32.10.3-2021.10.win32_1.0.0.202111181127/tools/bin/../lib/gcc/arm-none-eabi/10.3.1/../../../../arm-none-eabi/lib/thumb/v7e-m+fp/hard\libc_nano.a(lib_a-findfp.o) (_fwalk)
c:/st/stm32cubeide_1.10.1/stm32cubeide/plugins/com.st.stm32cube.ide.mcu.externaltools.gnu-tools-for-stm32.10.3-2021.10.win32_1.0.0.202111181127/tools/bin/../lib/gcc/arm-none-eabi/10.3.1/../../../../arm-none-eabi/lib/thumb/v7e-m+fp/hard\libc_nano.a(lib_a-impure.o)
                              c:/st/stm32cubeide_1.10.1/stm32cubeide/plugins/com.st.stm32cube.ide.mcu.externaltools.gnu-tools-for-stm32.10.3-2021.10.win32_1.0.0.202111181127/tools/bin/../lib/gcc/arm-none-eabi/10.3.1/../../../../arm-none-eabi/lib/thumb/v7e-m+fp/hard\libc_nano.a(lib_a-exit.o) (_global_impure_ptr)
c:/st/stm32cubeide_1.10.1/stm32cubeide/plugins/com.st.stm32cube.ide.mcu.externaltools.gnu-tools-for-stm32.10.3-2021.10.win32_1.0.0.202111181127/tools/bin/../lib/gcc/arm-none-eabi/10.3.1/../../../../arm-none-eabi/lib/thumb/v7e-m+fp/hard\libc_nano.a(lib_a-init.o)
                              c:/st/stm32cubeide_1.10.1/stm32cubeide/plugins/com.st.stm32cube.ide.mcu.externaltools.gnu-tools-for-stm32.10.3-2021.10.win32_1.0.0.202111181127/tools/bin/../lib/gcc/arm-none-eabi/10.3.1/../../../../arm-none-eabi/lib/thumb/v7e-m+fp/hard/crt0.o (__libc_init_array)
c:/st/stm32cubeide_1.10.1/stm32cubeide/plugins/com.st.stm32cube.ide.mcu.externaltools.gnu-tools-for-stm32.10.3-2021.10.win32_1.0.0.202111181127/tools/bin/../lib/gcc/arm-none-eabi/10.3.1/../../../../arm-none-eabi/lib/thumb/v7e-m+fp/hard\libc_nano.a(lib_a-lock.o)
                              c:/st/stm32cubeide_1.10.1/stm32cubeide/plugins/com.st.stm32cube.ide.mcu.externaltools.gnu-tools-for-stm32.10.3-2021.10.win32_1.0.0.202111181127/tools/bin/../lib/gcc/arm-none-eabi/10.3.1/../../../../arm-none-eabi/lib/thumb/v7e-m+fp/hard\libc_nano.a(lib_a-findfp.o) (__retarget_lock_init_recursive)
c:/st/stm32cubeide_1.10.1/stm32cubeide/plugins/com.st.stm32cube.ide.mcu.externaltools.gnu-tools-for-stm32.10.3-2021.10.win32_1.0.0.202111181127/tools/bin/../lib/gcc/arm-none-eabi/10.3.1/../../../../arm-none-eabi/lib/thumb/v7e-m+fp/hard\libc_nano.a(lib_a-malloc.o)
                              ./Core/Src/csv.o (malloc)
c:/st/stm32cubeide_1.10.1/stm32cubeide/plugins/com.st.stm32cube.ide.mcu.externaltools.gnu-tools-for-stm32.10.3-2021.10.win32_1.0.0.202111181127/tools/bin/../lib/gcc/arm-none-eabi/10.3.1/../../../../arm-none-eabi/lib/thumb/v7e-m+fp/hard\libc_nano.a(lib_a-memcpy-stub.o)
                              ./Middlewares/Third_Party/FreeRTOS/Source/queue.o (memcpy)
c:/st/stm32cubeide_1.10.1/stm32cubeide/plugins/com.st.stm32cube.ide.mcu.externaltools.gnu-tools-for-stm32.10.3-2021.10.win32_1.0.0.202111181127/tools/bin/../lib/gcc/arm-none-eabi/10.3.1/../../../../arm-none-eabi/lib/thumb/v7e-m+fp/hard\libc_nano.a(lib_a-memset.o)
                              c:/st/stm32cubeide_1.10.1/stm32cubeide/plugins/com.st.stm32cube.ide.mcu.externaltools.gnu-tools-for-stm32.10.3-2021.10.win32_1.0.0.202111181127/tools/bin/../lib/gcc/arm-none-eabi/10.3.1/../../../../arm-none-eabi/lib/thumb/v7e-m+fp/hard/crt0.o (memset)
[...]
Memory Configuration

Name             Origin             Length             Attributes
CCMRAM           0x0000000010000000 0x0000000000004000 xrw
RAM              0x0000000020000000 0x0000000000010000 xrw
FLASH            0x0000000008000000 0x0000000000080000 xr
*default*        0x0000000000000000 0xffffffffffffffff

Linker script and memory map

LOAD c:/st/stm32cubeide_1.10.1/stm32cubeide/plugins/com.st.stm32cube.ide.mcu.externaltools.gnu-tools-for-stm32.10.3-2021.10.win32_1.0.0.202111181127/tools/bin/../lib/gcc/arm-none-eabi/10.3.1/thumb/v7e-m+fp/hard/crti.o
LOAD c:/st/stm32cubeide_1.10.1/stm32cubeide/plugins/com.st.stm32cube.ide.mcu.externaltools.gnu-tools-for-stm32.10.3-2021.10.win32_1.0.0.202111181127/tools/bin/../lib/gcc/arm-none-eabi/10.3.1/thumb/v7e-m+fp/hard/crtbegin.o
LOAD c:/st/stm32cubeide_1.10.1/stm32cubeide/plugins/com.st.stm32cube.ide.mcu.externaltools.gnu-tools-for-stm32.10.3-2021.10.win32_1.0.0.202111181127/tools/bin/../lib/gcc/arm-none-eabi/10.3.1/../../../../arm-none-eabi/lib/thumb/v7e-m+fp/hard/crt0.o
LOAD ./Core/Src/csv.o
LOAD ./Core/Src/fatfs_sd.o
LOAD ./Core/Src/freertos.o
LOAD ./Core/Src/main.o
LOAD ./Core/Src/stm32f3xx_hal_msp.o
LOAD ./Core/Src/stm32f3xx_hal_timebase_tim.o
LOAD ./Core/Src/stm32f3xx_it.o
LOAD ./Core/Src/syscalls.o
LOAD ./Core/Src/sysmem.o
LOAD ./Core/Src/system_stm32f3xx.o
LOAD ./Core/Startup/startup_stm32f303retx.o
LOAD ./Drivers/STM32F3xx_HAL_Driver/Src/stm32f3xx_hal.o
LOAD ./Drivers/STM32F3xx_HAL_Driver/Src/stm32f3xx_hal_can.o
LOAD ./Drivers/STM32F3xx_HAL_Driver/Src/stm32f3xx_hal_cortex.o
LOAD ./Drivers/STM32F3xx_HAL_Driver/Src/stm32f3xx_hal_dma.o
LOAD ./Drivers/STM32F3xx_HAL_Driver/Src/stm32f3xx_hal_exti.o
LOAD ./Drivers/STM32F3xx_HAL_Driver/Src/stm32f3xx_hal_flash.o
LOAD ./Drivers/STM32F3xx_HAL_Driver/Src/stm32f3xx_hal_flash_ex.o
LOAD ./Drivers/STM32F3xx_HAL_Driver/Src/stm32f3xx_hal_gpio.o
LOAD ./Drivers/STM32F3xx_HAL_Driver/Src/stm32f3xx_hal_i2c.o
LOAD ./Drivers/STM32F3xx_HAL_Driver/Src/stm32f3xx_hal_i2c_ex.o
LOAD ./Drivers/STM32F3xx_HAL_Driver/Src/stm32f3xx_hal_pwr.o
LOAD ./Drivers/STM32F3xx_HAL_Driver/Src/stm32f3xx_hal_pwr_ex.o
LOAD ./Drivers/STM32F3xx_HAL_Driver/Src/stm32f3xx_hal_rcc.o
LOAD ./Drivers/STM32F3xx_HAL_Driver/Src/stm32f3xx_hal_rcc_ex.o
LOAD ./Drivers/STM32F3xx_HAL_Driver/Src/stm32f3xx_hal_spi.o
LOAD ./Drivers/STM32F3xx_HAL_Driver/Src/stm32f3xx_hal_spi_ex.o
LOAD ./Drivers/STM32F3xx_HAL_Driver/Src/stm32f3xx_hal_tim.o
LOAD ./Drivers/STM32F3xx_HAL_Driver/Src/stm32f3xx_hal_tim_ex.o
LOAD ./Drivers/STM32F3xx_HAL_Driver/Src/stm32f3xx_hal_uart.o
LOAD ./Drivers/STM32F3xx_HAL_Driver/Src/stm32f3xx_hal_uart_ex.o
LOAD ./FATFS/App/fatfs.o
LOAD ./FATFS/Target/user_diskio.o
LOAD ./Middlewares/Third_Party/FatFs/src/diskio.o
LOAD ./Middlewares/Third_Party/FatFs/src/ff.o
LOAD ./Middlewares/Third_Party/FatFs/src/ff_gen_drv.o
LOAD ./Middlewares/Third_Party/FatFs/src/option/syscall.o
LOAD ./Middlewares/Third_Party/FreeRTOS/Source/CMSIS_RTOS/cmsis_os.o
LOAD ./Middlewares/Third_Party/FreeRTOS/Source/croutine.o
LOAD ./Middlewares/Third_Party/FreeRTOS/Source/event_groups.o
LOAD ./Middlewares/Third_Party/FreeRTOS/Source/list.o
LOAD ./Middlewares/Third_Party/FreeRTOS/Source/queue.o
LOAD ./Middlewares/Third_Party/FreeRTOS/Source/stream_buffer.o
LOAD ./Middlewares/Third_Party/FreeRTOS/Source/tasks.o
LOAD ./Middlewares/Third_Party/FreeRTOS/Source/timers.o
LOAD ./Middlewares/Third_Party/FreeRTOS/Source/portable/GCC/ARM_CM4F/port.o
LOAD ./Middlewares/Third_Party/FreeRTOS/Source/portable/MemMang/heap_4.o
START GROUP
LOAD c:/st/stm32cubeide_1.10.1/stm32cubeide/plugins/com.st.stm32cube.ide.mcu.externaltools.gnu-tools-for-stm32.10.3-2021.10.win32_1.0.0.202111181127/tools/bin/../lib/gcc/arm-none-eabi/10.3.1/../../../../arm-none-eabi/lib/thumb/v7e-m+fp/hard\libc_nano.a
LOAD c:/st/stm32cubeide_1.10.1/stm32cubeide/plugins/com.st.stm32cube.ide.mcu.externaltools.gnu-tools-for-stm32.10.3-2021.10.win32_1.0.0.202111181127/tools/bin/../lib/gcc/arm-none-eabi/10.3.1/../../../../arm-none-eabi/lib/thumb/v7e-m+fp/hard\libm.a
END GROUP
START GROUP
LOAD c:/st/stm32cubeide_1.10.1/stm32cubeide/plugins/com.st.stm32cube.ide.mcu.externaltools.gnu-tools-for-stm32.10.3-2021.10.win32_1.0.0.202111181127/tools/bin/../lib/gcc/arm-none-eabi/10.3.1/thumb/v7e-m+fp/hard\libgcc.a
LOAD c:/st/stm32cubeide_1.10.1/stm32cubeide/plugins/com.st.stm32cube.ide.mcu.externaltools.gnu-tools-for-stm32.10.3-2021.10.win32_1.0.0.202111181127/tools/bin/../lib/gcc/arm-none-eabi/10.3.1/../../../../arm-none-eabi/lib/thumb/v7e-m+fp/hard\libc_nano.a
END GROUP
START GROUP
LOAD c:/st/stm32cubeide_1.10.1/stm32cubeide/plugins/com.st.stm32cube.ide.mcu.externaltools.gnu-tools-for-stm32.10.3-2021.10.win32_1.0.0.202111181127/tools/bin/../lib/gcc/arm-none-eabi/10.3.1/thumb/v7e-m+fp/hard\libgcc.a
LOAD c:/st/stm32cubeide_1.10.1/stm32cubeide/plugins/com.st.stm32cube.ide.mcu.externaltools.gnu-tools-for-stm32.10.3-2021.10.win32_1.0.0.202111181127/tools/bin/../lib/gcc/arm-none-eabi/10.3.1/../../../../arm-none-eabi/lib/thumb/v7e-m+fp/hard\libc_nano.a
LOAD c:/st/stm32cubeide_1.10.1/stm32cubeide/plugins/com.st.stm32cube.ide.mcu.externaltools.gnu-tools-for-stm32.10.3-2021.10.win32_1.0.0.202111181127/tools/bin/../lib/gcc/arm-none-eabi/10.3.1/../../../../arm-none-eabi/lib/thumb/v7e-m+fp/hard\libnosys.a
END GROUP
START GROUP
LOAD c:/st/stm32cubeide_1.10.1/stm32cubeide/plugins/com.st.stm32cube.ide.mcu.externaltools.gnu-tools-for-stm32.10.3-2021.10.win32_1.0.0.202111181127/tools/bin/../lib/gcc/arm-none-eabi/10.3.1/thumb/v7e-m+fp/hard\libgcc.a
LOAD c:/st/stm32cubeide_1.10.1/stm32cubeide/plugins/com.st.stm32cube.ide.mcu.externaltools.gnu-tools-for-stm32.10.3-2021.10.win32_1.0.0.202111181127/tools/bin/../lib/gcc/arm-none-eabi/10.3.1/../../../../arm-none-eabi/lib/thumb/v7e-m+fp/hard\libc_nano.a
LOAD c:/st/stm32cubeide_1.10.1/stm32cubeide/plugins/com.st.stm32cube.ide.mcu.externaltools.gnu-tools-for-stm32.10.3-2021.10.win32_1.0.0.202111181127/tools/bin/../lib/gcc/arm-none-eabi/10.3.1/../../../../arm-none-eabi/lib/thumb/v7e-m+fp/hard\libnosys.a
END GROUP
LOAD c:/st/stm32cubeide_1.10.1/stm32cubeide/plugins/com.st.stm32cube.ide.mcu.externaltools.gnu-tools-for-stm32.10.3-2021.10.win32_1.0.0.202111181127/tools/bin/../lib/gcc/arm-none-eabi/10.3.1/thumb/v7e-m+fp/hard/crtend.o
LOAD c:/st/stm32cubeide_1.10.1/stm32cubeide/plugins/com.st.stm32cube.ide.mcu.externaltools.gnu-tools-for-stm32.10.3-2021.10.win32_1.0.0.202111181127/tools/bin/../lib/gcc/arm-none-eabi/10.3.1/thumb/v7e-m+fp/hard/crtn.o
                0x0000000020010000                _estack = (ORIGIN (RAM) + LENGTH (RAM))
                0x0000000000000200                _Min_Heap_Size = 0x200
                0x0000000000000400                _Min_Stack_Size = 0x400

.isr_vector     0x0000000008000000      0x194
                0x0000000008000000                . = ALIGN (0x4)
 *(.isr_vector)
 .isr_vector    0x0000000008000000      0x194 ./Core/Startup/startup_stm32f303retx.o
                0x0000000008000000                g_pfnVectors
                0x0000000008000194                . = ALIGN (0x4)

.text           0x00000000080001a0     0xd758
                0x00000000080001a0                . = ALIGN (0x4)
 *(.text)
 .text          0x00000000080001a0       0x40 c:/st/stm32cubeide_1.10.1/stm32cubeide/plugins/com.st.stm32cube.ide.mcu.externaltools.gnu-tools-for-stm32.10.3-2021.10.win32_1.0.0.202111181127/tools/bin/../lib/gcc/arm-none-eabi/10.3.1/thumb/v7e-m+fp/hard/crtbegin.o
 .text          0x00000000080001e0       0x10 c:/st/stm32cubeide_1.10.1/stm32cubeide/plugins/com.st.stm32cube.ide.mcu.externaltools.gnu-tools-for-stm32.10.3-2021.10.win32_1.0.0.202111181127/tools/bin/../lib/gcc/arm-none-eabi/10.3.1/../../../../arm-none-eabi/lib/thumb/v7e-m+fp/hard\libc_nano.a(lib_a-strlen.o)
                0x00000000080001e0                strlen
 .text          0x00000000080001f0       0xa0 c:/st/stm32cubeide_1.10.1/stm32cubeide/plugins/com.st.stm32cube.ide.mcu.externaltools.gnu-tools-for-stm32.10.3-2021.10.win32_1.0.0.202111181127/tools/bin/../lib/gcc/arm-none-eabi/10.3.1/../../../../arm-none-eabi/lib/thumb/v7e-m+fp/hard\libc_nano.a(lib_a-memchr.o)
                0x00000000080001f0                memchr
 *(.text*)
 .text.add_char
                0x0000000008000290       0x68 ./Core/Src/csv.o
 .text.create_field
                0x00000000080002f8       0x34 ./Core/Src/csv.o
 .text.destroy_field
                0x000000000800032c       0x32 ./Core/Src/csv.o
 .text.set_field
                0x000000000800035e       0x50 ./Core/Src/csv.o
 .text.read_next_field
                0x00000000080003ae      0x238 ./Core/Src/csv.o
 .text.append_field
                0x00000000080005e6       0x90 ./Core/Src/csv.o
 .text.append_row
                0x0000000008000676       0x9a ./Core/Src/csv.o
 .text.csv_create_buffer
                0x0000000008000710       0x3e ./Core/Src/csv.o
                0x0000000008000710                csv_create_buffer
 .text.csv_destroy_buffer
                0x000000000800074e       0xa8 ./Core/Src/csv.o
                0x000000000800074e                csv_destroy_buffer
 .text.csv_load
                0x00000000080007f6       0xdc ./Core/Src/csv.o
                0x00000000080007f6                csv_load
 .text.csv_save
                0x00000000080008d2      0x1da ./Core/Src/csv.o
                0x00000000080008d2                csv_save
 .text.csv_set_field
                0x0000000008000aac       0x6c ./Core/Src/csv.o
                0x0000000008000aac                csv_set_field
 .text.SELECT   0x0000000008000b18       0x18 ./Core/Src/fatfs_sd.o
 .text.DESELECT
                0x0000000008000b30       0x18 ./Core/Src/fatfs_sd.o
 .text.SPI_TxByte
                0x0000000008000b48       0x34 ./Core/Src/fatfs_sd.o
 .text.SPI_TxBuffer
                0x0000000008000b7c       0x34 ./Core/Src/fatfs_sd.o
 .text.SPI_RxByte
                0x0000000008000bb0       0x38 ./Core/Src/fatfs_sd.o
 .text.SPI_RxBytePtr
                0x0000000008000be8       0x1c ./Core/Src/fatfs_sd.o
 .text.SD_ReadyWait
                0x0000000008000c04       0x34 ./Core/Src/fatfs_sd.o
 .text.SD_PowerOn
                0x0000000008000c38       0x84 ./Core/Src/fatfs_sd.o
 .text.SD_PowerOff
                0x0000000008000cbc       0x18 ./Core/Src/fatfs_sd.o
 .text.SD_CheckPower
                0x0000000008000cd4       0x18 ./Core/Src/fatfs_sd.o
 .text.SD_RxDataBlock
                0x0000000008000cec       0x5c ./Core/Src/fatfs_sd.o
 .text.SD_TxDataBlock
                0x0000000008000d48       0x86 ./Core/Src/fatfs_sd.o
 .text.SD_SendCmd
                0x0000000008000dce       0xa8 ./Core/Src/fatfs_sd.o
 *fill*         0x0000000008000e76        0x2 
 .text.SD_disk_initialize
                0x0000000008000e78      0x1cc ./Core/Src/fatfs_sd.o
                0x0000000008000e78                SD_disk_initialize
 .text.SD_disk_status
                0x0000000008001044       0x2c ./Core/Src/fatfs_sd.o
                0x0000000008001044                SD_disk_status
 .text.SD_disk_read
                0x0000000008001070       0xd4 ./Core/Src/fatfs_sd.o
                0x0000000008001070                SD_disk_read
 .text.SD_disk_write
                0x0000000008001144      0x108 ./Core/Src/fatfs_sd.o
                0x0000000008001144                SD_disk_write
 .text.SD_disk_ioctl
                0x000000000800124c      0x258 ./Core/Src/fatfs_sd.o
                0x000000000800124c                SD_disk_ioctl
 .text.main     0x00000000080014a4      0x210 ./Core/Src/main.o
                0x00000000080014a4                main
 .text.SystemClock_Config
                0x00000000080016b4       0xc0 ./Core/Src/main.o
                0x00000000080016b4                SystemClock_Config
 .text.MX_CAN_Init
                0x0000000008001774       0x70 ./Core/Src/main.o
 .text.MX_SPI1_Init
                0x00000000080017e4       0x7c ./Core/Src/main.o
 .text.MX_USART2_UART_Init
                0x0000000008001860       0x60 ./Core/Src/main.o
 .text.MX_GPIO_Init
                0x00000000080018c0       0x94 ./Core/Src/main.o
 .text.myprintf
                0x0000000008001954       0x58 ./Core/Src/main.o
                0x0000000008001954                myprintf
 .text.printCANMessage
                0x00000000080019ac       0x64 ./Core/Src/main.o
                0x00000000080019ac                printCANMessage
 .text.print_buffer
                0x0000000008001a10       0x98 ./Core/Src/main.o
                0x0000000008001a10                print_buffer
 .text.StartDefaultTask
                0x0000000008001aa8       0x78 ./Core/Src/main.o
                0x0000000008001aa8                StartDefaultTask
 .text.StartSDCardSaveTask
                0x0000000008001b20      0x190 ./Core/Src/main.o
                0x0000000008001b20                StartSDCardSaveTask
 .text.StartGetData1
                0x0000000008001cb0      0x138 ./Core/Src/main.o
                0x0000000008001cb0                StartGetData1
 .text.StartGetData2
                0x0000000008001de8       0x1c ./Core/Src/main.o
                0x0000000008001de8                StartGetData2
 .text.StartReadCAN
                0x0000000008001e04       0x58 ./Core/Src/main.o
                0x0000000008001e04                StartReadCAN
 .text.HAL_TIM_PeriodElapsedCallback
                0x0000000008001e5c       0x24 ./Core/Src/main.o
                0x0000000008001e5c                HAL_TIM_PeriodElapsedCallback
 .text.Error_Handler
                0x0000000008001e80       0x14 ./Core/Src/main.o
                0x0000000008001e80                Error_Handler
 .text.HAL_MspInit
                0x0000000008001e94       0x50 ./Core/Src/stm32f3xx_hal_msp.o
                0x0000000008001e94                HAL_MspInit
 .text.HAL_CAN_MspInit
                0x0000000008001ee4       0x88 ./Core/Src/stm32f3xx_hal_msp.o
                0x0000000008001ee4                HAL_CAN_MspInit
 .text.HAL_SPI_MspInit
                0x0000000008001f6c       0x84 ./Core/Src/stm32f3xx_hal_msp.o
                0x0000000008001f6c                HAL_SPI_MspInit
 .text.HAL_UART_MspInit
                0x0000000008001ff0       0x84 ./Core/Src/stm32f3xx_hal_msp.o
                0x0000000008001ff0                HAL_UART_MspInit
 .text.HAL_InitTick
                0x0000000008002074       0xf4 ./Core/Src/stm32f3xx_hal_timebase_tim.o
                0x0000000008002074                HAL_InitTick
 .text.NMI_Handler
                0x0000000008002168        0xa ./Core/Src/stm32f3xx_it.o
                0x0000000008002168                NMI_Handler
 .text.HardFault_Handler
                0x0000000008002172        0x6 ./Core/Src/stm32f3xx_it.o
                0x0000000008002172                HardFault_Handler
 .text.MemManage_Handler
                0x0000000008002178        0x6 ./Core/Src/stm32f3xx_it.o
                0x0000000008002178                MemManage_Handler
 .text.BusFault_Handler
                0x000000000800217e        0x6 ./Core/Src/stm32f3xx_it.o
                0x000000000800217e                BusFault_Handler
 .text.UsageFault_Handler
                0x0000000008002184        0x6 ./Core/Src/stm32f3xx_it.o
                0x0000000008002184                UsageFault_Handler
 .text.DebugMon_Handler
                0x000000000800218a        0xe ./Core/Src/stm32f3xx_it.o
                0x000000000800218a                DebugMon_Handler
 .text.TIM6_DAC_IRQHandler
                0x0000000008002198       0x14 ./Core/Src/stm32f3xx_it.o
                0x0000000008002198                TIM6_DAC_IRQHandler
 .text._sbrk    0x00000000080021ac       0x6c ./Core/Src/sysmem.o
                0x00000000080021ac                _sbrk
 .text.SystemInit
                0x0000000008002218       0x24 ./Core/Src/system_stm32f3xx.o
                0x0000000008002218                SystemInit
 .text.Reset_Handler
                0x000000000800223c       0x50 ./Core/Startup/startup_stm32f303retx.o
                0x000000000800223c                Reset_Handler
 .text.Default_Handler
                0x000000000800228c        0x2 ./Core/Startup/startup_stm32f303retx.o
                0x000000000800228c                RTC_Alarm_IRQHandler
                0x000000000800228c                TIM8_TRG_COM_IRQHandler
                0x000000000800228c                TIM8_CC_IRQHandler
                0x000000000800228c                SPI4_IRQHandler
                0x000000000800228c                TIM1_CC_IRQHandler
                0x000000000800228c                USB_HP_IRQHandler
                0x000000000800228c                PVD_IRQHandler
                0x000000000800228c                TAMP_STAMP_IRQHandler
                0x000000000800228c                EXTI3_IRQHandler
                0x000000000800228c                I2C3_ER_IRQHandler
                0x000000000800228c                USB_HP_CAN_TX_IRQHandler
                0x000000000800228c                EXTI0_IRQHandler
                0x000000000800228c                I2C2_EV_IRQHandler
                0x000000000800228c                FPU_IRQHandler
                0x000000000800228c                TIM1_UP_TIM16_IRQHandler
                0x000000000800228c                ADC1_2_IRQHandler
                0x000000000800228c                SPI1_IRQHandler
                0x000000000800228c                CAN_SCE_IRQHandler
                0x000000000800228c                TIM8_UP_IRQHandler
                0x000000000800228c                DMA2_Channel2_IRQHandler
                0x000000000800228c                DMA1_Channel4_IRQHandler
                0x000000000800228c                TIM20_TRG_COM_IRQHandler
                0x000000000800228c                USART3_IRQHandler
                0x000000000800228c                DMA1_Channel7_IRQHandler
                0x000000000800228c                UART5_IRQHandler
                0x000000000800228c                ADC3_IRQHandler
                0x000000000800228c                TIM4_IRQHandler
                0x000000000800228c                CAN_RX1_IRQHandler
                0x000000000800228c                DMA2_Channel1_IRQHandler
                0x000000000800228c                I2C1_EV_IRQHandler
                0x000000000800228c                DMA1_Channel6_IRQHandler
                0x000000000800228c                UART4_IRQHandler
                0x000000000800228c                DMA2_Channel4_IRQHandler
                0x000000000800228c                TIM3_IRQHandler
                0x000000000800228c                RCC_IRQHandler
                0x000000000800228c                TIM20_UP_IRQHandler
                0x000000000800228c                DMA1_Channel1_IRQHandler
                0x000000000800228c                Default_Handler
                0x000000000800228c                USBWakeUp_RMP_IRQHandler
                0x000000000800228c                EXTI15_10_IRQHandler
                0x000000000800228c                TIM7_IRQHandler
                0x000000000800228c                I2C3_EV_IRQHandler
                0x000000000800228c                EXTI9_5_IRQHandler
                0x000000000800228c                RTC_WKUP_IRQHandler
                0x000000000800228c                SPI2_IRQHandler
                0x000000000800228c                USB_LP_CAN_RX0_IRQHandler
                0x000000000800228c                DMA2_Channel5_IRQHandler
                0x000000000800228c                DMA1_Channel5_IRQHandler
                0x000000000800228c                USB_LP_IRQHandler
                0x000000000800228c                EXTI4_IRQHandler
                0x000000000800228c                TIM1_TRG_COM_TIM17_IRQHandler
                0x000000000800228c                DMA1_Channel3_IRQHandler
                0x000000000800228c                ADC4_IRQHandler
                0x000000000800228c                WWDG_IRQHandler
                0x000000000800228c                TIM2_IRQHandler
                0x000000000800228c                COMP7_IRQHandler
                0x000000000800228c                COMP1_2_3_IRQHandler
                0x000000000800228c                EXTI1_IRQHandler
                0x000000000800228c                USART2_IRQHandler
                0x000000000800228c                COMP4_5_6_IRQHandler
                0x000000000800228c                TIM20_BRK_IRQHandler
                0x000000000800228c                I2C2_ER_IRQHandler
                0x000000000800228c                DMA1_Channel2_IRQHandler
                0x000000000800228c                TIM8_BRK_IRQHandler
                0x000000000800228c                FLASH_IRQHandler
                0x000000000800228c                TIM20_CC_IRQHandler
                0x000000000800228c                USART1_IRQHandler
                0x000000000800228c                SPI3_IRQHandler
                0x000000000800228c                I2C1_ER_IRQHandler
                0x000000000800228c                FMC_IRQHandler
                0x000000000800228c                USBWakeUp_IRQHandler
                0x000000000800228c                DMA2_Channel3_IRQHandler
                0x000000000800228c                EXTI2_TSC_IRQHandler
                0x000000000800228c                TIM1_BRK_TIM15_IRQHandler
 *fill*         0x000000000800228e        0x2 
 .text.HAL_Init
                0x0000000008002290       0x2c ./Drivers/STM32F3xx_HAL_Driver/Src/stm32f3xx_hal.o
                0x0000000008002290                HAL_Init
 .text.HAL_IncTick
                0x00000000080022bc       0x28 ./Drivers/STM32F3xx_HAL_Driver/Src/stm32f3xx_hal.o
                0x00000000080022bc                HAL_IncTick
 .text.HAL_GetTick
                0x00000000080022e4       0x18 ./Drivers/STM32F3xx_HAL_Driver/Src/stm32f3xx_hal.o
                0x00000000080022e4                HAL_GetTick
 .text.HAL_CAN_Init
                0x00000000080022fc      0x1f6 ./Drivers/STM32F3xx_HAL_Driver/Src/stm32f3xx_hal_can.o
                0x00000000080022fc                HAL_CAN_Init
 .text.HAL_CAN_ConfigFilter
                0x00000000080024f2      0x194 ./Drivers/STM32F3xx_HAL_Driver/Src/stm32f3xx_hal_can.o
                0x00000000080024f2                HAL_CAN_ConfigFilter
 .text.HAL_CAN_Start
                0x0000000008002686       0x88 ./Drivers/STM32F3xx_HAL_Driver/Src/stm32f3xx_hal_can.o
                0x0000000008002686                HAL_CAN_Start
 .text.HAL_CAN_AddTxMessage
                0x000000000800270e      0x1b6 ./Drivers/STM32F3xx_HAL_Driver/Src/stm32f3xx_hal_can.o
                0x000000000800270e                HAL_CAN_AddTxMessage
 .text.HAL_CAN_GetTxMailboxesFreeLevel
                0x00000000080028c4       0x6a ./Drivers/STM32F3xx_HAL_Driver/Src/stm32f3xx_hal_can.o
                0x00000000080028c4                HAL_CAN_GetTxMailboxesFreeLevel
 .text.HAL_CAN_GetRxMessage
                0x000000000800292e      0x224 ./Drivers/STM32F3xx_HAL_Driver/Src/stm32f3xx_hal_can.o
                0x000000000800292e                HAL_CAN_GetRxMessage
 .text.HAL_CAN_GetRxFifoFillLevel
                0x0000000008002b52       0x50 ./Drivers/STM32F3xx_HAL_Driver/Src/stm32f3xx_hal_can.o
                0x0000000008002b52                HAL_CAN_GetRxFifoFillLevel
 .text.HAL_CAN_ActivateNotification
                0x0000000008002ba2       0x4c ./Drivers/STM32F3xx_HAL_Driver/Src/stm32f3xx_hal_can.o
                0x0000000008002ba2                HAL_CAN_ActivateNotification
 *fill*         0x0000000008002bee        0x2 
 .text.__NVIC_SetPriorityGrouping
                0x0000000008002bf0       0x48 ./Drivers/STM32F3xx_HAL_Driver/Src/stm32f3xx_hal_cortex.o
 .text.__NVIC_GetPriorityGrouping
                0x0000000008002c38       0x1c ./Drivers/STM32F3xx_HAL_Driver/Src/stm32f3xx_hal_cortex.o
 .text.__NVIC_EnableIRQ
                0x0000000008002c54       0x3c ./Drivers/STM32F3xx_HAL_Driver/Src/stm32f3xx_hal_cortex.o
 .text.__NVIC_SetPriority
                0x0000000008002c90       0x54 ./Drivers/STM32F3xx_HAL_Driver/Src/stm32f3xx_hal_cortex.o
 .text.NVIC_EncodePriority
                0x0000000008002ce4       0x66 ./Drivers/STM32F3xx_HAL_Driver/Src/stm32f3xx_hal_cortex.o
 .text.HAL_NVIC_SetPriorityGrouping
                0x0000000008002d4a       0x16 ./Drivers/STM32F3xx_HAL_Driver/Src/stm32f3xx_hal_cortex.o
                0x0000000008002d4a                HAL_NVIC_SetPriorityGrouping
 .text.HAL_NVIC_SetPriority
                0x0000000008002d60       0x38 ./Drivers/STM32F3xx_HAL_Driver/Src/stm32f3xx_hal_cortex.o
                0x0000000008002d60                HAL_NVIC_SetPriority
 .text.HAL_NVIC_EnableIRQ
                0x0000000008002d98       0x1c ./Drivers/STM32F3xx_HAL_Driver/Src/stm32f3xx_hal_cortex.o
                0x0000000008002d98                HAL_NVIC_EnableIRQ
 .text.HAL_GPIO_Init
                0x0000000008002db4      0x314 ./Drivers/STM32F3xx_HAL_Driver/Src/stm32f3xx_hal_gpio.o
                0x0000000008002db4                HAL_GPIO_Init
 .text.HAL_GPIO_WritePin
                0x00000000080030c8       0x30 ./Drivers/STM32F3xx_HAL_Driver/Src/stm32f3xx_hal_gpio.o
                0x00000000080030c8                HAL_GPIO_WritePin
 .text.HAL_RCC_OscConfig
                0x00000000080030f8     0x10a8 ./Drivers/STM32F3xx_HAL_Driver/Src/stm32f3xx_hal_rcc.o
                0x00000000080030f8                HAL_RCC_OscConfig
 .text.HAL_RCC_ClockConfig
                0x00000000080041a0      0x2f8 ./Drivers/STM32F3xx_HAL_Driver/Src/stm32f3xx_hal_rcc.o
                0x00000000080041a0                HAL_RCC_ClockConfig
 .text.HAL_RCC_EnableCSS
                0x0000000008004498       0x38 ./Drivers/STM32F3xx_HAL_Driver/Src/stm32f3xx_hal_rcc.o
                0x0000000008004498                HAL_RCC_EnableCSS
 .text.HAL_RCC_GetSysClockFreq
                0x00000000080044d0       0xd4 ./Drivers/STM32F3xx_HAL_Driver/Src/stm32f3xx_hal_rcc.o
                0x00000000080044d0                HAL_RCC_GetSysClockFreq
 .text.HAL_RCC_GetHCLKFreq
                0x00000000080045a4       0x18 ./Drivers/STM32F3xx_HAL_Driver/Src/stm32f3xx_hal_rcc.o
                0x00000000080045a4                HAL_RCC_GetHCLKFreq
 .text.HAL_RCC_GetPCLK1Freq
                0x00000000080045bc       0x44 ./Drivers/STM32F3xx_HAL_Driver/Src/stm32f3xx_hal_rcc.o
                0x00000000080045bc                HAL_RCC_GetPCLK1Freq
 .text.HAL_RCC_GetPCLK2Freq
                0x0000000008004600       0x44 ./Drivers/STM32F3xx_HAL_Driver/Src/stm32f3xx_hal_rcc.o
                0x0000000008004600                HAL_RCC_GetPCLK2Freq
 .text.HAL_RCC_GetClockConfig
                0x0000000008004644       0x64 ./Drivers/STM32F3xx_HAL_Driver/Src/stm32f3xx_hal_rcc.o
                0x0000000008004644                HAL_RCC_GetClockConfig
 .text.HAL_RCC_NMI_IRQHandler
                0x00000000080046a8       0x28 ./Drivers/STM32F3xx_HAL_Driver/Src/stm32f3xx_hal_rcc.o
                0x00000000080046a8                HAL_RCC_NMI_IRQHandler
 .text.HAL_RCC_CSSCallback
                0x00000000080046d0        0xe ./Drivers/STM32F3xx_HAL_Driver/Src/stm32f3xx_hal_rcc.o
                0x00000000080046d0                HAL_RCC_CSSCallback
 *fill*         0x00000000080046de        0x2 
 .text.HAL_RCCEx_PeriphCLKConfig
                0x00000000080046e0      0x43c ./Drivers/STM32F3xx_HAL_Driver/Src/stm32f3xx_hal_rcc_ex.o
                0x00000000080046e0                HAL_RCCEx_PeriphCLKConfig
 .text.HAL_SPI_Init
                0x0000000008004b1c      0x156 ./Drivers/STM32F3xx_HAL_Driver/Src/stm32f3xx_hal_spi.o
                0x0000000008004b1c                HAL_SPI_Init
 .text.HAL_SPI_Transmit
                0x0000000008004c72      0x2dc ./Drivers/STM32F3xx_HAL_Driver/Src/stm32f3xx_hal_spi.o
                0x0000000008004c72                HAL_SPI_Transmit
 .text.HAL_SPI_TransmitReceive
                0x0000000008004f4e      0x426 ./Drivers/STM32F3xx_HAL_Driver/Src/stm32f3xx_hal_spi.o
                0x0000000008004f4e                HAL_SPI_TransmitReceive
 .text.SPI_WaitFlagStateUntilTimeout
                0x0000000008005374      0x110 ./Drivers/STM32F3xx_HAL_Driver/Src/stm32f3xx_hal_spi.o
 .text.SPI_WaitFifoStateUntilTimeout
                0x0000000008005484      0x12c ./Drivers/STM32F3xx_HAL_Driver/Src/stm32f3xx_hal_spi.o
 .text.SPI_EndRxTxTransaction
                0x00000000080055b0       0x8c ./Drivers/STM32F3xx_HAL_Driver/Src/stm32f3xx_hal_spi.o
 .text.HAL_TIM_Base_Init
                0x000000000800563c       0xae ./Drivers/STM32F3xx_HAL_Driver/Src/stm32f3xx_hal_tim.o
                0x000000000800563c                HAL_TIM_Base_Init
 .text.HAL_TIM_Base_MspInit
                0x00000000080056ea       0x14 ./Drivers/STM32F3xx_HAL_Driver/Src/stm32f3xx_hal_tim.o
                0x00000000080056ea                HAL_TIM_Base_MspInit
 *fill*         0x00000000080056fe        0x2 
 .text.HAL_TIM_Base_Start_IT
                0x0000000008005700       0xe0 ./Drivers/STM32F3xx_HAL_Driver/Src/stm32f3xx_hal_tim.o
                0x0000000008005700                HAL_TIM_Base_Start_IT
 .text.HAL_TIM_IRQHandler
                0x00000000080057e0      0x23e ./Drivers/STM32F3xx_HAL_Driver/Src/stm32f3xx_hal_tim.o
                0x00000000080057e0                HAL_TIM_IRQHandler
 .text.HAL_TIM_OC_DelayElapsedCallback
                0x0000000008005a1e       0x14 ./Drivers/STM32F3xx_HAL_Driver/Src/stm32f3xx_hal_tim.o
                0x0000000008005a1e                HAL_TIM_OC_DelayElapsedCallback
 .text.HAL_TIM_IC_CaptureCallback
                0x0000000008005a32       0x14 ./Drivers/STM32F3xx_HAL_Driver/Src/stm32f3xx_hal_tim.o
                0x0000000008005a32                HAL_TIM_IC_CaptureCallback
 .text.HAL_TIM_PWM_PulseFinishedCallback
                0x0000000008005a46       0x14 ./Drivers/STM32F3xx_HAL_Driver/Src/stm32f3xx_hal_tim.o
                0x0000000008005a46                HAL_TIM_PWM_PulseFinishedCallback
 .text.HAL_TIM_TriggerCallback
                0x0000000008005a5a       0x14 ./Drivers/STM32F3xx_HAL_Driver/Src/stm32f3xx_hal_tim.o
                0x0000000008005a5a                HAL_TIM_TriggerCallback
 *fill*         0x0000000008005a6e        0x2 
 .text.TIM_Base_SetConfig
                0x0000000008005a70      0x13c ./Drivers/STM32F3xx_HAL_Driver/Src/stm32f3xx_hal_tim.o
                0x0000000008005a70                TIM_Base_SetConfig
 .text.HAL_TIMEx_CommutCallback
                0x0000000008005bac       0x14 ./Drivers/STM32F3xx_HAL_Driver/Src/stm32f3xx_hal_tim_ex.o
                0x0000000008005bac                HAL_TIMEx_CommutCallback
 .text.HAL_TIMEx_BreakCallback
                0x0000000008005bc0       0x14 ./Drivers/STM32F3xx_HAL_Driver/Src/stm32f3xx_hal_tim_ex.o
                0x0000000008005bc0                HAL_TIMEx_BreakCallback
 .text.HAL_TIMEx_Break2Callback
                0x0000000008005bd4       0x14 ./Drivers/STM32F3xx_HAL_Driver/Src/stm32f3xx_hal_tim_ex.o
                0x0000000008005bd4                HAL_TIMEx_Break2Callback
 .text.HAL_UART_Init
                0x0000000008005be8       0x9c ./Drivers/STM32F3xx_HAL_Driver/Src/stm32f3xx_hal_uart.o
                0x0000000008005be8                HAL_UART_Init
 .text.HAL_UART_Transmit
                0x0000000008005c84      0x128 ./Drivers/STM32F3xx_HAL_Driver/Src/stm32f3xx_hal_uart.o
                0x0000000008005c84                HAL_UART_Transmit
 .text.UART_SetConfig
                0x0000000008005dac      0x3ac ./Drivers/STM32F3xx_HAL_Driver/Src/stm32f3xx_hal_uart.o
                0x0000000008005dac                UART_SetConfig
 .text.UART_AdvFeatureConfig
                0x0000000008006158      0x144 ./Drivers/STM32F3xx_HAL_Driver/Src/stm32f3xx_hal_uart.o
                0x0000000008006158                UART_AdvFeatureConfig
 .text.UART_CheckIdleState
                0x000000000800629c       0x92 ./Drivers/STM32F3xx_HAL_Driver/Src/stm32f3xx_hal_uart.o
                0x000000000800629c                UART_CheckIdleState
 .text.UART_WaitOnFlagUntilTimeout
                0x000000000800632e      0x188 ./Drivers/STM32F3xx_HAL_Driver/Src/stm32f3xx_hal_uart.o
                0x000000000800632e                UART_WaitOnFlagUntilTimeout
 *fill*         0x00000000080064b6        0x2 
 .text.MX_FATFS_Init
                0x00000000080064b8       0x24 ./FATFS/App/fatfs.o
                0x00000000080064b8                MX_FATFS_Init
 .text.get_fattime
                0x00000000080064dc       0x10 ./FATFS/App/fatfs.o
                0x00000000080064dc                get_fattime
 .text.USER_initialize
                0x00000000080064ec       0x1c ./FATFS/Target/user_diskio.o
                0x00000000080064ec                USER_initialize
 .text.USER_status
                0x0000000008006508       0x1c ./FATFS/Target/user_diskio.o
                0x0000000008006508                USER_status
 .text.USER_read
                0x0000000008006524       0x26 ./FATFS/Target/user_diskio.o
                0x0000000008006524                USER_read
 .text.USER_write
                0x000000000800654a       0x26 ./FATFS/Target/user_diskio.o
                0x000000000800654a                USER_write
 .text.USER_ioctl
                0x0000000008006570       0x26 ./FATFS/Target/user_diskio.o
                0x0000000008006570                USER_ioctl
 *fill*         0x0000000008006596        0x2 
 .text.disk_status
                0x0000000008006598       0x34 ./Middlewares/Third_Party/FatFs/src/diskio.o
                0x0000000008006598                disk_status
 .text.disk_initialize
                0x00000000080065cc       0x4c ./Middlewares/Third_Party/FatFs/src/diskio.o
                0x00000000080065cc                disk_initialize
 .text.disk_read
                0x0000000008006618       0x40 ./Middlewares/Third_Party/FatFs/src/diskio.o
                0x0000000008006618                disk_read
 .text.disk_write
                0x0000000008006658       0x40 ./Middlewares/Third_Party/FatFs/src/diskio.o
                0x0000000008006658                disk_write
 .text.disk_ioctl
                0x0000000008006698       0x3c ./Middlewares/Third_Party/FatFs/src/diskio.o
                0x0000000008006698                disk_ioctl
 .text.mem_cpy  0x00000000080066d4       0x3e ./Middlewares/Third_Party/FatFs/src/ff.o
 .text.mem_set  0x0000000008006712       0x36 ./Middlewares/Third_Party/FatFs/src/ff.o
 .text.mem_cmp  0x0000000008006748       0x4e ./Middlewares/Third_Party/FatFs/src/ff.o
 .text.chk_chr  0x0000000008006796       0x36 ./Middlewares/Third_Party/FatFs/src/ff.o
 .text.lock_fs  0x00000000080067cc       0x20 ./Middlewares/Third_Party/FatFs/src/ff.o
 .text.unlock_fs
                0x00000000080067ec       0x40 ./Middlewares/Third_Party/FatFs/src/ff.o
 .text.chk_lock
                0x000000000800682c       0xe0 ./Middlewares/Third_Party/FatFs/src/ff.o
 .text.enq_lock
                0x000000000800690c       0x48 ./Middlewares/Third_Party/FatFs/src/ff.o
 .text.inc_lock
                0x0000000008006954      0x17c ./Middlewares/Third_Party/FatFs/src/ff.o
 .text.dec_lock
                0x0000000008006ad0       0x88 ./Middlewares/Third_Party/FatFs/src/ff.o
 .text.clear_lock
                0x0000000008006b58       0x54 ./Middlewares/Third_Party/FatFs/src/ff.o
 .text.sync_window
                0x0000000008006bac       0xa4 ./Middlewares/Third_Party/FatFs/src/ff.o
 .text.move_window
                0x0000000008006c50       0x64 ./Middlewares/Third_Party/FatFs/src/ff.o
 .text.sync_fs  0x0000000008006cb4      0x17e ./Middlewares/Third_Party/FatFs/src/ff.o
 .text.clust2sect
                0x0000000008006e32       0x4a ./Middlewares/Third_Party/FatFs/src/ff.o
                0x0000000008006e32                clust2sect
 .text.get_fat  0x0000000008006e7c      0x1f8 ./Middlewares/Third_Party/FatFs/src/ff.o
                0x0000000008006e7c                get_fat
 .text.put_fat  0x0000000008007074      0x2a6 ./Middlewares/Third_Party/FatFs/src/ff.o
                0x0000000008007074                put_fat
 .text.remove_chain
                0x000000000800731a       0xc2 ./Middlewares/Third_Party/FatFs/src/ff.o
 .text.create_chain
                0x00000000080073dc      0x150 ./Middlewares/Third_Party/FatFs/src/ff.o
 .text.clmt_clust
                0x000000000800752c       0x82 ./Middlewares/Third_Party/FatFs/src/ff.o
 .text.dir_sdi  0x00000000080075ae      0x19c ./Middlewares/Third_Party/FatFs/src/ff.o
 .text.dir_next
                0x000000000800774a      0x294 ./Middlewares/Third_Party/FatFs/src/ff.o
 .text.dir_alloc
                0x00000000080079de       0x9c ./Middlewares/Third_Party/FatFs/src/ff.o
 .text.ld_clust
                0x0000000008007a7a       0x5e ./Middlewares/Third_Party/FatFs/src/ff.o
 .text.st_clust
                0x0000000008007ad8       0x4e ./Middlewares/Third_Party/FatFs/src/ff.o
 .text.dir_find
                0x0000000008007b26       0xa6 ./Middlewares/Third_Party/FatFs/src/ff.o
 .text.dir_register
                0x0000000008007bcc       0x80 ./Middlewares/Third_Party/FatFs/src/ff.o
 .text.create_name
                0x0000000008007c4c      0x184 ./Middlewares/Third_Party/FatFs/src/ff.o
 .text.follow_path
                0x0000000008007dd0       0xec ./Middlewares/Third_Party/FatFs/src/ff.o
 .text.get_ldnumber
                0x0000000008007ebc       0x88 ./Middlewares/Third_Party/FatFs/src/ff.o
 .text.check_fs
                0x0000000008007f44       0xdc ./Middlewares/Third_Party/FatFs/src/ff.o
 .text.find_volume
                0x0000000008008020      0x674 ./Middlewares/Third_Party/FatFs/src/ff.o
 .text.validate
                0x0000000008008694       0x8e ./Middlewares/Third_Party/FatFs/src/ff.o
 *fill*         0x0000000008008722        0x2 
 .text.f_mount  0x0000000008008724       0xd8 ./Middlewares/Third_Party/FatFs/src/ff.o
                0x0000000008008724                f_mount
 .text.f_open   0x00000000080087fc      0x626 ./Middlewares/Third_Party/FatFs/src/ff.o
                0x00000000080087fc                f_open
 .text.f_read   0x0000000008008e22      0x47a ./Middlewares/Third_Party/FatFs/src/ff.o
                0x0000000008008e22                f_read
 .text.f_write  0x000000000800929c      0x51c ./Middlewares/Third_Party/FatFs/src/ff.o
                0x000000000800929c                f_write
 .text.f_sync   0x00000000080097b8      0x1be ./Middlewares/Third_Party/FatFs/src/ff.o
                0x00000000080097b8                f_sync
 .text.f_close  0x0000000008009976       0x68 ./Middlewares/Third_Party/FatFs/src/ff.o
                0x0000000008009976                f_close
 .text.f_lseek  0x00000000080099de      0x6e2 ./Middlewares/Third_Party/FatFs/src/ff.o
                0x00000000080099de                f_lseek
 .text.f_truncate
                0x000000000800a0c0      0x1c8 ./Middlewares/Third_Party/FatFs/src/ff.o
                0x000000000800a0c0                f_truncate
 .text.FATFS_LinkDriverEx
                0x000000000800a288       0x98 ./Middlewares/Third_Party/FatFs/src/ff_gen_drv.o
                0x000000000800a288                FATFS_LinkDriverEx
 .text.FATFS_LinkDriver
                0x000000000800a320       0x1e ./Middlewares/Third_Party/FatFs/src/ff_gen_drv.o
                0x000000000800a320                FATFS_LinkDriver
 .text.ff_cre_syncobj
                0x000000000800a33e       0x3c ./Middlewares/Third_Party/FatFs/src/option/syscall.o
                0x000000000800a33e                ff_cre_syncobj
 .text.ff_del_syncobj
                0x000000000800a37a       0x18 ./Middlewares/Third_Party/FatFs/src/option/syscall.o
                0x000000000800a37a                ff_del_syncobj
 .text.ff_req_grant
                0x000000000800a392       0x2a ./Middlewares/Third_Party/FatFs/src/option/syscall.o
                0x000000000800a392                ff_req_grant
 .text.ff_rel_grant
                0x000000000800a3bc       0x16 ./Middlewares/Third_Party/FatFs/src/option/syscall.o
                0x000000000800a3bc                ff_rel_grant
 .text.makeFreeRtosPriority
                0x000000000800a3d2       0x30 ./Middlewares/Third_Party/FreeRTOS/Source/CMSIS_RTOS/cmsis_os.o
 .text.inHandlerMode
                0x000000000800a402       0x24 ./Middlewares/Third_Party/FreeRTOS/Source/CMSIS_RTOS/cmsis_os.o
 .text.osKernelStart
                0x000000000800a426        0xe ./Middlewares/Third_Party/FreeRTOS/Source/CMSIS_RTOS/cmsis_os.o
                0x000000000800a426                osKernelStart
 .text.osThreadCreate
                0x000000000800a434       0x4e ./Middlewares/Third_Party/FreeRTOS/Source/CMSIS_RTOS/cmsis_os.o
                0x000000000800a434                osThreadCreate
 .text.osDelay  0x000000000800a482       0x28 ./Middlewares/Third_Party/FreeRTOS/Source/CMSIS_RTOS/cmsis_os.o
                0x000000000800a482                osDelay
 .text.osMutexCreate
                0x000000000800a4aa       0x18 ./Middlewares/Third_Party/FreeRTOS/Source/CMSIS_RTOS/cmsis_os.o
                0x000000000800a4aa                osMutexCreate
 .text.osSemaphoreCreate
                0x000000000800a4c2       0x3c ./Middlewares/Third_Party/FreeRTOS/Source/CMSIS_RTOS/cmsis_os.o
                0x000000000800a4c2                osSemaphoreCreate
 *fill*         0x000000000800a4fe        0x2 
 .text.osSemaphoreWait
                0x000000000800a500       0x9c ./Middlewares/Third_Party/FreeRTOS/Source/CMSIS_RTOS/cmsis_os.o
                0x000000000800a500                osSemaphoreWait
 .text.osSemaphoreRelease
                0x000000000800a59c       0x6c ./Middlewares/Third_Party/FreeRTOS/Source/CMSIS_RTOS/cmsis_os.o
                0x000000000800a59c                osSemaphoreRelease
 .text.osSemaphoreDelete
                0x000000000800a608       0x26 ./Middlewares/Third_Party/FreeRTOS/Source/CMSIS_RTOS/cmsis_os.o
                0x000000000800a608                osSemaphoreDelete
 .text.osMessageCreate
                0x000000000800a62e       0x24 ./Middlewares/Third_Party/FreeRTOS/Source/CMSIS_RTOS/cmsis_os.o
                0x000000000800a62e                osMessageCreate
 .text.osThreadSuspend
                0x000000000800a652       0x18 ./Middlewares/Third_Party/FreeRTOS/Source/CMSIS_RTOS/cmsis_os.o
                0x000000000800a652                osThreadSuspend
 *fill*         0x000000000800a66a        0x2 
 .text.osThreadResume
                0x000000000800a66c       0x44 ./Middlewares/Third_Party/FreeRTOS/Source/CMSIS_RTOS/cmsis_os.o
                0x000000000800a66c                osThreadResume
 .text.vListInitialise
                0x000000000800a6b0       0x40 ./Middlewares/Third_Party/FreeRTOS/Source/list.o
                0x000000000800a6b0                vListInitialise
 .text.vListInitialiseItem
                0x000000000800a6f0       0x1a ./Middlewares/Third_Party/FreeRTOS/Source/list.o
                0x000000000800a6f0                vListInitialiseItem
 .text.vListInsertEnd
                0x000000000800a70a       0x48 ./Middlewares/Third_Party/FreeRTOS/Source/list.o
                0x000000000800a70a                vListInsertEnd
 .text.vListInsert
                0x000000000800a752       0x72 ./Middlewares/Third_Party/FreeRTOS/Source/list.o
                0x000000000800a752                vListInsert
 .text.uxListRemove
                0x000000000800a7c4       0x54 ./Middlewares/Third_Party/FreeRTOS/Source/list.o
                0x000000000800a7c4                uxListRemove
 .text.xQueueGenericReset
                0x000000000800a818       0xd0 ./Middlewares/Third_Party/FreeRTOS/Source/queue.o
                0x000000000800a818                xQueueGenericReset
 .text.xQueueGenericCreate
                0x000000000800a8e8       0x74 ./Middlewares/Third_Party/FreeRTOS/Source/queue.o
                0x000000000800a8e8                xQueueGenericCreate
 .text.prvInitialiseNewQueue
                0x000000000800a95c       0x3e ./Middlewares/Third_Party/FreeRTOS/Source/queue.o
 .text.prvInitialiseMutex
                0x000000000800a99a       0x34 ./Middlewares/Third_Party/FreeRTOS/Source/queue.o
 .text.xQueueCreateMutex
                0x000000000800a9ce       0x30 ./Middlewares/Third_Party/FreeRTOS/Source/queue.o
                0x000000000800a9ce                xQueueCreateMutex
 *fill*         0x000000000800a9fe        0x2 
 .text.xQueueGenericSend
                0x000000000800aa00      0x1fc ./Middlewares/Third_Party/FreeRTOS/Source/queue.o
                0x000000000800aa00                xQueueGenericSend
 .text.xQueueGiveFromISR
                0x000000000800abfc      0x11a ./Middlewares/Third_Party/FreeRTOS/Source/queue.o
                0x000000000800abfc                xQueueGiveFromISR
 *fill*         0x000000000800ad16        0x2 
 .text.xQueueSemaphoreTake
                0x000000000800ad18      0x218 ./Middlewares/Third_Party/FreeRTOS/Source/queue.o
                0x000000000800ad18                xQueueSemaphoreTake
 .text.xQueueReceiveFromISR
                0x000000000800af30      0x100 ./Middlewares/Third_Party/FreeRTOS/Source/queue.o
                0x000000000800af30                xQueueReceiveFromISR
 .text.vQueueDelete
                0x000000000800b030       0x3c ./Middlewares/Third_Party/FreeRTOS/Source/queue.o
                0x000000000800b030                vQueueDelete
 .text.prvGetDisinheritPriorityAfterTimeout
                0x000000000800b06c       0x30 ./Middlewares/Third_Party/FreeRTOS/Source/queue.o
 .text.prvCopyDataToQueue
                0x000000000800b09c       0xd4 ./Middlewares/Third_Party/FreeRTOS/Source/queue.o
 .text.prvCopyDataFromQueue
                0x000000000800b170       0x4c ./Middlewares/Third_Party/FreeRTOS/Source/queue.o
 .text.prvUnlockQueue
                0x000000000800b1bc       0xa4 ./Middlewares/Third_Party/FreeRTOS/Source/queue.o
 .text.prvIsQueueEmpty
                0x000000000800b260       0x2c ./Middlewares/Third_Party/FreeRTOS/Source/queue.o
 .text.prvIsQueueFull
                0x000000000800b28c       0x30 ./Middlewares/Third_Party/FreeRTOS/Source/queue.o
 .text.vQueueUnregisterQueue
                0x000000000800b2bc       0x54 ./Middlewares/Third_Party/FreeRTOS/Source/queue.o
                0x000000000800b2bc                vQueueUnregisterQueue
 .text.xTaskCreate
                0x000000000800b310       0x82 ./Middlewares/Third_Party/FreeRTOS/Source/tasks.o
                0x000000000800b310                xTaskCreate
 *fill*         0x000000000800b392        0x2 
 .text.prvInitialiseNewTask
                0x000000000800b394      0x12c ./Middlewares/Third_Party/FreeRTOS/Source/tasks.o
 .text.prvAddNewTaskToReadyList
                0x000000000800b4c0       0xd4 ./Middlewares/Third_Party/FreeRTOS/Source/tasks.o
 .text.vTaskDelay
                0x000000000800b594       0x68 ./Middlewares/Third_Party/FreeRTOS/Source/tasks.o
                0x000000000800b594                vTaskDelay
 .text.vTaskSuspend
                0x000000000800b5fc      0x124 ./Middlewares/Third_Party/FreeRTOS/Source/tasks.o
                0x000000000800b5fc                vTaskSuspend
 .text.prvTaskIsTaskSuspended
                0x000000000800b720       0x78 ./Middlewares/Third_Party/FreeRTOS/Source/tasks.o
 .text.vTaskResume
                0x000000000800b798       0xbc ./Middlewares/Third_Party/FreeRTOS/Source/tasks.o
                0x000000000800b798                vTaskResume
 .text.xTaskResumeFromISR
                0x000000000800b854       0xe4 ./Middlewares/Third_Party/FreeRTOS/Source/tasks.o
                0x000000000800b854                xTaskResumeFromISR
 .text.vTaskStartScheduler
                0x000000000800b938       0xa0 ./Middlewares/Third_Party/FreeRTOS/Source/tasks.o
                0x000000000800b938                vTaskStartScheduler
 .text.vTaskSuspendAll
                0x000000000800b9d8       0x1c ./Middlewares/Third_Party/FreeRTOS/Source/tasks.o
                0x000000000800b9d8                vTaskSuspendAll
 .text.xTaskResumeAll
                0x000000000800b9f4      0x138 ./Middlewares/Third_Party/FreeRTOS/Source/tasks.o
                0x000000000800b9f4                xTaskResumeAll
 .text.xTaskIncrementTick
                0x000000000800bb2c      0x17c ./Middlewares/Third_Party/FreeRTOS/Source/tasks.o
                0x000000000800bb2c                xTaskIncrementTick
 .text.vTaskSwitchContext
                0x000000000800bca8       0xc4 ./Middlewares/Third_Party/FreeRTOS/Source/tasks.o
                0x000000000800bca8                vTaskSwitchContext
 .text.vTaskPlaceOnEventList
                0x000000000800bd6c       0x48 ./Middlewares/Third_Party/FreeRTOS/Source/tasks.o
                0x000000000800bd6c                vTaskPlaceOnEventList
 .text.xTaskRemoveFromEventList
                0x000000000800bdb4       0xc4 ./Middlewares/Third_Party/FreeRTOS/Source/tasks.o
                0x000000000800bdb4                xTaskRemoveFromEventList
 .text.vTaskInternalSetTimeOutState
                0x000000000800be78       0x2c ./Middlewares/Third_Party/FreeRTOS/Source/tasks.o
                0x000000000800be78                vTaskInternalSetTimeOutState
 .text.xTaskCheckForTimeOut
                0x000000000800bea4       0xc4 ./Middlewares/Third_Party/FreeRTOS/Source/tasks.o
                0x000000000800bea4                xTaskCheckForTimeOut
 .text.vTaskMissedYield
                0x000000000800bf68       0x18 ./Middlewares/Third_Party/FreeRTOS/Source/tasks.o
                0x000000000800bf68                vTaskMissedYield
 .text.prvIdleTask
                0x000000000800bf80       0x30 ./Middlewares/Third_Party/FreeRTOS/Source/tasks.o
 .text.prvInitialiseTaskLists
                0x000000000800bfb0       0x80 ./Middlewares/Third_Party/FreeRTOS/Source/tasks.o
 .text.prvCheckTasksWaitingTermination
                0x000000000800c030       0x5c ./Middlewares/Third_Party/FreeRTOS/Source/tasks.o
 .text.prvDeleteTCB
                0x000000000800c08c       0x2a ./Middlewares/Third_Party/FreeRTOS/Source/tasks.o
 *fill*         0x000000000800c0b6        0x2 
 .text.prvResetNextTaskUnblockTime
                0x000000000800c0b8       0x4c ./Middlewares/Third_Party/FreeRTOS/Source/tasks.o
 .text.xTaskGetSchedulerState
                0x000000000800c104       0x3c ./Middlewares/Third_Party/FreeRTOS/Source/tasks.o
                0x000000000800c104                xTaskGetSchedulerState
 .text.xTaskPriorityInherit
                0x000000000800c140      0x10c ./Middlewares/Third_Party/FreeRTOS/Source/tasks.o
                0x000000000800c140                xTaskPriorityInherit
 .text.xTaskPriorityDisinherit
                0x000000000800c24c      0x10c ./Middlewares/Third_Party/FreeRTOS/Source/tasks.o
                0x000000000800c24c                xTaskPriorityDisinherit
 .text.vTaskPriorityDisinheritAfterTimeout
                0x000000000800c358      0x140 ./Middlewares/Third_Party/FreeRTOS/Source/tasks.o
                0x000000000800c358                vTaskPriorityDisinheritAfterTimeout
 .text.pvTaskIncrementMutexHeldCount
                0x000000000800c498       0x28 ./Middlewares/Third_Party/FreeRTOS/Source/tasks.o
                0x000000000800c498                pvTaskIncrementMutexHeldCount
 .text.prvAddCurrentTaskToDelayedList
                0x000000000800c4c0       0xcc ./Middlewares/Third_Party/FreeRTOS/Source/tasks.o
 .text.pxPortInitialiseStack
                0x000000000800c58c       0x68 ./Middlewares/Third_Party/FreeRTOS/Source/portable/GCC/ARM_CM4F/port.o
                0x000000000800c58c                pxPortInitialiseStack
 .text.prvTaskExitError
                0x000000000800c5f4       0x58 ./Middlewares/Third_Party/FreeRTOS/Source/portable/GCC/ARM_CM4F/port.o
 *fill*         0x000000000800c64c        0x4 
 .text.SVC_Handler
                0x000000000800c650       0x28 ./Middlewares/Third_Party/FreeRTOS/Source/portable/GCC/ARM_CM4F/port.o
                0x000000000800c650                SVC_Handler
 .text.prvPortStartFirstTask
                0x000000000800c678       0x28 ./Middlewares/Third_Party/FreeRTOS/Source/portable/GCC/ARM_CM4F/port.o
 .text.xPortStartScheduler
                0x000000000800c6a0      0x144 ./Middlewares/Third_Party/FreeRTOS/Source/portable/GCC/ARM_CM4F/port.o
                0x000000000800c6a0                xPortStartScheduler
 .text.vPortEnterCritical
                0x000000000800c7e4       0x60 ./Middlewares/Third_Party/FreeRTOS/Source/portable/GCC/ARM_CM4F/port.o
                0x000000000800c7e4                vPortEnterCritical
 .text.vPortExitCritical
                0x000000000800c844       0x54 ./Middlewares/Third_Party/FreeRTOS/Source/portable/GCC/ARM_CM4F/port.o
                0x000000000800c844                vPortExitCritical
 *fill*         0x000000000800c898        0x8 
 .text.PendSV_Handler
                0x000000000800c8a0       0x68 ./Middlewares/Third_Party/FreeRTOS/Source/portable/GCC/ARM_CM4F/port.o
                0x000000000800c8a0                PendSV_Handler
 .text.SysTick_Handler
                0x000000000800c908       0x44 ./Middlewares/Third_Party/FreeRTOS/Source/portable/GCC/ARM_CM4F/port.o
                0x000000000800c908                SysTick_Handler
 .text.vPortSetupTimerInterrupt
                0x000000000800c94c       0x48 ./Middlewares/Third_Party/FreeRTOS/Source/portable/GCC/ARM_CM4F/port.o
                0x000000000800c94c                vPortSetupTimerInterrupt
 .text.vPortEnableVFP
                0x000000000800c994       0x14 ./Middlewares/Third_Party/FreeRTOS/Source/portable/GCC/ARM_CM4F/port.o
 .text.vPortValidateInterruptPriority
                0x000000000800c9a8       0x80 ./Middlewares/Third_Party/FreeRTOS/Source/portable/GCC/ARM_CM4F/port.o
                0x000000000800c9a8                vPortValidateInterruptPriority
 .text.pvPortMalloc
                0x000000000800ca28      0x188 ./Middlewares/Third_Party/FreeRTOS/Source/portable/MemMang/heap_4.o
                0x000000000800ca28                pvPortMalloc
 .text.vPortFree
                0x000000000800cbb0       0xb4 ./Middlewares/Third_Party/FreeRTOS/Source/portable/MemMang/heap_4.o
                0x000000000800cbb0                vPortFree
 .text.prvHeapInit
                0x000000000800cc64       0xc4 ./Middlewares/Third_Party/FreeRTOS/Source/portable/MemMang/heap_4.o
 .text.prvInsertBlockIntoFreeList
                0x000000000800cd28       0xb4 ./Middlewares/Third_Party/FreeRTOS/Source/portable/MemMang/heap_4.o
 .text.__errno  0x000000000800cddc        0xc c:/st/stm32cubeide_1.10.1/stm32cubeide/plugins/com.st.stm32cube.ide.mcu.externaltools.gnu-tools-for-stm32.10.3-2021.10.win32_1.0.0.202111181127/tools/bin/../lib/gcc/arm-none-eabi/10.3.1/../../../../arm-none-eabi/lib/thumb/v7e-m+fp/hard\libc_nano.a(lib_a-errno.o)
                0x000000000800cddc                __errno
 .text.__libc_init_array
                0x000000000800cde8       0x48 c:/st/stm32cubeide_1.10.1/stm32cubeide/plugins/com.st.stm32cube.ide.mcu.externaltools.gnu-tools-for-stm32.10.3-2021.10.win32_1.0.0.202111181127/tools/bin/../lib/gcc/arm-none-eabi/10.3.1/../../../../arm-none-eabi/lib/thumb/v7e-m+fp/hard\libc_nano.a(lib_a-init.o)
                0x000000000800cde8                __libc_init_array
 .text.__retarget_lock_acquire_recursive
                0x000000000800ce30        0x2 c:/st/stm32cubeide_1.10.1/stm32cubeide/plugins/com.st.stm32cube.ide.mcu.externaltools.gnu-tools-for-stm32.10.3-2021.10.win32_1.0.0.202111181127/tools/bin/../lib/gcc/arm-none-eabi/10.3.1/../../../../arm-none-eabi/lib/thumb/v7e-m+fp/hard\libc_nano.a(lib_a-lock.o)
                0x000000000800ce30                __retarget_lock_acquire_recursive
 .text.__retarget_lock_release_recursive
                0x000000000800ce32        0x2 c:/st/stm32cubeide_1.10.1/stm32cubeide/plugins/com.st.stm32cube.ide.mcu.externaltools.gnu-tools-for-stm32.10.3-2021.10.win32_1.0.0.202111181127/tools/bin/../lib/gcc/arm-none-eabi/10.3.1/../../../../arm-none-eabi/lib/thumb/v7e-m+fp/hard\libc_nano.a(lib_a-lock.o)
                0x000000000800ce32                __retarget_lock_release_recursive
 .text.malloc   0x000000000800ce34       0x10 c:/st/stm32cubeide_1.10.1/stm32cubeide/plugins/com.st.stm32cube.ide.mcu.externaltools.gnu-tools-for-stm32.10.3-2021.10.win32_1.0.0.202111181127/tools/bin/../lib/gcc/arm-none-eabi/10.3.1/../../../../arm-none-eabi/lib/thumb/v7e-m+fp/hard\libc_nano.a(lib_a-malloc.o)
                0x000000000800ce34                malloc
 .text.free     0x000000000800ce44       0x10 c:/st/stm32cubeide_1.10.1/stm32cubeide/plugins/com.st.stm32cube.ide.mcu.externaltools.gnu-tools-for-stm32.10.3-2021.10.win32_1.0.0.202111181127/tools/bin/../lib/gcc/arm-none-eabi/10.3.1/../../../../arm-none-eabi/lib/thumb/v7e-m+fp/hard\libc_nano.a(lib_a-malloc.o)
                0x000000000800ce44                free
 .text.memcpy   0x000000000800ce54       0x1c c:/st/stm32cubeide_1.10.1/stm32cubeide/plugins/com.st.stm32cube.ide.mcu.externaltools.gnu-tools-for-stm32.10.3-2021.10.win32_1.0.0.202111181127/tools/bin/../lib/gcc/arm-none-eabi/10.3.1/../../../../arm-none-eabi/lib/thumb/v7e-m+fp/hard\libc_nano.a(lib_a-memcpy-stub.o)
                0x000000000800ce54                memcpy
 .text.memset   0x000000000800ce70       0x10 c:/st/stm32cubeide_1.10.1/stm32cubeide/plugins/com.st.stm32cube.ide.mcu.externaltools.gnu-tools-for-stm32.10.3-2021.10.win32_1.0.0.202111181127/tools/bin/../lib/gcc/arm-none-eabi/10.3.1/../../../../arm-none-eabi/lib/thumb/v7e-m+fp/hard\libc_nano.a(lib_a-memset.o)
                0x000000000800ce70                memset
 .text._free_r  0x000000000800ce80       0x98 c:/st/stm32cubeide_1.10.1/stm32cubeide/plugins/com.st.stm32cube.ide.mcu.externaltools.gnu-tools-for-stm32.10.3-2021.10.win32_1.0.0.202111181127/tools/bin/../lib/gcc/arm-none-eabi/10.3.1/../../../../arm-none-eabi/lib/thumb/v7e-m+fp/hard\libc_nano.a(lib_a-nano-freer.o)
                0x000000000800ce80                _free_r
 .text.sbrk_aligned
                0x000000000800cf18       0x40 c:/st/stm32cubeide_1.10.1/stm32cubeide/plugins/com.st.stm32cube.ide.mcu.externaltools.gnu-tools-for-stm32.10.3-2021.10.win32_1.0.0.202111181127/tools/bin/../lib/gcc/arm-none-eabi/10.3.1/../../../../arm-none-eabi/lib/thumb/v7e-m+fp/hard\libc_nano.a(lib_a-nano-mallocr.o)
 .text._malloc_r
                0x000000000800cf58       0xe8 c:/st/stm32cubeide_1.10.1/stm32cubeide/plugins/com.st.stm32cube.ide.mcu.externaltools.gnu-tools-for-stm32.10.3-2021.10.win32_1.0.0.202111181127/tools/bin/../lib/gcc/arm-none-eabi/10.3.1/../../../../arm-none-eabi/lib/thumb/v7e-m+fp/hard\libc_nano.a(lib_a-nano-mallocr.o)
                0x000000000800cf58                _malloc_r
 .text.realloc  0x000000000800d040       0x10 c:/st/stm32cubeide_1.10.1/stm32cubeide/plugins/com.st.stm32cube.ide.mcu.externaltools.gnu-tools-for-stm32.10.3-2021.10.win32_1.0.0.202111181127/tools/bin/../lib/gcc/arm-none-eabi/10.3.1/../../../../arm-none-eabi/lib/thumb/v7e-m+fp/hard\libc_nano.a(lib_a-realloc.o)
                0x000000000800d040                realloc
 .text.cleanup_glue
                0x000000000800d050       0x1a c:/st/stm32cubeide_1.10.1/stm32cubeide/plugins/com.st.stm32cube.ide.mcu.externaltools.gnu-tools-for-stm32.10.3-2021.10.win32_1.0.0.202111181127/tools/bin/../lib/gcc/arm-none-eabi/10.3.1/../../../../arm-none-eabi/lib/thumb/v7e-m+fp/hard\libc_nano.a(lib_a-reent.o)
                0x000000000800d050                cleanup_glue
 *fill*         0x000000000800d06a        0x2 
 .text._reclaim_reent
                0x000000000800d06c       0xb8 c:/st/stm32cubeide_1.10.1/stm32cubeide/plugins/com.st.stm32cube.ide.mcu.externaltools.gnu-tools-for-stm32.10.3-2021.10.win32_1.0.0.202111181127/tools/bin/../lib/gcc/arm-none-eabi/10.3.1/../../../../arm-none-eabi/lib/thumb/v7e-m+fp/hard\libc_nano.a(lib_a-reent.o)
                0x000000000800d06c                _reclaim_reent
 .text._sbrk_r  0x000000000800d124       0x20 c:/st/stm32cubeide_1.10.1/stm32cubeide/plugins/com.st.stm32cube.ide.mcu.externaltools.gnu-tools-for-stm32.10.3-2021.10.win32_1.0.0.202111181127/tools/bin/../lib/gcc/arm-none-eabi/10.3.1/../../../../arm-none-eabi/lib/thumb/v7e-m+fp/hard\libc_nano.a(lib_a-sbrkr.o)
                0x000000000800d124                _sbrk_r
 .text.snprintf
                0x000000000800d144       0x68 c:/st/stm32cubeide_1.10.1/stm32cubeide/plugins/com.st.stm32cube.ide.mcu.externaltools.gnu-tools-for-stm32.10.3-2021.10.win32_1.0.0.202111181127/tools/bin/../lib/gcc/arm-none-eabi/10.3.1/../../../../arm-none-eabi/lib/thumb/v7e-m+fp/hard\libc_nano.a(lib_a-snprintf.o)
                0x000000000800d144                sniprintf
                0x000000000800d144                snprintf
 .text.strchr   0x000000000800d1ac       0x1a c:/st/stm32cubeide_1.10.1/stm32cubeide/plugins/com.st.stm32cube.ide.mcu.externaltools.gnu-tools-for-stm32.10.3-2021.10.win32_1.0.0.202111181127/tools/bin/../lib/gcc/arm-none-eabi/10.3.1/../../../../arm-none-eabi/lib/thumb/v7e-m+fp/hard\libc_nano.a(lib_a-strchr.o)
                0x000000000800d1ac                strchr
 .text.strcpy   0x000000000800d1c6       0x10 c:/st/stm32cubeide_1.10.1/stm32cubeide/plugins/com.st.stm32cube.ide.mcu.externaltools.gnu-tools-for-stm32.10.3-2021.10.win32_1.0.0.202111181127/tools/bin/../lib/gcc/arm-none-eabi/10.3.1/../../../../arm-none-eabi/lib/thumb/v7e-m+fp/hard\libc_nano.a(lib_a-strcpy.o)
                0x000000000800d1c6                strcpy
 .text._vsnprintf_r
                0x000000000800d1d6       0x56 c:/st/stm32cubeide_1.10.1/stm32cubeide/plugins/com.st.stm32cube.ide.mcu.externaltools.gnu-tools-for-stm32.10.3-2021.10.win32_1.0.0.202111181127/tools/bin/../lib/gcc/arm-none-eabi/10.3.1/../../../../arm-none-eabi/lib/thumb/v7e-m+fp/hard\libc_nano.a(lib_a-vsnprintf.o)
                0x000000000800d1d6                _vsniprintf_r
                0x000000000800d1d6                _vsnprintf_r
 .text.vsnprintf
                0x000000000800d22c       0x1c c:/st/stm32cubeide_1.10.1/stm32cubeide/plugins/com.st.stm32cube.ide.mcu.externaltools.gnu-tools-for-stm32.10.3-2021.10.win32_1.0.0.202111181127/tools/bin/../lib/gcc/arm-none-eabi/10.3.1/../../../../arm-none-eabi/lib/thumb/v7e-m+fp/hard\libc_nano.a(lib_a-vsnprintf.o)
                0x000000000800d22c                vsniprintf
                0x000000000800d22c                vsnprintf
 .text.__malloc_lock
                0x000000000800d248        0xc c:/st/stm32cubeide_1.10.1/stm32cubeide/plugins/com.st.stm32cube.ide.mcu.externaltools.gnu-tools-for-stm32.10.3-2021.10.win32_1.0.0.202111181127/tools/bin/../lib/gcc/arm-none-eabi/10.3.1/../../../../arm-none-eabi/lib/thumb/v7e-m+fp/hard\libc_nano.a(lib_a-mlock.o)
                0x000000000800d248                __malloc_lock
 .text.__malloc_unlock
                0x000000000800d254        0xc c:/st/stm32cubeide_1.10.1/stm32cubeide/plugins/com.st.stm32cube.ide.mcu.externaltools.gnu-tools-for-stm32.10.3-2021.10.win32_1.0.0.202111181127/tools/bin/../lib/gcc/arm-none-eabi/10.3.1/../../../../arm-none-eabi/lib/thumb/v7e-m+fp/hard\libc_nano.a(lib_a-mlock.o)
                0x000000000800d254                __malloc_unlock
 .text._realloc_r
                0x000000000800d260       0x5e c:/st/stm32cubeide_1.10.1/stm32cubeide/plugins/com.st.stm32cube.ide.mcu.externaltools.gnu-tools-for-stm32.10.3-2021.10.win32_1.0.0.202111181127/tools/bin/../lib/gcc/arm-none-eabi/10.3.1/../../../../arm-none-eabi/lib/thumb/v7e-m+fp/hard\libc_nano.a(lib_a-nano-reallocr.o)
                0x000000000800d260                _realloc_r
 .text.__ssputs_r
                0x000000000800d2be       0xb6 c:/st/stm32cubeide_1.10.1/stm32cubeide/plugins/com.st.stm32cube.ide.mcu.externaltools.gnu-tools-for-stm32.10.3-2021.10.win32_1.0.0.202111181127/tools/bin/../lib/gcc/arm-none-eabi/10.3.1/../../../../arm-none-eabi/lib/thumb/v7e-m+fp/hard\libc_nano.a(lib_a-nano-svfprintf.o)
                0x000000000800d2be                __ssputs_r
 .text._svfprintf_r
                0x000000000800d374      0x200 c:/st/stm32cubeide_1.10.1/stm32cubeide/plugins/com.st.stm32cube.ide.mcu.externaltools.gnu-tools-for-stm32.10.3-2021.10.win32_1.0.0.202111181127/tools/bin/../lib/gcc/arm-none-eabi/10.3.1/../../../../arm-none-eabi/lib/thumb/v7e-m+fp/hard\libc_nano.a(lib_a-nano-svfprintf.o)
                0x000000000800d374                _svfiprintf_r
                0x000000000800d374                _svfprintf_r
 .text._printf_common
                0x000000000800d574       0xda c:/st/stm32cubeide_1.10.1/stm32cubeide/plugins/com.st.stm32cube.ide.mcu.externaltools.gnu-tools-for-stm32.10.3-2021.10.win32_1.0.0.202111181127/tools/bin/../lib/gcc/arm-none-eabi/10.3.1/../../../../arm-none-eabi/lib/thumb/v7e-m+fp/hard\libc_nano.a(lib_a-nano-vfprintf_i.o)
                0x000000000800d574                _printf_common
 *fill*         0x000000000800d64e        0x2 
 .text._printf_i
                0x000000000800d650      0x24c c:/st/stm32cubeide_1.10.1/stm32cubeide/plugins/com.st.stm32cube.ide.mcu.externaltools.gnu-tools-for-stm32.10.3-2021.10.win32_1.0.0.202111181127/tools/bin/../lib/gcc/arm-none-eabi/10.3.1/../../../../arm-none-eabi/lib/thumb/v7e-m+fp/hard\libc_nano.a(lib_a-nano-vfprintf_i.o)
                0x000000000800d650                _printf_i
 .text.memmove  0x000000000800d89c       0x34 c:/st/stm32cubeide_1.10.1/stm32cubeide/plugins/com.st.stm32cube.ide.mcu.externaltools.gnu-tools-for-stm32.10.3-2021.10.win32_1.0.0.202111181127/tools/bin/../lib/gcc/arm-none-eabi/10.3.1/../../../../arm-none-eabi/lib/thumb/v7e-m+fp/hard\libc_nano.a(lib_a-memmove.o)
                0x000000000800d89c                memmove
 .text._malloc_usable_size_r
                0x000000000800d8d0       0x10 c:/st/stm32cubeide_1.10.1/stm32cubeide/plugins/com.st.stm32cube.ide.mcu.externaltools.gnu-tools-for-stm32.10.3-2021.10.win32_1.0.0.202111181127/tools/bin/../lib/gcc/arm-none-eabi/10.3.1/../../../../arm-none-eabi/lib/thumb/v7e-m+fp/hard\libc_nano.a(lib_a-nano-msizer.o)
                0x000000000800d8d0                _malloc_usable_size_r
 *(.glue_7)
 .glue_7        0x000000000800d8e0        0x0 linker stubs
 *(.glue_7t)
 .glue_7t       0x000000000800d8e0        0x0 linker stubs
 *(.eh_frame)
 .eh_frame      0x000000000800d8e0        0x0 c:/st/stm32cubeide_1.10.1/stm32cubeide/plugins/com.st.stm32cube.ide.mcu.externaltools.gnu-tools-for-stm32.10.3-2021.10.win32_1.0.0.202111181127/tools/bin/../lib/gcc/arm-none-eabi/10.3.1/thumb/v7e-m+fp/hard/crtbegin.o
 *(.init)
 .init          0x000000000800d8e0        0x4 c:/st/stm32cubeide_1.10.1/stm32cubeide/plugins/com.st.stm32cube.ide.mcu.externaltools.gnu-tools-for-stm32.10.3-2021.10.win32_1.0.0.202111181127/tools/bin/../lib/gcc/arm-none-eabi/10.3.1/thumb/v7e-m+fp/hard/crti.o
                0x000000000800d8e0                _init
 .init          0x000000000800d8e4        0x8 c:/st/stm32cubeide_1.10.1/stm32cubeide/plugins/com.st.stm32cube.ide.mcu.externaltools.gnu-tools-for-stm32.10.3-2021.10.win32_1.0.0.202111181127/tools/bin/../lib/gcc/arm-none-eabi/10.3.1/thumb/v7e-m+fp/hard/crtn.o
 *(.fini)
 .fini          0x000000000800d8ec        0x4 c:/st/stm32cubeide_1.10.1/stm32cubeide/plugins/com.st.stm32cube.ide.mcu.externaltools.gnu-tools-for-stm32.10.3-2021.10.win32_1.0.0.202111181127/tools/bin/../lib/gcc/arm-none-eabi/10.3.1/thumb/v7e-m+fp/hard/crti.o
                0x000000000800d8ec                _fini
 .fini          0x000000000800d8f0        0x8 c:/st/stm32cubeide_1.10.1/stm32cubeide/plugins/com.st.stm32cube.ide.mcu.externaltools.gnu-tools-for-stm32.10.3-2021.10.win32_1.0.0.202111181127/tools/bin/../lib/gcc/arm-none-eabi/10.3.1/thumb/v7e-m+fp/hard/crtn.o
                0x000000000800d8f8                . = ALIGN (0x4)
                0x000000000800d8f8                _etext = .

.vfp11_veneer   0x000000000800d8f8        0x0
 .vfp11_veneer  0x000000000800d8f8        0x0 linker stubs

.v4_bx          0x000000000800d8f8        0x0
 .v4_bx         0x000000000800d8f8        0x0 linker stubs

.iplt           0x000000000800d8f8        0x0
 .iplt          0x000000000800d8f8        0x0 c:/st/stm32cubeide_1.10.1/stm32cubeide/plugins/com.st.stm32cube.ide.mcu.externaltools.gnu-tools-for-stm32.10.3-2021.10.win32_1.0.0.202111181127/tools/bin/../lib/gcc/arm-none-eabi/10.3.1/thumb/v7e-m+fp/hard/crtbegin.o

.rodata         0x000000000800d8f8      0x5a0
                0x000000000800d8f8                . = ALIGN (0x4)
 *(.rodata)
 .rodata        0x000000000800d8f8        0x2 ./Core/Src/csv.o
 *fill*         0x000000000800d8fa        0x2 
 .rodata        0x000000000800d8fc      0x402 ./Core/Src/main.o
 *fill*         0x000000000800dcfe        0x2 
 .rodata        0x000000000800dd00       0x44 ./Middlewares/Third_Party/FatFs/src/ff.o
 .rodata        0x000000000800dd44        0x5 ./Middlewares/Third_Party/FreeRTOS/Source/tasks.o
 *(.rodata*)
 *fill*         0x000000000800dd49        0x3 
 .rodata.AHBPrescTable
                0x000000000800dd4c       0x10 ./Core/Src/system_stm32f3xx.o
                0x000000000800dd4c                AHBPrescTable
 .rodata.APBPrescTable
                0x000000000800dd5c        0x8 ./Core/Src/system_stm32f3xx.o
                0x000000000800dd5c                APBPrescTable
 .rodata.aPLLMULFactorTable
                0x000000000800dd64       0x10 ./Drivers/STM32F3xx_HAL_Driver/Src/stm32f3xx_hal_rcc.o
                0x000000000800dd64                aPLLMULFactorTable
 .rodata.aPredivFactorTable
                0x000000000800dd74       0x10 ./Drivers/STM32F3xx_HAL_Driver/Src/stm32f3xx_hal_rcc.o
                0x000000000800dd74                aPredivFactorTable
 .rodata.ExCvt  0x000000000800dd84       0x80 ./Middlewares/Third_Party/FatFs/src/ff.o
 .rodata.__sf_fake_stderr
                0x000000000800de04       0x20 c:/st/stm32cubeide_1.10.1/stm32cubeide/plugins/com.st.stm32cube.ide.mcu.externaltools.gnu-tools-for-stm32.10.3-2021.10.win32_1.0.0.202111181127/tools/bin/../lib/gcc/arm-none-eabi/10.3.1/../../../../arm-none-eabi/lib/thumb/v7e-m+fp/hard\libc_nano.a(lib_a-findfp.o)
                0x000000000800de04                __sf_fake_stderr
 .rodata.__sf_fake_stdin
                0x000000000800de24       0x20 c:/st/stm32cubeide_1.10.1/stm32cubeide/plugins/com.st.stm32cube.ide.mcu.externaltools.gnu-tools-for-stm32.10.3-2021.10.win32_1.0.0.202111181127/tools/bin/../lib/gcc/arm-none-eabi/10.3.1/../../../../arm-none-eabi/lib/thumb/v7e-m+fp/hard\libc_nano.a(lib_a-findfp.o)
                0x000000000800de24                __sf_fake_stdin
 .rodata.__sf_fake_stdout
                0x000000000800de44       0x20 c:/st/stm32cubeide_1.10.1/stm32cubeide/plugins/com.st.stm32cube.ide.mcu.externaltools.gnu-tools-for-stm32.10.3-2021.10.win32_1.0.0.202111181127/tools/bin/../lib/gcc/arm-none-eabi/10.3.1/../../../../arm-none-eabi/lib/thumb/v7e-m+fp/hard\libc_nano.a(lib_a-findfp.o)
                0x000000000800de44                __sf_fake_stdout
 .rodata._svfprintf_r.str1.1
                0x000000000800de64       0x11 c:/st/stm32cubeide_1.10.1/stm32cubeide/plugins/com.st.stm32cube.ide.mcu.externaltools.gnu-tools-for-stm32.10.3-2021.10.win32_1.0.0.202111181127/tools/bin/../lib/gcc/arm-none-eabi/10.3.1/../../../../arm-none-eabi/lib/thumb/v7e-m+fp/hard\libc_nano.a(lib_a-nano-svfprintf.o)
 .rodata._printf_i.str1.1
                0x000000000800de75       0x22 c:/st/stm32cubeide_1.10.1/stm32cubeide/plugins/com.st.stm32cube.ide.mcu.externaltools.gnu-tools-for-stm32.10.3-2021.10.win32_1.0.0.202111181127/tools/bin/../lib/gcc/arm-none-eabi/10.3.1/../../../../arm-none-eabi/lib/thumb/v7e-m+fp/hard\libc_nano.a(lib_a-nano-vfprintf_i.o)
                0x000000000800de98                . = ALIGN (0x4)
 *fill*         0x000000000800de97        0x1 

.rel.dyn        0x000000000800de98        0x0
 .rel.iplt      0x000000000800de98        0x0 c:/st/stm32cubeide_1.10.1/stm32cubeide/plugins/com.st.stm32cube.ide.mcu.externaltools.gnu-tools-for-stm32.10.3-2021.10.win32_1.0.0.202111181127/tools/bin/../lib/gcc/arm-none-eabi/10.3.1/thumb/v7e-m+fp/hard/crtbegin.o

.ARM.extab      0x000000000800de98        0x0
                0x000000000800de98                . = ALIGN (0x4)
 *(.ARM.extab* .gnu.linkonce.armextab.*)
                0x000000000800de98                . = ALIGN (0x4)

.ARM            0x000000000800de98        0x0
                0x000000000800de98                . = ALIGN (0x4)
                0x000000000800de98                __exidx_start = .
 *(.ARM.exidx*)
                0x000000000800de98                __exidx_end = .
                0x000000000800de98                . = ALIGN (0x4)

.preinit_array  0x000000000800de98        0x0
                0x000000000800de98                . = ALIGN (0x4)
                0x000000000800de98                PROVIDE (__preinit_array_start = .)
 *(.preinit_array*)
                0x000000000800de98                PROVIDE (__preinit_array_end = .)
                0x000000000800de98                . = ALIGN (0x4)

.init_array     0x000000000800de98        0x4
                0x000000000800de98                . = ALIGN (0x4)
                0x000000000800de98                PROVIDE (__init_array_start = .)
 *(SORT_BY_NAME(.init_array.*))
 *(.init_array*)
 .init_array    0x000000000800de98        0x4 c:/st/stm32cubeide_1.10.1/stm32cubeide/plugins/com.st.stm32cube.ide.mcu.externaltools.gnu-tools-for-stm32.10.3-2021.10.win32_1.0.0.202111181127/tools/bin/../lib/gcc/arm-none-eabi/10.3.1/thumb/v7e-m+fp/hard/crtbegin.o
                0x000000000800de9c                PROVIDE (__init_array_end = .)
                0x000000000800de9c                . = ALIGN (0x4)

.fini_array     0x000000000800de9c        0x4
                0x000000000800de9c                . = ALIGN (0x4)
                [!provide]                        PROVIDE (__fini_array_start = .)
 *(SORT_BY_NAME(.fini_array.*))
 *(.fini_array*)
 .fini_array    0x000000000800de9c        0x4 c:/st/stm32cubeide_1.10.1/stm32cubeide/plugins/com.st.stm32cube.ide.mcu.externaltools.gnu-tools-for-stm32.10.3-2021.10.win32_1.0.0.202111181127/tools/bin/../lib/gcc/arm-none-eabi/10.3.1/thumb/v7e-m+fp/hard/crtbegin.o
                [!provide]                        PROVIDE (__fini_array_end = .)
                0x000000000800dea0                . = ALIGN (0x4)
                0x000000000800dea0                _sidata = LOADADDR (.data)

.data           0x0000000020000000       0x94 load address 0x000000000800dea0
                0x0000000020000000                . = ALIGN (0x4)
                0x0000000020000000                _sdata = .
 *(.data)
 *(.data*)
 .data.Stat     0x0000000020000000        0x1 ./Core/Src/fatfs_sd.o
 *fill*         0x0000000020000001        0x1 
 .data.DefaultTask_delay
                0x0000000020000002        0x2 ./Core/Src/main.o
                0x0000000020000002                DefaultTask_delay
 .data.SDCardSave_delay
                0x0000000020000004        0x2 ./Core/Src/main.o
                0x0000000020000004                SDCardSave_delay
 .data.read_delay
                0x0000000020000006        0x2 ./Core/Src/main.o
                0x0000000020000006                read_delay
 .data.retransmit_delay
                0x0000000020000008        0x2 ./Core/Src/main.o
                0x0000000020000008                retransmit_delay
 *fill*         0x000000002000000a        0x2 
 .data.SystemCoreClock
                0x000000002000000c        0x4 ./Core/Src/system_stm32f3xx.o
                0x000000002000000c                SystemCoreClock
 .data.uwTickPrio
                0x0000000020000010        0x4 ./Drivers/STM32F3xx_HAL_Driver/Src/stm32f3xx_hal.o
                0x0000000020000010                uwTickPrio
 .data.uwTickFreq
                0x0000000020000014        0x1 ./Drivers/STM32F3xx_HAL_Driver/Src/stm32f3xx_hal.o
                0x0000000020000014                uwTickFreq
 *fill*         0x0000000020000015        0x3 
 .data.USER_Driver
                0x0000000020000018       0x14 ./FATFS/Target/user_diskio.o
                0x0000000020000018                USER_Driver
 .data.uxCriticalNesting
                0x000000002000002c        0x4 ./Middlewares/Third_Party/FreeRTOS/Source/portable/GCC/ARM_CM4F/port.o
 .data._impure_ptr
                0x0000000020000030        0x4 c:/st/stm32cubeide_1.10.1/stm32cubeide/plugins/com.st.stm32cube.ide.mcu.externaltools.gnu-tools-for-stm32.10.3-2021.10.win32_1.0.0.202111181127/tools/bin/../lib/gcc/arm-none-eabi/10.3.1/../../../../arm-none-eabi/lib/thumb/v7e-m+fp/hard\libc_nano.a(lib_a-impure.o)
                0x0000000020000030                _impure_ptr
 .data.impure_data
                0x0000000020000034       0x60 c:/st/stm32cubeide_1.10.1/stm32cubeide/plugins/com.st.stm32cube.ide.mcu.externaltools.gnu-tools-for-stm32.10.3-2021.10.win32_1.0.0.202111181127/tools/bin/../lib/gcc/arm-none-eabi/10.3.1/../../../../arm-none-eabi/lib/thumb/v7e-m+fp/hard\libc_nano.a(lib_a-impure.o)
 *(.RamFunc)
 *(.RamFunc*)
                0x0000000020000094                . = ALIGN (0x4)
                0x0000000020000094                _edata = .
                0x000000000800df34                _siccmram = LOADADDR (.ccmram)

.igot.plt       0x0000000020000094        0x0 load address 0x000000000800df34
 .igot.plt      0x0000000020000094        0x0 c:/st/stm32cubeide_1.10.1/stm32cubeide/plugins/com.st.stm32cube.ide.mcu.externaltools.gnu-tools-for-stm32.10.3-2021.10.win32_1.0.0.202111181127/tools/bin/../lib/gcc/arm-none-eabi/10.3.1/thumb/v7e-m+fp/hard/crtbegin.o

.ccmram         0x0000000010000000        0x0 load address 0x000000000800df34
                0x0000000010000000                . = ALIGN (0x4)
                0x0000000010000000                _sccmram = .
 *(.ccmram)
 *(.ccmram*)
                0x0000000010000000                . = ALIGN (0x4)
                0x0000000010000000                _eccmram = .
                0x0000000010000000                . = ALIGN (0x4)

.bss            0x0000000020000094     0x4428
                0x0000000020000094                _sbss = .
                0x0000000020000094                __bss_start__ = _sbss
 *(.bss)
 .bss           0x0000000020000094       0x1c c:/st/stm32cubeide_1.10.1/stm32cubeide/plugins/com.st.stm32cube.ide.mcu.externaltools.gnu-tools-for-stm32.10.3-2021.10.win32_1.0.0.202111181127/tools/bin/../lib/gcc/arm-none-eabi/10.3.1/thumb/v7e-m+fp/hard/crtbegin.o
 *(.bss*)
 .bss.Timer1    0x00000000200000b0        0x2 ./Core/Src/fatfs_sd.o
                0x00000000200000b0                Timer1
 .bss.Timer2    0x00000000200000b2        0x2 ./Core/Src/fatfs_sd.o
                0x00000000200000b2                Timer2
 .bss.CardType  0x00000000200000b4        0x1 ./Core/Src/fatfs_sd.o
 .bss.PowerFlag
                0x00000000200000b5        0x1 ./Core/Src/fatfs_sd.o
 *fill*         0x00000000200000b6        0x2 
 .bss.hcan      0x00000000200000b8       0x28 ./Core/Src/main.o
                0x00000000200000b8                hcan
 .bss.hspi1     0x00000000200000e0       0x64 ./Core/Src/main.o
                0x00000000200000e0                hspi1
 .bss.huart2    0x0000000020000144       0x84 ./Core/Src/main.o
                0x0000000020000144                huart2
 .bss.defaultTaskHandle
                0x00000000200001c8        0x4 ./Core/Src/main.o
                0x00000000200001c8                defaultTaskHandle
 .bss.SDCardSaveTaskHandle
                0x00000000200001cc        0x4 ./Core/Src/main.o
                0x00000000200001cc                SDCardSaveTaskHandle
 .bss.GetData1Handle
                0x00000000200001d0        0x4 ./Core/Src/main.o
                0x00000000200001d0                GetData1Handle
 .bss.GetData2Handle
                0x00000000200001d4        0x4 ./Core/Src/main.o
                0x00000000200001d4                GetData2Handle
 .bss.ReadCANHandle
                0x00000000200001d8        0x4 ./Core/Src/main.o
                0x00000000200001d8                ReadCANHandle
 .bss.TelemetryQueueHandle
                0x00000000200001dc        0x4 ./Core/Src/main.o
                0x00000000200001dc                TelemetryQueueHandle
 .bss.canTelemetryMutexHandle
                0x00000000200001e0        0x4 ./Core/Src/main.o
                0x00000000200001e0                canTelemetryMutexHandle
 .bss.FatFs     0x00000000200001e4     0x1034 ./Core/Src/main.o
                0x00000000200001e4                FatFs
 .bss.rwfile    0x0000000020001218     0x102c ./Core/Src/main.o
                0x0000000020001218                rwfile
 .bss.fres      0x0000000020002244        0x1 ./Core/Src/main.o
                0x0000000020002244                fres
 *fill*         0x0000000020002245        0x3 
 .bss.RxHeader  0x0000000020002248       0x1c ./Core/Src/main.o
                0x0000000020002248                RxHeader
 .bss.RxData    0x0000000020002264        0x4 ./Core/Src/main.o
                0x0000000020002264                RxData
 .bss.TxMailbox
                0x0000000020002268        0x4 ./Core/Src/main.o
                0x0000000020002268                TxMailbox
 .bss.canfil    0x000000002000226c       0x28 ./Core/Src/main.o
                0x000000002000226c                canfil
 .bss.DefaultProfiler
                0x0000000020002294        0x4 ./Core/Src/main.o
                0x0000000020002294                DefaultProfiler
 .bss.htim6     0x0000000020002298       0x4c ./Core/Src/stm32f3xx_hal_timebase_tim.o
                0x0000000020002298                htim6
 .bss.__sbrk_heap_end
                0x00000000200022e4        0x4 ./Core/Src/sysmem.o
 .bss.uwTick    0x00000000200022e8        0x4 ./Drivers/STM32F3xx_HAL_Driver/Src/stm32f3xx_hal.o
                0x00000000200022e8                uwTick
 .bss.retUSER   0x00000000200022ec        0x1 ./FATFS/App/fatfs.o
                0x00000000200022ec                retUSER
 *fill*         0x00000000200022ed        0x3 
 .bss.USERPath  0x00000000200022f0        0x4 ./FATFS/App/fatfs.o
                0x00000000200022f0                USERPath
 .bss.FatFs     0x00000000200022f4        0x4 ./Middlewares/Third_Party/FatFs/src/ff.o
 .bss.Fsid      0x00000000200022f8        0x2 ./Middlewares/Third_Party/FatFs/src/ff.o
 *fill*         0x00000000200022fa        0x2 
 .bss.Files     0x00000000200022fc       0x18 ./Middlewares/Third_Party/FatFs/src/ff.o
 .bss.disk      0x0000000020002314        0xc ./Middlewares/Third_Party/FatFs/src/ff_gen_drv.o
                0x0000000020002314                disk
 .bss.xQueueRegistry
                0x0000000020002320       0x40 ./Middlewares/Third_Party/FreeRTOS/Source/queue.o
                0x0000000020002320                xQueueRegistry
 .bss.pxCurrentTCB
                0x0000000020002360        0x4 ./Middlewares/Third_Party/FreeRTOS/Source/tasks.o
                0x0000000020002360                pxCurrentTCB
 .bss.pxReadyTasksLists
                0x0000000020002364       0x8c ./Middlewares/Third_Party/FreeRTOS/Source/tasks.o
 .bss.xDelayedTaskList1
                0x00000000200023f0       0x14 ./Middlewares/Third_Party/FreeRTOS/Source/tasks.o
 .bss.xDelayedTaskList2
                0x0000000020002404       0x14 ./Middlewares/Third_Party/FreeRTOS/Source/tasks.o
 .bss.pxDelayedTaskList
                0x0000000020002418        0x4 ./Middlewares/Third_Party/FreeRTOS/Source/tasks.o
 .bss.pxOverflowDelayedTaskList
                0x000000002000241c        0x4 ./Middlewares/Third_Party/FreeRTOS/Source/tasks.o
 .bss.xPendingReadyList
                0x0000000020002420       0x14 ./Middlewares/Third_Party/FreeRTOS/Source/tasks.o
 .bss.xTasksWaitingTermination
                0x0000000020002434       0x14 ./Middlewares/Third_Party/FreeRTOS/Source/tasks.o
 .bss.uxDeletedTasksWaitingCleanUp
                0x0000000020002448        0x4 ./Middlewares/Third_Party/FreeRTOS/Source/tasks.o
 .bss.xSuspendedTaskList
                0x000000002000244c       0x14 ./Middlewares/Third_Party/FreeRTOS/Source/tasks.o
 .bss.uxCurrentNumberOfTasks
                0x0000000020002460        0x4 ./Middlewares/Third_Party/FreeRTOS/Source/tasks.o
 .bss.xTickCount
                0x0000000020002464        0x4 ./Middlewares/Third_Party/FreeRTOS/Source/tasks.o
 .bss.uxTopReadyPriority
                0x0000000020002468        0x4 ./Middlewares/Third_Party/FreeRTOS/Source/tasks.o
 .bss.xSchedulerRunning
                0x000000002000246c        0x4 ./Middlewares/Third_Party/FreeRTOS/Source/tasks.o
 .bss.uxPendedTicks
                0x0000000020002470        0x4 ./Middlewares/Third_Party/FreeRTOS/Source/tasks.o
 .bss.xYieldPending
                0x0000000020002474        0x4 ./Middlewares/Third_Party/FreeRTOS/Source/tasks.o
 .bss.xNumOfOverflows
                0x0000000020002478        0x4 ./Middlewares/Third_Party/FreeRTOS/Source/tasks.o
 .bss.uxTaskNumber
                0x000000002000247c        0x4 ./Middlewares/Third_Party/FreeRTOS/Source/tasks.o
 .bss.xNextTaskUnblockTime
                0x0000000020002480        0x4 ./Middlewares/Third_Party/FreeRTOS/Source/tasks.o
 .bss.xIdleTaskHandle
                0x0000000020002484        0x4 ./Middlewares/Third_Party/FreeRTOS/Source/tasks.o
 .bss.uxSchedulerSuspended
                0x0000000020002488        0x4 ./Middlewares/Third_Party/FreeRTOS/Source/tasks.o
 .bss.ucMaxSysCallPriority
                0x000000002000248c        0x1 ./Middlewares/Third_Party/FreeRTOS/Source/portable/GCC/ARM_CM4F/port.o
 *fill*         0x000000002000248d        0x3 
 .bss.ulMaxPRIGROUPValue
                0x0000000020002490        0x4 ./Middlewares/Third_Party/FreeRTOS/Source/portable/GCC/ARM_CM4F/port.o
 .bss.ucHeap    0x0000000020002494     0x2000 ./Middlewares/Third_Party/FreeRTOS/Source/portable/MemMang/heap_4.o
 .bss.xStart    0x0000000020004494        0x8 ./Middlewares/Third_Party/FreeRTOS/Source/portable/MemMang/heap_4.o
 .bss.pxEnd     0x000000002000449c        0x4 ./Middlewares/Third_Party/FreeRTOS/Source/portable/MemMang/heap_4.o
 .bss.xFreeBytesRemaining
                0x00000000200044a0        0x4 ./Middlewares/Third_Party/FreeRTOS/Source/portable/MemMang/heap_4.o
 .bss.xMinimumEverFreeBytesRemaining
                0x00000000200044a4        0x4 ./Middlewares/Third_Party/FreeRTOS/Source/portable/MemMang/heap_4.o
 .bss.xBlockAllocatedBit
                0x00000000200044a8        0x4 ./Middlewares/Third_Party/FreeRTOS/Source/portable/MemMang/heap_4.o
 .bss.__lock___malloc_recursive_mutex
                0x00000000200044ac        0x1 c:/st/stm32cubeide_1.10.1/stm32cubeide/plugins/com.st.stm32cube.ide.mcu.externaltools.gnu-tools-for-stm32.10.3-2021.10.win32_1.0.0.202111181127/tools/bin/../lib/gcc/arm-none-eabi/10.3.1/../../../../arm-none-eabi/lib/thumb/v7e-m+fp/hard\libc_nano.a(lib_a-lock.o)
                0x00000000200044ac                __lock___malloc_recursive_mutex
 *fill*         0x00000000200044ad        0x3 
 .bss.__malloc_free_list
                0x00000000200044b0        0x4 c:/st/stm32cubeide_1.10.1/stm32cubeide/plugins/com.st.stm32cube.ide.mcu.externaltools.gnu-tools-for-stm32.10.3-2021.10.win32_1.0.0.202111181127/tools/bin/../lib/gcc/arm-none-eabi/10.3.1/../../../../arm-none-eabi/lib/thumb/v7e-m+fp/hard\libc_nano.a(lib_a-nano-mallocr.o)
                0x00000000200044b0                __malloc_free_list
 .bss.__malloc_sbrk_start
                0x00000000200044b4        0x4 c:/st/stm32cubeide_1.10.1/stm32cubeide/plugins/com.st.stm32cube.ide.mcu.externaltools.gnu-tools-for-stm32.10.3-2021.10.win32_1.0.0.202111181127/tools/bin/../lib/gcc/arm-none-eabi/10.3.1/../../../../arm-none-eabi/lib/thumb/v7e-m+fp/hard\libc_nano.a(lib_a-nano-mallocr.o)
                0x00000000200044b4                __malloc_sbrk_start
 .bss.errno     0x00000000200044b8        0x4 c:/st/stm32cubeide_1.10.1/stm32cubeide/plugins/com.st.stm32cube.ide.mcu.externaltools.gnu-tools-for-stm32.10.3-2021.10.win32_1.0.0.202111181127/tools/bin/../lib/gcc/arm-none-eabi/10.3.1/../../../../arm-none-eabi/lib/thumb/v7e-m+fp/hard\libc_nano.a(lib_a-reent.o)
                0x00000000200044b8                errno
 *(COMMON)
                0x00000000200044bc                . = ALIGN (0x4)
                0x00000000200044bc                _ebss = .
                0x00000000200044bc                __bss_end__ = _ebss

._user_heap_stack
                0x00000000200044bc      0x604
                0x00000000200044c0                . = ALIGN (0x8)
 *fill*         0x00000000200044bc        0x4 
                [!provide]                        PROVIDE (end = .)
                0x00000000200044c0                PROVIDE (_end = .)
                0x00000000200046c0                . = (. + _Min_Heap_Size)
 *fill*         0x00000000200044c0      0x200 
                0x0000000020004ac0                . = (. + _Min_Stack_Size)
 *fill*         0x00000000200046c0      0x400 
                0x0000000020004ac0                . = ALIGN (0x8)

/DISCARD/
 libc.a(*)
 libm.a(*)
 libgcc.a(*)

.ARM.attributes
                0x0000000000000000       0x30
 *(.ARM.attributes)
 .ARM.attributes
                0x0000000000000000       0x1e c:/st/stm32cubeide_1.10.1/stm32cubeide/plugins/com.st.stm32cube.ide.mcu.externaltools.gnu-tools-for-stm32.10.3-2021.10.win32_1.0.0.202111181127/tools/bin/../lib/gcc/arm-none-eabi/10.3.1/thumb/v7e-m+fp/hard/crti.o
 .ARM.attributes
                0x000000000000001e       0x34 c:/st/stm32cubeide_1.10.1/stm32cubeide/plugins/com.st.stm32cube.ide.mcu.externaltools.gnu-tools-for-stm32.10.3-2021.10.win32_1.0.0.202111181127/tools/bin/../lib/gcc/arm-none-eabi/10.3.1/thumb/v7e-m+fp/hard/crtbegin.o
 .ARM.attributes
                0x0000000000000052       0x34 ./Core/Src/csv.o
 .ARM.attributes
                0x0000000000000086       0x34 ./Core/Src/fatfs_sd.o
 .ARM.attributes
                0x00000000000000ba       0x34 ./Core/Src/main.o
 .ARM.attributes
                0x00000000000000ee       0x34 ./Core/Src/stm32f3xx_hal_msp.o
 .ARM.attributes
                0x0000000000000122       0x34 ./Core/Src/stm32f3xx_hal_timebase_tim.o
 .ARM.attributes
                0x0000000000000156       0x34 ./Core/Src/stm32f3xx_it.o
 .ARM.attributes
                0x000000000000018a       0x34 ./Core/Src/sysmem.o
 .ARM.attributes
                0x00000000000001be       0x34 ./Core/Src/system_stm32f3xx.o
 .ARM.attributes
                0x00000000000001f2       0x21 ./Core/Startup/startup_stm32f303retx.o
 .ARM.attributes
                0x0000000000000213       0x34 ./Drivers/STM32F3xx_HAL_Driver/Src/stm32f3xx_hal.o
 .ARM.attributes
                0x0000000000000247       0x34 ./Drivers/STM32F3xx_HAL_Driver/Src/stm32f3xx_hal_can.o
 .ARM.attributes
                0x000000000000027b       0x34 ./Drivers/STM32F3xx_HAL_Driver/Src/stm32f3xx_hal_cortex.o
 .ARM.attributes
                0x00000000000002af       0x34 ./Drivers/STM32F3xx_HAL_Driver/Src/stm32f3xx_hal_gpio.o
 .ARM.attributes
                0x00000000000002e3       0x34 ./Drivers/STM32F3xx_HAL_Driver/Src/stm32f3xx_hal_rcc.o
 .ARM.attributes
                0x0000000000000317       0x34 ./Drivers/STM32F3xx_HAL_Driver/Src/stm32f3xx_hal_rcc_ex.o
 .ARM.attributes
                0x000000000000034b       0x34 ./Drivers/STM32F3xx_HAL_Driver/Src/stm32f3xx_hal_spi.o
 .ARM.attributes
                0x000000000000037f       0x34 ./Drivers/STM32F3xx_HAL_Driver/Src/stm32f3xx_hal_tim.o
 .ARM.attributes
                0x00000000000003b3       0x34 ./Drivers/STM32F3xx_HAL_Driver/Src/stm32f3xx_hal_tim_ex.o
 .ARM.attributes
                0x00000000000003e7       0x34 ./Drivers/STM32F3xx_HAL_Driver/Src/stm32f3xx_hal_uart.o
 .ARM.attributes
                0x000000000000041b       0x34 ./FATFS/App/fatfs.o
 .ARM.attributes
                0x000000000000044f       0x34 ./FATFS/Target/user_diskio.o
 .ARM.attributes
                0x0000000000000483       0x34 ./Middlewares/Third_Party/FatFs/src/diskio.o
 .ARM.attributes
                0x00000000000004b7       0x34 ./Middlewares/Third_Party/FatFs/src/ff.o
 .ARM.attributes
                0x00000000000004eb       0x34 ./Middlewares/Third_Party/FatFs/src/ff_gen_drv.o
 .ARM.attributes
                0x000000000000051f       0x34 ./Middlewares/Third_Party/FatFs/src/option/syscall.o
 .ARM.attributes
                0x0000000000000553       0x34 ./Middlewares/Third_Party/FreeRTOS/Source/CMSIS_RTOS/cmsis_os.o
 .ARM.attributes
                0x0000000000000587       0x34 ./Middlewares/Third_Party/FreeRTOS/Source/list.o
 .ARM.attributes
                0x00000000000005bb       0x34 ./Middlewares/Third_Party/FreeRTOS/Source/queue.o
 .ARM.attributes
                0x00000000000005ef       0x34 ./Middlewares/Third_Party/FreeRTOS/Source/tasks.o
 .ARM.attributes
                0x0000000000000623       0x34 ./Middlewares/Third_Party/FreeRTOS/Source/portable/GCC/ARM_CM4F/port.o
 .ARM.attributes
                0x0000000000000657       0x34 ./Middlewares/Third_Party/FreeRTOS/Source/portable/MemMang/heap_4.o
 .ARM.attributes
                0x000000000000068b       0x34 c:/st/stm32cubeide_1.10.1/stm32cubeide/plugins/com.st.stm32cube.ide.mcu.externaltools.gnu-tools-for-stm32.10.3-2021.10.win32_1.0.0.202111181127/tools/bin/../lib/gcc/arm-none-eabi/10.3.1/../../../../arm-none-eabi/lib/thumb/v7e-m+fp/hard\libc_nano.a(lib_a-errno.o)
 .ARM.attributes
                0x00000000000006bf       0x34 c:/st/stm32cubeide_1.10.1/stm32cubeide/plugins/com.st.stm32cube.ide.mcu.externaltools.gnu-tools-for-stm32.10.3-2021.10.win32_1.0.0.202111181127/tools/bin/../lib/gcc/arm-none-eabi/10.3.1/../../../../arm-none-eabi/lib/thumb/v7e-m+fp/hard\libc_nano.a(lib_a-findfp.o)
 .ARM.attributes
                0x00000000000006f3       0x34 c:/st/stm32cubeide_1.10.1/stm32cubeide/plugins/com.st.stm32cube.ide.mcu.externaltools.gnu-tools-for-stm32.10.3-2021.10.win32_1.0.0.202111181127/tools/bin/../lib/gcc/arm-none-eabi/10.3.1/../../../../arm-none-eabi/lib/thumb/v7e-m+fp/hard\libc_nano.a(lib_a-impure.o)
 .ARM.attributes
                0x0000000000000727       0x34 c:/st/stm32cubeide_1.10.1/stm32cubeide/plugins/com.st.stm32cube.ide.mcu.externaltools.gnu-tools-for-stm32.10.3-2021.10.win32_1.0.0.202111181127/tools/bin/../lib/gcc/arm-none-eabi/10.3.1/../../../../arm-none-eabi/lib/thumb/v7e-m+fp/hard\libc_nano.a(lib_a-init.o)
 .ARM.attributes
                0x000000000000075b       0x34 c:/st/stm32cubeide_1.10.1/stm32cubeide/plugins/com.st.stm32cube.ide.mcu.externaltools.gnu-tools-for-stm32.10.3-2021.10.win32_1.0.0.202111181127/tools/bin/../lib/gcc/arm-none-eabi/10.3.1/../../../../arm-none-eabi/lib/thumb/v7e-m+fp/hard\libc_nano.a(lib_a-lock.o)
 .ARM.attributes
                0x000000000000078f       0x34 c:/st/stm32cubeide_1.10.1/stm32cubeide/plugins/com.st.stm32cube.ide.mcu.externaltools.gnu-tools-for-stm32.10.3-2021.10.win32_1.0.0.202111181127/tools/bin/../lib/gcc/arm-none-eabi/10.3.1/../../../../arm-none-eabi/lib/thumb/v7e-m+fp/hard\libc_nano.a(lib_a-malloc.o)
 .ARM.attributes