Archive member included to satisfy reference by file (symbol)

c:/st/stm32cubeide_1.10.1/stm32cubeide/plugins/com.st.stm32cube.ide.mcu.externaltools.gnu-tools-for-stm32.10.3-2021.10.win32_1.0.0.202111181127/tools/bin/../lib/gcc/arm-none-eabi/10.3.1/../../../../arm-none-eabi/lib/thumb/v7e-m+fp/hard\libc_nano.a(lib_a-exit.o)
                              c:/st/stm32cubeide_1.10.1/stm32cubeide/plugins/com.st.stm32cube.ide.mcu.externaltools.gnu-tools-for-stm32.10.3-2021.10.win32_1.0.0.202111181127/tools/bin/../lib/gcc/arm-none-eabi/10.3.1/../../../../arm-none-eabi/lib/thumb/v7e-m+fp/hard/crt0.o (exit)
c:/st/stm32cubeide_1.10.1/stm32cubeide/plugins/com.st.stm32cube.ide.mcu.externaltools.gnu-tools-for-stm32.10.3-2021.10.win32_1.0.0.202111181127/tools/bin/../lib/gcc/arm-none-eabi/10.3.1/../../../../arm-none-eabi/lib/thumb/v7e-m+fp/hard\libc_nano.a(lib_a-impure.o)
                              c:/st/stm32cubeide_1.10.1/stm32cubeide/plugins/com.st.stm32cube.ide.mcu.externaltools.gnu-tools-for-stm32.10.3-2021.10.win32_1.0.0.202111181127/tools/bin/../lib/gcc/arm-none-eabi/10.3.1/../../../../arm-none-eabi/lib/thumb/v7e-m+fp/hard\libc_nano.a(lib_a-exit.o) (_global_impure_ptr)
c:/st/stm32cubeide_1.10.1/stm32cubeide/plugins/com.st.stm32cube.ide.mcu.externaltools.gnu-tools-for-stm32.10.3-2021.10.win32_1.0.0.202111181127/tools/bin/../lib/gcc/arm-none-eabi/10.3.1/../../../../arm-none-eabi/lib/thumb/v7e-m+fp/hard\libc_nano.a(lib_a-init.o)
                              c:/st/stm32cubeide_1.10.1/stm32cubeide/plugins/com.st.stm32cube.ide.mcu.externaltools.gnu-tools-for-stm32.10.3-2021.10.win32_1.0.0.202111181127/tools/bin/../lib/gcc/arm-none-eabi/10.3.1/../../../../arm-none-eabi/lib/thumb/v7e-m+fp/hard/crt0.o (__libc_init_array)
c:/st/stm32cubeide_1.10.1/stm32cubeide/plugins/com.st.stm32cube.ide.mcu.externaltools.gnu-tools-for-stm32.10.3-2021.10.win32_1.0.0.202111181127/tools/bin/../lib/gcc/arm-none-eabi/10.3.1/../../../../arm-none-eabi/lib/thumb/v7e-m+fp/hard\libc_nano.a(lib_a-malloc.o)
                              ./Middlewares/Third_Party/FatFs/src/option/syscall.o (malloc)
c:/st/stm32cubeide_1.10.1/stm32cubeide/plugins/com.st.stm32cube.ide.mcu.externaltools.gnu-tools-for-stm32.10.3-2021.10.win32_1.0.0.202111181127/tools/bin/../lib/gcc/arm-none-eabi/10.3.1/../../../../arm-none-eabi/lib/thumb/v7e-m+fp/hard\libc_nano.a(lib_a-memset.o)
                              c:/st/stm32cubeide_1.10.1/stm32cubeide/plugins/com.st.stm32cube.ide.mcu.externaltools.gnu-tools-for-stm32.10.3-2021.10.win32_1.0.0.202111181127/tools/bin/../lib/gcc/arm-none-eabi/10.3.1/../../../../arm-none-eabi/lib/thumb/v7e-m+fp/hard/crt0.o (memset)
c:/st/stm32cubeide_1.10.1/stm32cubeide/plugins/com.st.stm32cube.ide.mcu.externaltools.gnu-tools-for-stm32.10.3-2021.10.win32_1.0.0.202111181127/tools/bin/../lib/gcc/arm-none-eabi/10.3.1/../../../../arm-none-eabi/lib/thumb/v7e-m+fp/hard\libc_nano.a(lib_a-nano-freer.o)
                              c:/st/stm32cubeide_1.10.1/stm32cubeide/plugins/com.st.stm32cube.ide.mcu.externaltools.gnu-tools-for-stm32.10.3-2021.10.win32_1.0.0.202111181127/tools/bin/../lib/gcc/arm-none-eabi/10.3.1/../../../../arm-none-eabi/lib/thumb/v7e-m+fp/hard\libc_nano.a(lib_a-malloc.o) (_free_r)
c:/st/stm32cubeide_1.10.1/stm32cubeide/plugins/com.st.stm32cube.ide.mcu.externaltools.gnu-tools-for-stm32.10.3-2021.10.win32_1.0.0.202111181127/tools/bin/../lib/gcc/arm-none-eabi/10.3.1/../../../../arm-none-eabi/lib/thumb/v7e-m+fp/hard\libc_nano.a(lib_a-nano-mallocr.o)
                              c:/st/stm32cubeide_1.10.1/stm32cubeide/plugins/com.st.stm32cube.ide.mcu.externaltools.gnu-tools-for-stm32.10.3-2021.10.win32_1.0.0.202111181127/tools/bin/../lib/gcc/arm-none-eabi/10.3.1/../../../../arm-none-eabi/lib/thumb/v7e-m+fp/hard\libc_nano.a(lib_a-malloc.o) (_malloc_r)
c:/st/stm32cubeide_1.10.1/stm32cubeide/plugins/com.st.stm32cube.ide.mcu.externaltools.gnu-tools-for-stm32.10.3-2021.10.win32_1.0.0.202111181127/tools/bin/../lib/gcc/arm-none-eabi/10.3.1/../../../../arm-none-eabi/lib/thumb/v7e-m+fp/hard\libc_nano.a(lib_a-sbrkr.o)
                              c:/st/stm32cubeide_1.10.1/stm32cubeide/plugins/com.st.stm32cube.ide.mcu.externaltools.gnu-tools-for-stm32.10.3-2021.10.win32_1.0.0.202111181127/tools/bin/../lib/gcc/arm-none-eabi/10.3.1/../../../../arm-none-eabi/lib/thumb/v7e-m+fp/hard\libc_nano.a(lib_a-nano-mallocr.o) (_sbrk_r)
c:/st/stm32cubeide_1.10.1/stm32cubeide/plugins/com.st.stm32cube.ide.mcu.externaltools.gnu-tools-for-stm32.10.3-2021.10.win32_1.0.0.202111181127/tools/bin/../lib/gcc/arm-none-eabi/10.3.1/../../../../arm-none-eabi/lib/thumb/v7e-m+fp/hard\libc_nano.a(lib_a-strlen.o)
                              ./Core/Src/main.o (strlen)
c:/st/stm32cubeide_1.10.1/stm32cubeide/plugins/com.st.stm32cube.ide.mcu.externaltools.gnu-tools-for-stm32.10.3-2021.10.win32_1.0.0.202111181127/tools/bin/../lib/gcc/arm-none-eabi/10.3.1/../../../../arm-none-eabi/lib/thumb/v7e-m+fp/hard\libc_nano.a(lib_a-vsnprintf.o)
[...]
Memory Configuration

Name             Origin             Length             Attributes
CCMRAM           0x0000000010000000 0x0000000000004000 xrw
RAM              0x0000000020000000 0x0000000000010000 xrw
FLASH            0x0000000008000000 0x0000000000080000 xr
*default*        0x0000000000000000 0xffffffffffffffff

Linker script and memory map

LOAD c:/st/stm32cubeide_1.10.1/stm32cubeide/plugins/com.st.stm32cube.ide.mcu.externaltools.gnu-tools-for-stm32.10.3-2021.10.win32_1.0.0.202111181127/tools/bin/../lib/gcc/arm-none-eabi/10.3.1/thumb/v7e-m+fp/hard/crti.o
LOAD c:/st/stm32cubeide_1.10.1/stm32cubeide/plugins/com.st.stm32cube.ide.mcu.externaltools.gnu-tools-for-stm32.10.3-2021.10.win32_1.0.0.202111181127/tools/bin/../lib/gcc/arm-none-eabi/10.3.1/thumb/v7e-m+fp/hard/crtbegin.o
LOAD c:/st/stm32cubeide_1.10.1/stm32cubeide/plugins/com.st.stm32cube.ide.mcu.externaltools.gnu-tools-for-stm32.10.3-2021.10.win32_1.0.0.202111181127/tools/bin/../lib/gcc/arm-none-eabi/10.3.1/../../../../arm-none-eabi/lib/thumb/v7e-m+fp/hard/crt0.o
LOAD ./Core/Src/fatfs_sd.o
LOAD ./Core/Src/main.o
LOAD ./Core/Src/stm32f3xx_hal_msp.o
LOAD ./Core/Src/stm32f3xx_hal_timebase_tim.o
LOAD ./Core/Src/stm32f3xx_it.o
LOAD ./Core/Src/system_stm32f3xx.o
LOAD ./Core/Startup/startup_stm32f303retx.o
LOAD ./Drivers/STM32F3xx_HAL_Driver/Src/stm32f3xx_hal.o
LOAD ./Drivers/STM32F3xx_HAL_Driver/Src/stm32f3xx_hal_cortex.o
LOAD ./Drivers/STM32F3xx_HAL_Driver/Src/stm32f3xx_hal_dma.o
LOAD ./Drivers/STM32F3xx_HAL_Driver/Src/stm32f3xx_hal_exti.o
LOAD ./Drivers/STM32F3xx_HAL_Driver/Src/stm32f3xx_hal_flash.o
LOAD ./Drivers/STM32F3xx_HAL_Driver/Src/stm32f3xx_hal_flash_ex.o
LOAD ./Drivers/STM32F3xx_HAL_Driver/Src/stm32f3xx_hal_gpio.o
LOAD ./Drivers/STM32F3xx_HAL_Driver/Src/stm32f3xx_hal_i2c.o
LOAD ./Drivers/STM32F3xx_HAL_Driver/Src/stm32f3xx_hal_i2c_ex.o
LOAD ./Drivers/STM32F3xx_HAL_Driver/Src/stm32f3xx_hal_pwr.o
LOAD ./Drivers/STM32F3xx_HAL_Driver/Src/stm32f3xx_hal_pwr_ex.o
LOAD ./Drivers/STM32F3xx_HAL_Driver/Src/stm32f3xx_hal_rcc.o
LOAD ./Drivers/STM32F3xx_HAL_Driver/Src/stm32f3xx_hal_rcc_ex.o
LOAD ./Drivers/STM32F3xx_HAL_Driver/Src/stm32f3xx_hal_spi.o
LOAD ./Drivers/STM32F3xx_HAL_Driver/Src/stm32f3xx_hal_spi_ex.o
LOAD ./Drivers/STM32F3xx_HAL_Driver/Src/stm32f3xx_hal_tim.o
LOAD ./Drivers/STM32F3xx_HAL_Driver/Src/stm32f3xx_hal_tim_ex.o
LOAD ./Drivers/STM32F3xx_HAL_Driver/Src/stm32f3xx_hal_uart.o
LOAD ./Drivers/STM32F3xx_HAL_Driver/Src/stm32f3xx_hal_uart_ex.o
LOAD ./FATFS/App/fatfs.o
LOAD ./FATFS/Target/user_diskio.o
LOAD ./Middlewares/Third_Party/FatFs/src/diskio.o
LOAD ./Middlewares/Third_Party/FatFs/src/ff.o
LOAD ./Middlewares/Third_Party/FatFs/src/ff_gen_drv.o
LOAD ./Middlewares/Third_Party/FatFs/src/option/ccsbcs.o
LOAD ./Middlewares/Third_Party/FatFs/src/option/syscall.o
START GROUP
LOAD c:/st/stm32cubeide_1.10.1/stm32cubeide/plugins/com.st.stm32cube.ide.mcu.externaltools.gnu-tools-for-stm32.10.3-2021.10.win32_1.0.0.202111181127/tools/bin/../lib/gcc/arm-none-eabi/10.3.1/../../../../arm-none-eabi/lib/thumb/v7e-m+fp/hard\libc_nano.a
LOAD c:/st/stm32cubeide_1.10.1/stm32cubeide/plugins/com.st.stm32cube.ide.mcu.externaltools.gnu-tools-for-stm32.10.3-2021.10.win32_1.0.0.202111181127/tools/bin/../lib/gcc/arm-none-eabi/10.3.1/../../../../arm-none-eabi/lib/thumb/v7e-m+fp/hard\libm.a
END GROUP
START GROUP
LOAD c:/st/stm32cubeide_1.10.1/stm32cubeide/plugins/com.st.stm32cube.ide.mcu.externaltools.gnu-tools-for-stm32.10.3-2021.10.win32_1.0.0.202111181127/tools/bin/../lib/gcc/arm-none-eabi/10.3.1/thumb/v7e-m+fp/hard\libgcc.a
LOAD c:/st/stm32cubeide_1.10.1/stm32cubeide/plugins/com.st.stm32cube.ide.mcu.externaltools.gnu-tools-for-stm32.10.3-2021.10.win32_1.0.0.202111181127/tools/bin/../lib/gcc/arm-none-eabi/10.3.1/../../../../arm-none-eabi/lib/thumb/v7e-m+fp/hard\libc_nano.a
END GROUP
START GROUP
LOAD c:/st/stm32cubeide_1.10.1/stm32cubeide/plugins/com.st.stm32cube.ide.mcu.externaltools.gnu-tools-for-stm32.10.3-2021.10.win32_1.0.0.202111181127/tools/bin/../lib/gcc/arm-none-eabi/10.3.1/thumb/v7e-m+fp/hard\libgcc.a
LOAD c:/st/stm32cubeide_1.10.1/stm32cubeide/plugins/com.st.stm32cube.ide.mcu.externaltools.gnu-tools-for-stm32.10.3-2021.10.win32_1.0.0.202111181127/tools/bin/../lib/gcc/arm-none-eabi/10.3.1/../../../../arm-none-eabi/lib/thumb/v7e-m+fp/hard\libc_nano.a
LOAD c:/st/stm32cubeide_1.10.1/stm32cubeide/plugins/com.st.stm32cube.ide.mcu.externaltools.gnu-tools-for-stm32.10.3-2021.10.win32_1.0.0.202111181127/tools/bin/../lib/gcc/arm-none-eabi/10.3.1/../../../../arm-none-eabi/lib/thumb/v7e-m+fp/hard\libnosys.a
END GROUP
START GROUP
LOAD c:/st/stm32cubeide_1.10.1/stm32cubeide/plugins/com.st.stm32cube.ide.mcu.externaltools.gnu-tools-for-stm32.10.3-2021.10.win32_1.0.0.202111181127/tools/bin/../lib/gcc/arm-none-eabi/10.3.1/thumb/v7e-m+fp/hard\libgcc.a
LOAD c:/st/stm32cubeide_1.10.1/stm32cubeide/plugins/com.st.stm32cube.ide.mcu.externaltools.gnu-tools-for-stm32.10.3-2021.10.win32_1.0.0.202111181127/tools/bin/../lib/gcc/arm-none-eabi/10.3.1/../../../../arm-none-eabi/lib/thumb/v7e-m+fp/hard\libc_nano.a
LOAD c:/st/stm32cubeide_1.10.1/stm32cubeide/plugins/com.st.stm32cube.ide.mcu.externaltools.gnu-tools-for-stm32.10.3-2021.10.win32_1.0.0.202111181127/tools/bin/../lib/gcc/arm-none-eabi/10.3.1/../../../../arm-none-eabi/lib/thumb/v7e-m+fp/hard\libnosys.a
END GROUP
LOAD c:/st/stm32cubeide_1.10.1/stm32cubeide/plugins/com.st.stm32cube.ide.mcu.externaltools.gnu-tools-for-stm32.10.3-2021.10.win32_1.0.0.202111181127/tools/bin/../lib/gcc/arm-none-eabi/10.3.1/thumb/v7e-m+fp/hard/crtend.o
LOAD c:/st/stm32cubeide_1.10.1/stm32cubeide/plugins/com.st.stm32cube.ide.mcu.externaltools.gnu-tools-for-stm32.10.3-2021.10.win32_1.0.0.202111181127/tools/bin/../lib/gcc/arm-none-eabi/10.3.1/thumb/v7e-m+fp/hard/crtn.o
                0x0000000020010000                _estack = (ORIGIN (RAM) + LENGTH (RAM))
                0x0000000000000200                _Min_Heap_Size = 0x200
                0x0000000000000400                _Min_Stack_Size = 0x400

.isr_vector     0x0000000008000000      0x194
                0x0000000008000000                . = ALIGN (0x4)
 *(.isr_vector)
 .isr_vector    0x0000000008000000      0x194 ./Core/Startup/startup_stm32f303retx.o
                0x0000000008000000                g_pfnVectors
                0x0000000008000194                . = ALIGN (0x4)

.text           0x00000000080001a0     0x9e40
                0x00000000080001a0                . = ALIGN (0x4)
 *(.text)
 .text          0x00000000080001a0       0x40 c:/st/stm32cubeide_1.10.1/stm32cubeide/plugins/com.st.stm32cube.ide.mcu.externaltools.gnu-tools-for-stm32.10.3-2021.10.win32_1.0.0.202111181127/tools/bin/../lib/gcc/arm-none-eabi/10.3.1/thumb/v7e-m+fp/hard/crtbegin.o
 .text          0x00000000080001e0       0x10 c:/st/stm32cubeide_1.10.1/stm32cubeide/plugins/com.st.stm32cube.ide.mcu.externaltools.gnu-tools-for-stm32.10.3-2021.10.win32_1.0.0.202111181127/tools/bin/../lib/gcc/arm-none-eabi/10.3.1/../../../../arm-none-eabi/lib/thumb/v7e-m+fp/hard\libc_nano.a(lib_a-strlen.o)
                0x00000000080001e0                strlen
 .text          0x00000000080001f0       0xa0 c:/st/stm32cubeide_1.10.1/stm32cubeide/plugins/com.st.stm32cube.ide.mcu.externaltools.gnu-tools-for-stm32.10.3-2021.10.win32_1.0.0.202111181127/tools/bin/../lib/gcc/arm-none-eabi/10.3.1/../../../../arm-none-eabi/lib/thumb/v7e-m+fp/hard\libc_nano.a(lib_a-memchr.o)
                0x00000000080001f0                memchr
 .text          0x0000000008000290      0x254 c:/st/stm32cubeide_1.10.1/stm32cubeide/plugins/com.st.stm32cube.ide.mcu.externaltools.gnu-tools-for-stm32.10.3-2021.10.win32_1.0.0.202111181127/tools/bin/../lib/gcc/arm-none-eabi/10.3.1/thumb/v7e-m+fp/hard\libgcc.a(_arm_muldf3.o)
                0x0000000008000290                __muldf3
                0x0000000008000290                __aeabi_dmul
 .text          0x00000000080004e4      0x378 c:/st/stm32cubeide_1.10.1/stm32cubeide/plugins/com.st.stm32cube.ide.mcu.externaltools.gnu-tools-for-stm32.10.3-2021.10.win32_1.0.0.202111181127/tools/bin/../lib/gcc/arm-none-eabi/10.3.1/thumb/v7e-m+fp/hard\libgcc.a(_arm_addsubdf3.o)
                0x00000000080004e4                __aeabi_drsub
                0x00000000080004ec                __aeabi_dsub
                0x00000000080004ec                __subdf3
                0x00000000080004f0                __aeabi_dadd
                0x00000000080004f0                __adddf3
                0x0000000008000768                __floatunsidf
                0x0000000008000768                __aeabi_ui2d
                0x0000000008000788                __floatsidf
                0x0000000008000788                __aeabi_i2d
                0x00000000080007ac                __aeabi_f2d
                0x00000000080007ac                __extendsfdf2
                0x00000000080007f0                __floatundidf
                0x00000000080007f0                __aeabi_ul2d
                0x0000000008000800                __floatdidf
                0x0000000008000800                __aeabi_l2d
 .text          0x000000000800085c       0x40 c:/st/stm32cubeide_1.10.1/stm32cubeide/plugins/com.st.stm32cube.ide.mcu.externaltools.gnu-tools-for-stm32.10.3-2021.10.win32_1.0.0.202111181127/tools/bin/../lib/gcc/arm-none-eabi/10.3.1/thumb/v7e-m+fp/hard\libgcc.a(_arm_fixunsdfsi.o)
                0x000000000800085c                __aeabi_d2uiz
                0x000000000800085c                __fixunsdfsi
 *(.text*)
 .text.SELECT   0x000000000800089c       0x1c ./Core/Src/fatfs_sd.o
 .text.DESELECT
                0x00000000080008b8       0x1c ./Core/Src/fatfs_sd.o
 .text.SPI_TxByte
                0x00000000080008d4       0x34 ./Core/Src/fatfs_sd.o
 .text.SPI_TxBuffer
                0x0000000008000908       0x34 ./Core/Src/fatfs_sd.o
 .text.SPI_RxByte
                0x000000000800093c       0x38 ./Core/Src/fatfs_sd.o
 .text.SPI_RxBytePtr
                0x0000000008000974       0x1c ./Core/Src/fatfs_sd.o
 .text.SD_ReadyWait
                0x0000000008000990       0x34 ./Core/Src/fatfs_sd.o
 .text.SD_PowerOn
                0x00000000080009c4       0x84 ./Core/Src/fatfs_sd.o
 .text.SD_PowerOff
                0x0000000008000a48       0x18 ./Core/Src/fatfs_sd.o
 .text.SD_CheckPower
                0x0000000008000a60       0x18 ./Core/Src/fatfs_sd.o
 .text.SD_RxDataBlock
                0x0000000008000a78       0x5c ./Core/Src/fatfs_sd.o
 .text.SD_TxDataBlock
                0x0000000008000ad4       0x86 ./Core/Src/fatfs_sd.o
 .text.SD_SendCmd
                0x0000000008000b5a       0xa8 ./Core/Src/fatfs_sd.o
 *fill*         0x0000000008000c02        0x2 
 .text.SD_disk_initialize
                0x0000000008000c04      0x1cc ./Core/Src/fatfs_sd.o
                0x0000000008000c04                SD_disk_initialize
 .text.SD_disk_status
                0x0000000008000dd0       0x2c ./Core/Src/fatfs_sd.o
                0x0000000008000dd0                SD_disk_status
 .text.SD_disk_read
                0x0000000008000dfc       0xd4 ./Core/Src/fatfs_sd.o
                0x0000000008000dfc                SD_disk_read
 .text.SD_disk_write
                0x0000000008000ed0      0x108 ./Core/Src/fatfs_sd.o
                0x0000000008000ed0                SD_disk_write
 .text.SD_disk_ioctl
                0x0000000008000fd8      0x258 ./Core/Src/fatfs_sd.o
                0x0000000008000fd8                SD_disk_ioctl
 .text.main     0x0000000008001230      0x2cc ./Core/Src/main.o
                0x0000000008001230                main
 .text.SystemClock_Config
                0x00000000080014fc       0xbc ./Core/Src/main.o
                0x00000000080014fc                SystemClock_Config
 .text.MX_SPI1_Init
                0x00000000080015b8       0x7c ./Core/Src/main.o
 .text.MX_USART2_UART_Init
                0x0000000008001634       0x60 ./Core/Src/main.o
 .text.MX_GPIO_Init
                0x0000000008001694       0xcc ./Core/Src/main.o
 .text.myprintf
                0x0000000008001760       0x4c ./Core/Src/main.o
                0x0000000008001760                myprintf
 .text.process_SD_card
                0x00000000080017ac      0x230 ./Core/Src/main.o
                0x00000000080017ac                process_SD_card
 .text.HAL_TIM_PeriodElapsedCallback
                0x00000000080019dc       0x24 ./Core/Src/main.o
                0x00000000080019dc                HAL_TIM_PeriodElapsedCallback
 .text.Error_Handler
                0x0000000008001a00        0x6 ./Core/Src/main.o
                0x0000000008001a00                Error_Handler
 *fill*         0x0000000008001a06        0x2 
 .text.HAL_MspInit
                0x0000000008001a08       0x48 ./Core/Src/stm32f3xx_hal_msp.o
                0x0000000008001a08                HAL_MspInit
 .text.HAL_SPI_MspInit
                0x0000000008001a50       0x84 ./Core/Src/stm32f3xx_hal_msp.o
                0x0000000008001a50                HAL_SPI_MspInit
 .text.HAL_UART_MspInit
                0x0000000008001ad4       0x84 ./Core/Src/stm32f3xx_hal_msp.o
                0x0000000008001ad4                HAL_UART_MspInit
 .text.HAL_InitTick
                0x0000000008001b58       0xf4 ./Core/Src/stm32f3xx_hal_timebase_tim.o
                0x0000000008001b58                HAL_InitTick
 .text.SysTick_Handler
                0x0000000008001c4c        0xe ./Core/Src/stm32f3xx_it.o
                0x0000000008001c4c                SysTick_Handler
 *fill*         0x0000000008001c5a        0x2 
 .text.TIM6_DAC_IRQHandler
                0x0000000008001c5c       0x14 ./Core/Src/stm32f3xx_it.o
                0x0000000008001c5c                TIM6_DAC_IRQHandler
 .text.SystemInit
                0x0000000008001c70       0x94 ./Core/Src/system_stm32f3xx.o
                0x0000000008001c70                SystemInit
 .text.Reset_Handler
                0x0000000008001d04       0x50 ./Core/Startup/startup_stm32f303retx.o
                0x0000000008001d04                Reset_Handler
 .text.Default_Handler
                0x0000000008001d54        0x2 ./Core/Startup/startup_stm32f303retx.o
                0x0000000008001d54                RTC_Alarm_IRQHandler
                0x0000000008001d54                TIM8_TRG_COM_IRQHandler
                0x0000000008001d54                TIM8_CC_IRQHandler
                0x0000000008001d54                DebugMon_Handler
                0x0000000008001d54                SPI4_IRQHandler
                0x0000000008001d54                TIM1_CC_IRQHandler
                0x0000000008001d54                HardFault_Handler
                0x0000000008001d54                USB_HP_IRQHandler
                0x0000000008001d54                PVD_IRQHandler
                0x0000000008001d54                TAMP_STAMP_IRQHandler
                0x0000000008001d54                PendSV_Handler
                0x0000000008001d54                NMI_Handler
                0x0000000008001d54                EXTI3_IRQHandler
                0x0000000008001d54                I2C3_ER_IRQHandler
                0x0000000008001d54                USB_HP_CAN_TX_IRQHandler
                0x0000000008001d54                EXTI0_IRQHandler
                0x0000000008001d54                I2C2_EV_IRQHandler
                0x0000000008001d54                FPU_IRQHandler
                0x0000000008001d54                TIM1_UP_TIM16_IRQHandler
                0x0000000008001d54                UsageFault_Handler
                0x0000000008001d54                ADC1_2_IRQHandler
                0x0000000008001d54                SPI1_IRQHandler
                0x0000000008001d54                CAN_SCE_IRQHandler
                0x0000000008001d54                TIM8_UP_IRQHandler
                0x0000000008001d54                DMA2_Channel2_IRQHandler
                0x0000000008001d54                DMA1_Channel4_IRQHandler
                0x0000000008001d54                TIM20_TRG_COM_IRQHandler
                0x0000000008001d54                USART3_IRQHandler
                0x0000000008001d54                DMA1_Channel7_IRQHandler
                0x0000000008001d54                UART5_IRQHandler
                0x0000000008001d54                ADC3_IRQHandler
                0x0000000008001d54                TIM4_IRQHandler
                0x0000000008001d54                CAN_RX1_IRQHandler
                0x0000000008001d54                DMA2_Channel1_IRQHandler
                0x0000000008001d54                I2C1_EV_IRQHandler
                0x0000000008001d54                DMA1_Channel6_IRQHandler
                0x0000000008001d54                UART4_IRQHandler
                0x0000000008001d54                DMA2_Channel4_IRQHandler
                0x0000000008001d54                TIM3_IRQHandler
                0x0000000008001d54                RCC_IRQHandler
                0x0000000008001d54                TIM20_UP_IRQHandler
                0x0000000008001d54                DMA1_Channel1_IRQHandler
                0x0000000008001d54                Default_Handler
                0x0000000008001d54                USBWakeUp_RMP_IRQHandler
                0x0000000008001d54                EXTI15_10_IRQHandler
                0x0000000008001d54                TIM7_IRQHandler
                0x0000000008001d54                I2C3_EV_IRQHandler
                0x0000000008001d54                EXTI9_5_IRQHandler
                0x0000000008001d54                RTC_WKUP_IRQHandler
                0x0000000008001d54                SPI2_IRQHandler
                0x0000000008001d54                USB_LP_CAN_RX0_IRQHandler
                0x0000000008001d54                MemManage_Handler
                0x0000000008001d54                SVC_Handler
                0x0000000008001d54                DMA2_Channel5_IRQHandler
                0x0000000008001d54                DMA1_Channel5_IRQHandler
                0x0000000008001d54                USB_LP_IRQHandler
                0x0000000008001d54                EXTI4_IRQHandler
                0x0000000008001d54                TIM1_TRG_COM_TIM17_IRQHandler
                0x0000000008001d54                DMA1_Channel3_IRQHandler
                0x0000000008001d54                ADC4_IRQHandler
                0x0000000008001d54                WWDG_IRQHandler
                0x0000000008001d54                TIM2_IRQHandler
                0x0000000008001d54                COMP7_IRQHandler
                0x0000000008001d54                COMP1_2_3_IRQHandler
                0x0000000008001d54                EXTI1_IRQHandler
                0x0000000008001d54                USART2_IRQHandler
                0x0000000008001d54                COMP4_5_6_IRQHandler
                0x0000000008001d54                TIM20_BRK_IRQHandler
                0x0000000008001d54                I2C2_ER_IRQHandler
                0x0000000008001d54                DMA1_Channel2_IRQHandler
                0x0000000008001d54                TIM8_BRK_IRQHandler
                0x0000000008001d54                FLASH_IRQHandler
                0x0000000008001d54                TIM20_CC_IRQHandler
                0x0000000008001d54                BusFault_Handler
                0x0000000008001d54                USART1_IRQHandler
                0x0000000008001d54                SPI3_IRQHandler
                0x0000000008001d54                I2C1_ER_IRQHandler
                0x0000000008001d54                FMC_IRQHandler
                0x0000000008001d54                USBWakeUp_IRQHandler
                0x0000000008001d54                DMA2_Channel3_IRQHandler
                0x0000000008001d54                EXTI2_TSC_IRQHandler
                0x0000000008001d54                TIM1_BRK_TIM15_IRQHandler
 *fill*         0x0000000008001d56        0x2 
 .text.HAL_Init
                0x0000000008001d58       0x2c ./Drivers/STM32F3xx_HAL_Driver/Src/stm32f3xx_hal.o
                0x0000000008001d58                HAL_Init
 .text.HAL_IncTick
                0x0000000008001d84       0x28 ./Drivers/STM32F3xx_HAL_Driver/Src/stm32f3xx_hal.o
                0x0000000008001d84                HAL_IncTick
 .text.HAL_GetTick
                0x0000000008001dac       0x18 ./Drivers/STM32F3xx_HAL_Driver/Src/stm32f3xx_hal.o
                0x0000000008001dac                HAL_GetTick
 .text.HAL_Delay
                0x0000000008001dc4       0x48 ./Drivers/STM32F3xx_HAL_Driver/Src/stm32f3xx_hal.o
                0x0000000008001dc4                HAL_Delay
 .text.__NVIC_SetPriorityGrouping
                0x0000000008001e0c       0x48 ./Drivers/STM32F3xx_HAL_Driver/Src/stm32f3xx_hal_cortex.o
 .text.__NVIC_GetPriorityGrouping
                0x0000000008001e54       0x1c ./Drivers/STM32F3xx_HAL_Driver/Src/stm32f3xx_hal_cortex.o
 .text.__NVIC_EnableIRQ
                0x0000000008001e70       0x3c ./Drivers/STM32F3xx_HAL_Driver/Src/stm32f3xx_hal_cortex.o
 .text.__NVIC_SetPriority
                0x0000000008001eac       0x54 ./Drivers/STM32F3xx_HAL_Driver/Src/stm32f3xx_hal_cortex.o
 .text.NVIC_EncodePriority
                0x0000000008001f00       0x66 ./Drivers/STM32F3xx_HAL_Driver/Src/stm32f3xx_hal_cortex.o
 .text.HAL_NVIC_SetPriorityGrouping
                0x0000000008001f66       0x16 ./Drivers/STM32F3xx_HAL_Driver/Src/stm32f3xx_hal_cortex.o
                0x0000000008001f66                HAL_NVIC_SetPriorityGrouping
 .text.HAL_NVIC_SetPriority
                0x0000000008001f7c       0x38 ./Drivers/STM32F3xx_HAL_Driver/Src/stm32f3xx_hal_cortex.o
                0x0000000008001f7c                HAL_NVIC_SetPriority
 .text.HAL_NVIC_EnableIRQ
                0x0000000008001fb4       0x1c ./Drivers/STM32F3xx_HAL_Driver/Src/stm32f3xx_hal_cortex.o
                0x0000000008001fb4                HAL_NVIC_EnableIRQ
 .text.HAL_GPIO_Init
                0x0000000008001fd0      0x314 ./Drivers/STM32F3xx_HAL_Driver/Src/stm32f3xx_hal_gpio.o
                0x0000000008001fd0                HAL_GPIO_Init
 .text.HAL_GPIO_WritePin
                0x00000000080022e4       0x30 ./Drivers/STM32F3xx_HAL_Driver/Src/stm32f3xx_hal_gpio.o
                0x00000000080022e4                HAL_GPIO_WritePin
 .text.HAL_RCC_OscConfig
                0x0000000008002314     0x10a8 ./Drivers/STM32F3xx_HAL_Driver/Src/stm32f3xx_hal_rcc.o
                0x0000000008002314                HAL_RCC_OscConfig
 .text.HAL_RCC_ClockConfig
                0x00000000080033bc      0x2f8 ./Drivers/STM32F3xx_HAL_Driver/Src/stm32f3xx_hal_rcc.o
                0x00000000080033bc                HAL_RCC_ClockConfig
 .text.HAL_RCC_GetSysClockFreq
                0x00000000080036b4       0xd4 ./Drivers/STM32F3xx_HAL_Driver/Src/stm32f3xx_hal_rcc.o
                0x00000000080036b4                HAL_RCC_GetSysClockFreq
 .text.HAL_RCC_GetHCLKFreq
                0x0000000008003788       0x18 ./Drivers/STM32F3xx_HAL_Driver/Src/stm32f3xx_hal_rcc.o
                0x0000000008003788                HAL_RCC_GetHCLKFreq
 .text.HAL_RCC_GetPCLK1Freq
                0x00000000080037a0       0x44 ./Drivers/STM32F3xx_HAL_Driver/Src/stm32f3xx_hal_rcc.o
                0x00000000080037a0                HAL_RCC_GetPCLK1Freq
 .text.HAL_RCC_GetPCLK2Freq
                0x00000000080037e4       0x44 ./Drivers/STM32F3xx_HAL_Driver/Src/stm32f3xx_hal_rcc.o
                0x00000000080037e4                HAL_RCC_GetPCLK2Freq
 .text.HAL_RCC_GetClockConfig
                0x0000000008003828       0x64 ./Drivers/STM32F3xx_HAL_Driver/Src/stm32f3xx_hal_rcc.o
                0x0000000008003828                HAL_RCC_GetClockConfig
 .text.HAL_RCCEx_PeriphCLKConfig
                0x000000000800388c      0x43c ./Drivers/STM32F3xx_HAL_Driver/Src/stm32f3xx_hal_rcc_ex.o
                0x000000000800388c                HAL_RCCEx_PeriphCLKConfig
 .text.HAL_SPI_Init
                0x0000000008003cc8      0x156 ./Drivers/STM32F3xx_HAL_Driver/Src/stm32f3xx_hal_spi.o
                0x0000000008003cc8                HAL_SPI_Init
 .text.HAL_SPI_Transmit
                0x0000000008003e1e      0x2dc ./Drivers/STM32F3xx_HAL_Driver/Src/stm32f3xx_hal_spi.o
                0x0000000008003e1e                HAL_SPI_Transmit
 .text.HAL_SPI_TransmitReceive
                0x00000000080040fa      0x426 ./Drivers/STM32F3xx_HAL_Driver/Src/stm32f3xx_hal_spi.o
                0x00000000080040fa                HAL_SPI_TransmitReceive
 .text.SPI_WaitFlagStateUntilTimeout
                0x0000000008004520      0x110 ./Drivers/STM32F3xx_HAL_Driver/Src/stm32f3xx_hal_spi.o
 .text.SPI_WaitFifoStateUntilTimeout
                0x0000000008004630      0x12c ./Drivers/STM32F3xx_HAL_Driver/Src/stm32f3xx_hal_spi.o
 .text.SPI_EndRxTxTransaction
                0x000000000800475c       0x8c ./Drivers/STM32F3xx_HAL_Driver/Src/stm32f3xx_hal_spi.o
 .text.HAL_TIM_Base_Init
                0x00000000080047e8       0xae ./Drivers/STM32F3xx_HAL_Driver/Src/stm32f3xx_hal_tim.o
                0x00000000080047e8                HAL_TIM_Base_Init
 .text.HAL_TIM_Base_MspInit
                0x0000000008004896       0x14 ./Drivers/STM32F3xx_HAL_Driver/Src/stm32f3xx_hal_tim.o
                0x0000000008004896                HAL_TIM_Base_MspInit
 *fill*         0x00000000080048aa        0x2 
 .text.HAL_TIM_Base_Start_IT
                0x00000000080048ac       0xe0 ./Drivers/STM32F3xx_HAL_Driver/Src/stm32f3xx_hal_tim.o
                0x00000000080048ac                HAL_TIM_Base_Start_IT
 .text.HAL_TIM_IRQHandler
                0x000000000800498c      0x23e ./Drivers/STM32F3xx_HAL_Driver/Src/stm32f3xx_hal_tim.o
                0x000000000800498c                HAL_TIM_IRQHandler
 .text.HAL_TIM_OC_DelayElapsedCallback
                0x0000000008004bca       0x14 ./Drivers/STM32F3xx_HAL_Driver/Src/stm32f3xx_hal_tim.o
                0x0000000008004bca                HAL_TIM_OC_DelayElapsedCallback
 .text.HAL_TIM_IC_CaptureCallback
                0x0000000008004bde       0x14 ./Drivers/STM32F3xx_HAL_Driver/Src/stm32f3xx_hal_tim.o
                0x0000000008004bde                HAL_TIM_IC_CaptureCallback
 .text.HAL_TIM_PWM_PulseFinishedCallback
                0x0000000008004bf2       0x14 ./Drivers/STM32F3xx_HAL_Driver/Src/stm32f3xx_hal_tim.o
                0x0000000008004bf2                HAL_TIM_PWM_PulseFinishedCallback
 .text.HAL_TIM_TriggerCallback
                0x0000000008004c06       0x14 ./Drivers/STM32F3xx_HAL_Driver/Src/stm32f3xx_hal_tim.o
                0x0000000008004c06                HAL_TIM_TriggerCallback
 *fill*         0x0000000008004c1a        0x2 
 .text.TIM_Base_SetConfig
                0x0000000008004c1c      0x13c ./Drivers/STM32F3xx_HAL_Driver/Src/stm32f3xx_hal_tim.o
                0x0000000008004c1c                TIM_Base_SetConfig
 .text.HAL_TIMEx_CommutCallback
                0x0000000008004d58       0x14 ./Drivers/STM32F3xx_HAL_Driver/Src/stm32f3xx_hal_tim_ex.o
                0x0000000008004d58                HAL_TIMEx_CommutCallback
 .text.HAL_TIMEx_BreakCallback
                0x0000000008004d6c       0x14 ./Drivers/STM32F3xx_HAL_Driver/Src/stm32f3xx_hal_tim_ex.o
                0x0000000008004d6c                HAL_TIMEx_BreakCallback
 .text.HAL_TIMEx_Break2Callback
                0x0000000008004d80       0x14 ./Drivers/STM32F3xx_HAL_Driver/Src/stm32f3xx_hal_tim_ex.o
                0x0000000008004d80                HAL_TIMEx_Break2Callback
 .text.HAL_UART_Init
                0x0000000008004d94       0x9c ./Drivers/STM32F3xx_HAL_Driver/Src/stm32f3xx_hal_uart.o
                0x0000000008004d94                HAL_UART_Init
 .text.HAL_UART_Transmit
                0x0000000008004e30      0x128 ./Drivers/STM32F3xx_HAL_Driver/Src/stm32f3xx_hal_uart.o
                0x0000000008004e30                HAL_UART_Transmit
 .text.UART_SetConfig
                0x0000000008004f58      0x3ac ./Drivers/STM32F3xx_HAL_Driver/Src/stm32f3xx_hal_uart.o
                0x0000000008004f58                UART_SetConfig
 .text.UART_AdvFeatureConfig
                0x0000000008005304      0x144 ./Drivers/STM32F3xx_HAL_Driver/Src/stm32f3xx_hal_uart.o
                0x0000000008005304                UART_AdvFeatureConfig
 .text.UART_CheckIdleState
                0x0000000008005448       0x92 ./Drivers/STM32F3xx_HAL_Driver/Src/stm32f3xx_hal_uart.o
                0x0000000008005448                UART_CheckIdleState
 .text.UART_WaitOnFlagUntilTimeout
                0x00000000080054da      0x188 ./Drivers/STM32F3xx_HAL_Driver/Src/stm32f3xx_hal_uart.o
                0x00000000080054da                UART_WaitOnFlagUntilTimeout
 *fill*         0x0000000008005662        0x2 
 .text.MX_FATFS_Init
                0x0000000008005664       0x24 ./FATFS/App/fatfs.o
                0x0000000008005664                MX_FATFS_Init
 .text.get_fattime
                0x0000000008005688       0x10 ./FATFS/App/fatfs.o
                0x0000000008005688                get_fattime
 .text.USER_initialize
                0x0000000008005698       0x1c ./FATFS/Target/user_diskio.o
                0x0000000008005698                USER_initialize
 .text.USER_status
                0x00000000080056b4       0x1c ./FATFS/Target/user_diskio.o
                0x00000000080056b4                USER_status
 .text.USER_read
                0x00000000080056d0       0x26 ./FATFS/Target/user_diskio.o
                0x00000000080056d0                USER_read
 .text.USER_write
                0x00000000080056f6       0x26 ./FATFS/Target/user_diskio.o
                0x00000000080056f6                USER_write
 .text.USER_ioctl
                0x000000000800571c       0x26 ./FATFS/Target/user_diskio.o
                0x000000000800571c                USER_ioctl
 *fill*         0x0000000008005742        0x2 
 .text.disk_status
                0x0000000008005744       0x34 ./Middlewares/Third_Party/FatFs/src/diskio.o
                0x0000000008005744                disk_status
 .text.disk_initialize
                0x0000000008005778       0x4c ./Middlewares/Third_Party/FatFs/src/diskio.o
                0x0000000008005778                disk_initialize
 .text.disk_read
                0x00000000080057c4       0x40 ./Middlewares/Third_Party/FatFs/src/diskio.o
                0x00000000080057c4                disk_read
 .text.disk_write
                0x0000000008005804       0x40 ./Middlewares/Third_Party/FatFs/src/diskio.o
                0x0000000008005804                disk_write
 .text.disk_ioctl
                0x0000000008005844       0x3c ./Middlewares/Third_Party/FatFs/src/diskio.o
                0x0000000008005844                disk_ioctl
 .text.mem_cpy  0x0000000008005880       0x3e ./Middlewares/Third_Party/FatFs/src/ff.o
 .text.mem_set  0x00000000080058be       0x36 ./Middlewares/Third_Party/FatFs/src/ff.o
 .text.mem_cmp  0x00000000080058f4       0x4e ./Middlewares/Third_Party/FatFs/src/ff.o
 .text.chk_chr  0x0000000008005942       0x36 ./Middlewares/Third_Party/FatFs/src/ff.o
 .text.chk_lock
                0x0000000008005978       0xe0 ./Middlewares/Third_Party/FatFs/src/ff.o
 .text.enq_lock
                0x0000000008005a58       0x48 ./Middlewares/Third_Party/FatFs/src/ff.o
 .text.inc_lock
                0x0000000008005aa0      0x17c ./Middlewares/Third_Party/FatFs/src/ff.o
 .text.dec_lock
                0x0000000008005c1c       0x88 ./Middlewares/Third_Party/FatFs/src/ff.o
 .text.clear_lock
                0x0000000008005ca4       0x54 ./Middlewares/Third_Party/FatFs/src/ff.o
 .text.sync_window
                0x0000000008005cf8       0xa4 ./Middlewares/Third_Party/FatFs/src/ff.o
 .text.move_window
                0x0000000008005d9c       0x64 ./Middlewares/Third_Party/FatFs/src/ff.o
 .text.sync_fs  0x0000000008005e00      0x17e ./Middlewares/Third_Party/FatFs/src/ff.o
 .text.clust2sect
                0x0000000008005f7e       0x4a ./Middlewares/Third_Party/FatFs/src/ff.o
                0x0000000008005f7e                clust2sect
 .text.get_fat  0x0000000008005fc8      0x1f8 ./Middlewares/Third_Party/FatFs/src/ff.o
                0x0000000008005fc8                get_fat
 .text.put_fat  0x00000000080061c0      0x2a6 ./Middlewares/Third_Party/FatFs/src/ff.o
                0x00000000080061c0                put_fat
 .text.remove_chain
                0x0000000008006466       0xc2 ./Middlewares/Third_Party/FatFs/src/ff.o
 .text.create_chain
                0x0000000008006528      0x150 ./Middlewares/Third_Party/FatFs/src/ff.o
 .text.clmt_clust
                0x0000000008006678       0x82 ./Middlewares/Third_Party/FatFs/src/ff.o
 .text.dir_sdi  0x00000000080066fa      0x19c ./Middlewares/Third_Party/FatFs/src/ff.o
 .text.dir_next
                0x0000000008006896      0x294 ./Middlewares/Third_Party/FatFs/src/ff.o
 .text.dir_alloc
                0x0000000008006b2a       0x9c ./Middlewares/Third_Party/FatFs/src/ff.o
 .text.ld_clust
                0x0000000008006bc6       0x5e ./Middlewares/Third_Party/FatFs/src/ff.o
 .text.st_clust
                0x0000000008006c24       0x4e ./Middlewares/Third_Party/FatFs/src/ff.o
 *fill*         0x0000000008006c72        0x2 
 .text.cmp_lfn  0x0000000008006c74       0xdc ./Middlewares/Third_Party/FatFs/src/ff.o
 .text.fit_lfn  0x0000000008006d50       0xec ./Middlewares/Third_Party/FatFs/src/ff.o
 .text.gen_numname
                0x0000000008006e3c      0x11c ./Middlewares/Third_Party/FatFs/src/ff.o
 .text.sum_sfn  0x0000000008006f58       0x42 ./Middlewares/Third_Party/FatFs/src/ff.o
 .text.dir_find
                0x0000000008006f9a      0x198 ./Middlewares/Third_Party/FatFs/src/ff.o
 *fill*         0x0000000008007132        0x2 
 .text.dir_register
                0x0000000008007134      0x248 ./Middlewares/Third_Party/FatFs/src/ff.o
 .text.create_name
                0x000000000800737c      0x37c ./Middlewares/Third_Party/FatFs/src/ff.o
 .text.follow_path
                0x00000000080076f8       0xec ./Middlewares/Third_Party/FatFs/src/ff.o
 .text.get_ldnumber
                0x00000000080077e4       0x88 ./Middlewares/Third_Party/FatFs/src/ff.o
 .text.check_fs
                0x000000000800786c       0xdc ./Middlewares/Third_Party/FatFs/src/ff.o
 .text.find_volume
                0x0000000008007948      0x664 ./Middlewares/Third_Party/FatFs/src/ff.o
 .text.validate
                0x0000000008007fac       0x76 ./Middlewares/Third_Party/FatFs/src/ff.o
 *fill*         0x0000000008008022        0x2 
 .text.f_mount  0x0000000008008024       0x94 ./Middlewares/Third_Party/FatFs/src/ff.o
                0x0000000008008024                f_mount
 .text.f_open   0x00000000080080b8      0x662 ./Middlewares/Third_Party/FatFs/src/ff.o
                0x00000000080080b8                f_open
 .text.f_read   0x000000000800871a      0x3d0 ./Middlewares/Third_Party/FatFs/src/ff.o
                0x000000000800871a                f_read
 .text.f_write  0x0000000008008aea      0x472 ./Middlewares/Third_Party/FatFs/src/ff.o
                0x0000000008008aea                f_write
 .text.f_sync   0x0000000008008f5c      0x19c ./Middlewares/Third_Party/FatFs/src/ff.o
                0x0000000008008f5c                f_sync
 .text.f_close  0x00000000080090f8       0x56 ./Middlewares/Third_Party/FatFs/src/ff.o
                0x00000000080090f8                f_close
 .text.f_getfree
                0x000000000800914e      0x1b4 ./Middlewares/Third_Party/FatFs/src/ff.o
                0x000000000800914e                f_getfree
 .text.f_gets   0x0000000008009302       0x7a ./Middlewares/Third_Party/FatFs/src/ff.o
                0x0000000008009302                f_gets
 .text.putc_bfd
                0x000000000800937c       0x7a ./Middlewares/Third_Party/FatFs/src/ff.o
 .text.f_puts   0x00000000080093f6       0x72 ./Middlewares/Third_Party/FatFs/src/ff.o
                0x00000000080093f6                f_puts
 .text.FATFS_LinkDriverEx
                0x0000000008009468       0x98 ./Middlewares/Third_Party/FatFs/src/ff_gen_drv.o
                0x0000000008009468                FATFS_LinkDriverEx
 .text.FATFS_LinkDriver
                0x0000000008009500       0x1e ./Middlewares/Third_Party/FatFs/src/ff_gen_drv.o
                0x0000000008009500                FATFS_LinkDriver
 *fill*         0x000000000800951e        0x2 
 .text.ff_convert
                0x0000000008009520       0x78 ./Middlewares/Third_Party/FatFs/src/option/ccsbcs.o
                0x0000000008009520                ff_convert
 .text.ff_wtoupper
                0x0000000008009598       0x5c ./Middlewares/Third_Party/FatFs/src/option/ccsbcs.o
                0x0000000008009598                ff_wtoupper
 .text.ff_memalloc
                0x00000000080095f4       0x18 ./Middlewares/Third_Party/FatFs/src/option/syscall.o
                0x00000000080095f4                ff_memalloc
 .text.ff_memfree
                0x000000000800960c       0x16 ./Middlewares/Third_Party/FatFs/src/option/syscall.o
                0x000000000800960c                ff_memfree
 *fill*         0x0000000008009622        0x2 
 .text.__libc_init_array
                0x0000000008009624       0x48 c:/st/stm32cubeide_1.10.1/stm32cubeide/plugins/com.st.stm32cube.ide.mcu.externaltools.gnu-tools-for-stm32.10.3-2021.10.win32_1.0.0.202111181127/tools/bin/../lib/gcc/arm-none-eabi/10.3.1/../../../../arm-none-eabi/lib/thumb/v7e-m+fp/hard\libc_nano.a(lib_a-init.o)
                0x0000000008009624                __libc_init_array
 .text.malloc   0x000000000800966c       0x10 c:/st/stm32cubeide_1.10.1/stm32cubeide/plugins/com.st.stm32cube.ide.mcu.externaltools.gnu-tools-for-stm32.10.3-2021.10.win32_1.0.0.202111181127/tools/bin/../lib/gcc/arm-none-eabi/10.3.1/../../../../arm-none-eabi/lib/thumb/v7e-m+fp/hard\libc_nano.a(lib_a-malloc.o)
                0x000000000800966c                malloc
 .text.free     0x000000000800967c       0x10 c:/st/stm32cubeide_1.10.1/stm32cubeide/plugins/com.st.stm32cube.ide.mcu.externaltools.gnu-tools-for-stm32.10.3-2021.10.win32_1.0.0.202111181127/tools/bin/../lib/gcc/arm-none-eabi/10.3.1/../../../../arm-none-eabi/lib/thumb/v7e-m+fp/hard\libc_nano.a(lib_a-malloc.o)
                0x000000000800967c                free
 .text.memset   0x000000000800968c       0x10 c:/st/stm32cubeide_1.10.1/stm32cubeide/plugins/com.st.stm32cube.ide.mcu.externaltools.gnu-tools-for-stm32.10.3-2021.10.win32_1.0.0.202111181127/tools/bin/../lib/gcc/arm-none-eabi/10.3.1/../../../../arm-none-eabi/lib/thumb/v7e-m+fp/hard\libc_nano.a(lib_a-memset.o)
                0x000000000800968c                memset
 .text._free_r  0x000000000800969c       0x98 c:/st/stm32cubeide_1.10.1/stm32cubeide/plugins/com.st.stm32cube.ide.mcu.externaltools.gnu-tools-for-stm32.10.3-2021.10.win32_1.0.0.202111181127/tools/bin/../lib/gcc/arm-none-eabi/10.3.1/../../../../arm-none-eabi/lib/thumb/v7e-m+fp/hard\libc_nano.a(lib_a-nano-freer.o)
                0x000000000800969c                _free_r
 .text.sbrk_aligned
                0x0000000008009734       0x40 c:/st/stm32cubeide_1.10.1/stm32cubeide/plugins/com.st.stm32cube.ide.mcu.externaltools.gnu-tools-for-stm32.10.3-2021.10.win32_1.0.0.202111181127/tools/bin/../lib/gcc/arm-none-eabi/10.3.1/../../../../arm-none-eabi/lib/thumb/v7e-m+fp/hard\libc_nano.a(lib_a-nano-mallocr.o)
 .text._malloc_r
                0x0000000008009774       0xe8 c:/st/stm32cubeide_1.10.1/stm32cubeide/plugins/com.st.stm32cube.ide.mcu.externaltools.gnu-tools-for-stm32.10.3-2021.10.win32_1.0.0.202111181127/tools/bin/../lib/gcc/arm-none-eabi/10.3.1/../../../../arm-none-eabi/lib/thumb/v7e-m+fp/hard\libc_nano.a(lib_a-nano-mallocr.o)
                0x0000000008009774                _malloc_r
 .text._sbrk_r  0x000000000800985c       0x20 c:/st/stm32cubeide_1.10.1/stm32cubeide/plugins/com.st.stm32cube.ide.mcu.externaltools.gnu-tools-for-stm32.10.3-2021.10.win32_1.0.0.202111181127/tools/bin/../lib/gcc/arm-none-eabi/10.3.1/../../../../arm-none-eabi/lib/thumb/v7e-m+fp/hard\libc_nano.a(lib_a-sbrkr.o)
                0x000000000800985c                _sbrk_r
 .text._vsnprintf_r
                0x000000000800987c       0x56 c:/st/stm32cubeide_1.10.1/stm32cubeide/plugins/com.st.stm32cube.ide.mcu.externaltools.gnu-tools-for-stm32.10.3-2021.10.win32_1.0.0.202111181127/tools/bin/../lib/gcc/arm-none-eabi/10.3.1/../../../../arm-none-eabi/lib/thumb/v7e-m+fp/hard\libc_nano.a(lib_a-vsnprintf.o)
                0x000000000800987c                _vsniprintf_r
                0x000000000800987c                _vsnprintf_r
 *fill*         0x00000000080098d2        0x2 
 .text.vsnprintf
                0x00000000080098d4       0x1c c:/st/stm32cubeide_1.10.1/stm32cubeide/plugins/com.st.stm32cube.ide.mcu.externaltools.gnu-tools-for-stm32.10.3-2021.10.win32_1.0.0.202111181127/tools/bin/../lib/gcc/arm-none-eabi/10.3.1/../../../../arm-none-eabi/lib/thumb/v7e-m+fp/hard\libc_nano.a(lib_a-vsnprintf.o)
                0x00000000080098d4                vsniprintf
                0x00000000080098d4                vsnprintf
 .text.__malloc_lock
                0x00000000080098f0        0xc c:/st/stm32cubeide_1.10.1/stm32cubeide/plugins/com.st.stm32cube.ide.mcu.externaltools.gnu-tools-for-stm32.10.3-2021.10.win32_1.0.0.202111181127/tools/bin/../lib/gcc/arm-none-eabi/10.3.1/../../../../arm-none-eabi/lib/thumb/v7e-m+fp/hard\libc_nano.a(lib_a-mlock.o)
                0x00000000080098f0                __malloc_lock
 .text.__malloc_unlock
                0x00000000080098fc        0xc c:/st/stm32cubeide_1.10.1/stm32cubeide/plugins/com.st.stm32cube.ide.mcu.externaltools.gnu-tools-for-stm32.10.3-2021.10.win32_1.0.0.202111181127/tools/bin/../lib/gcc/arm-none-eabi/10.3.1/../../../../arm-none-eabi/lib/thumb/v7e-m+fp/hard\libc_nano.a(lib_a-mlock.o)
                0x00000000080098fc                __malloc_unlock
 .text.__ssputs_r
                0x0000000008009908       0xb6 c:/st/stm32cubeide_1.10.1/stm32cubeide/plugins/com.st.stm32cube.ide.mcu.externaltools.gnu-tools-for-stm32.10.3-2021.10.win32_1.0.0.202111181127/tools/bin/../lib/gcc/arm-none-eabi/10.3.1/../../../../arm-none-eabi/lib/thumb/v7e-m+fp/hard\libc_nano.a(lib_a-nano-svfprintf.o)
                0x0000000008009908                __ssputs_r
 *fill*         0x00000000080099be        0x2 
 .text._svfprintf_r
                0x00000000080099c0      0x200 c:/st/stm32cubeide_1.10.1/stm32cubeide/plugins/com.st.stm32cube.ide.mcu.externaltools.gnu-tools-for-stm32.10.3-2021.10.win32_1.0.0.202111181127/tools/bin/../lib/gcc/arm-none-eabi/10.3.1/../../../../arm-none-eabi/lib/thumb/v7e-m+fp/hard\libc_nano.a(lib_a-nano-svfprintf.o)
                0x00000000080099c0                _svfiprintf_r
                0x00000000080099c0                _svfprintf_r
 .text._printf_common
                0x0000000008009bc0       0xda c:/st/stm32cubeide_1.10.1/stm32cubeide/plugins/com.st.stm32cube.ide.mcu.externaltools.gnu-tools-for-stm32.10.3-2021.10.win32_1.0.0.202111181127/tools/bin/../lib/gcc/arm-none-eabi/10.3.1/../../../../arm-none-eabi/lib/thumb/v7e-m+fp/hard\libc_nano.a(lib_a-nano-vfprintf_i.o)
                0x0000000008009bc0                _printf_common
 *fill*         0x0000000008009c9a        0x2 
 .text._printf_i
                0x0000000008009c9c      0x24c c:/st/stm32cubeide_1.10.1/stm32cubeide/plugins/com.st.stm32cube.ide.mcu.externaltools.gnu-tools-for-stm32.10.3-2021.10.win32_1.0.0.202111181127/tools/bin/../lib/gcc/arm-none-eabi/10.3.1/../../../../arm-none-eabi/lib/thumb/v7e-m+fp/hard\libc_nano.a(lib_a-nano-vfprintf_i.o)
                0x0000000008009c9c                _printf_i
 .text.__retarget_lock_acquire_recursive
                0x0000000008009ee8        0x2 c:/st/stm32cubeide_1.10.1/stm32cubeide/plugins/com.st.stm32cube.ide.mcu.externaltools.gnu-tools-for-stm32.10.3-2021.10.win32_1.0.0.202111181127/tools/bin/../lib/gcc/arm-none-eabi/10.3.1/../../../../arm-none-eabi/lib/thumb/v7e-m+fp/hard\libc_nano.a(lib_a-lock.o)
                0x0000000008009ee8                __retarget_lock_acquire_recursive
 .text.__retarget_lock_release_recursive
                0x0000000008009eea        0x2 c:/st/stm32cubeide_1.10.1/stm32cubeide/plugins/com.st.stm32cube.ide.mcu.externaltools.gnu-tools-for-stm32.10.3-2021.10.win32_1.0.0.202111181127/tools/bin/../lib/gcc/arm-none-eabi/10.3.1/../../../../arm-none-eabi/lib/thumb/v7e-m+fp/hard\libc_nano.a(lib_a-lock.o)
                0x0000000008009eea                __retarget_lock_release_recursive
 .text.memcpy   0x0000000008009eec       0x1c c:/st/stm32cubeide_1.10.1/stm32cubeide/plugins/com.st.stm32cube.ide.mcu.externaltools.gnu-tools-for-stm32.10.3-2021.10.win32_1.0.0.202111181127/tools/bin/../lib/gcc/arm-none-eabi/10.3.1/../../../../arm-none-eabi/lib/thumb/v7e-m+fp/hard\libc_nano.a(lib_a-memcpy-stub.o)
                0x0000000008009eec                memcpy
 .text.memmove  0x0000000008009f08       0x34 c:/st/stm32cubeide_1.10.1/stm32cubeide/plugins/com.st.stm32cube.ide.mcu.externaltools.gnu-tools-for-stm32.10.3-2021.10.win32_1.0.0.202111181127/tools/bin/../lib/gcc/arm-none-eabi/10.3.1/../../../../arm-none-eabi/lib/thumb/v7e-m+fp/hard\libc_nano.a(lib_a-memmove.o)
                0x0000000008009f08                memmove
 .text._realloc_r
                0x0000000008009f3c       0x5e c:/st/stm32cubeide_1.10.1/stm32cubeide/plugins/com.st.stm32cube.ide.mcu.externaltools.gnu-tools-for-stm32.10.3-2021.10.win32_1.0.0.202111181127/tools/bin/../lib/gcc/arm-none-eabi/10.3.1/../../../../arm-none-eabi/lib/thumb/v7e-m+fp/hard\libc_nano.a(lib_a-nano-reallocr.o)
                0x0000000008009f3c                _realloc_r
 .text._malloc_usable_size_r
                0x0000000008009f9a       0x10 c:/st/stm32cubeide_1.10.1/stm32cubeide/plugins/com.st.stm32cube.ide.mcu.externaltools.gnu-tools-for-stm32.10.3-2021.10.win32_1.0.0.202111181127/tools/bin/../lib/gcc/arm-none-eabi/10.3.1/../../../../arm-none-eabi/lib/thumb/v7e-m+fp/hard\libc_nano.a(lib_a-nano-msizer.o)
                0x0000000008009f9a                _malloc_usable_size_r
 *fill*         0x0000000008009faa        0x2 
 .text._sbrk    0x0000000008009fac       0x1c c:/st/stm32cubeide_1.10.1/stm32cubeide/plugins/com.st.stm32cube.ide.mcu.externaltools.gnu-tools-for-stm32.10.3-2021.10.win32_1.0.0.202111181127/tools/bin/../lib/gcc/arm-none-eabi/10.3.1/../../../../arm-none-eabi/lib/thumb/v7e-m+fp/hard\libnosys.a(sbrk.o)
                0x0000000008009fac                _sbrk
 *(.glue_7)
 .glue_7        0x0000000008009fc8        0x0 linker stubs
 *(.glue_7t)
 .glue_7t       0x0000000008009fc8        0x0 linker stubs
 *(.eh_frame)
 .eh_frame      0x0000000008009fc8        0x0 c:/st/stm32cubeide_1.10.1/stm32cubeide/plugins/com.st.stm32cube.ide.mcu.externaltools.gnu-tools-for-stm32.10.3-2021.10.win32_1.0.0.202111181127/tools/bin/../lib/gcc/arm-none-eabi/10.3.1/thumb/v7e-m+fp/hard/crtbegin.o
 *(.init)
 .init          0x0000000008009fc8        0x4 c:/st/stm32cubeide_1.10.1/stm32cubeide/plugins/com.st.stm32cube.ide.mcu.externaltools.gnu-tools-for-stm32.10.3-2021.10.win32_1.0.0.202111181127/tools/bin/../lib/gcc/arm-none-eabi/10.3.1/thumb/v7e-m+fp/hard/crti.o
                0x0000000008009fc8                _init
 .init          0x0000000008009fcc        0x8 c:/st/stm32cubeide_1.10.1/stm32cubeide/plugins/com.st.stm32cube.ide.mcu.externaltools.gnu-tools-for-stm32.10.3-2021.10.win32_1.0.0.202111181127/tools/bin/../lib/gcc/arm-none-eabi/10.3.1/thumb/v7e-m+fp/hard/crtn.o
 *(.fini)
 .fini          0x0000000008009fd4        0x4 c:/st/stm32cubeide_1.10.1/stm32cubeide/plugins/com.st.stm32cube.ide.mcu.externaltools.gnu-tools-for-stm32.10.3-2021.10.win32_1.0.0.202111181127/tools/bin/../lib/gcc/arm-none-eabi/10.3.1/thumb/v7e-m+fp/hard/crti.o
                0x0000000008009fd4                _fini
 .fini          0x0000000008009fd8        0x8 c:/st/stm32cubeide_1.10.1/stm32cubeide/plugins/com.st.stm32cube.ide.mcu.externaltools.gnu-tools-for-stm32.10.3-2021.10.win32_1.0.0.202111181127/tools/bin/../lib/gcc/arm-none-eabi/10.3.1/thumb/v7e-m+fp/hard/crtn.o
                0x0000000008009fe0                . = ALIGN (0x4)
                0x0000000008009fe0                _etext = .

.vfp11_veneer   0x0000000008009fe0        0x0
 .vfp11_veneer  0x0000000008009fe0        0x0 linker stubs

.v4_bx          0x0000000008009fe0        0x0
 .v4_bx         0x0000000008009fe0        0x0 linker stubs

.iplt           0x0000000008009fe0        0x0
 .iplt          0x0000000008009fe0        0x0 c:/st/stm32cubeide_1.10.1/stm32cubeide/plugins/com.st.stm32cube.ide.mcu.externaltools.gnu-tools-for-stm32.10.3-2021.10.win32_1.0.0.202111181127/tools/bin/../lib/gcc/arm-none-eabi/10.3.1/thumb/v7e-m+fp/hard/crtbegin.o

.rodata         0x0000000008009fe0      0x920
                0x0000000008009fe0                . = ALIGN (0x4)
 *(.rodata)
 .rodata        0x0000000008009fe0      0x31c ./Core/Src/main.o
 .rodata        0x000000000800a2fc       0x48 ./Middlewares/Third_Party/FatFs/src/ff.o
 *(.rodata*)
 .rodata.AHBPrescTable
                0x000000000800a344       0x10 ./Core/Src/system_stm32f3xx.o
                0x000000000800a344                AHBPrescTable
 .rodata.APBPrescTable
                0x000000000800a354        0x8 ./Core/Src/system_stm32f3xx.o
                0x000000000800a354                APBPrescTable
 .rodata.aPLLMULFactorTable
                0x000000000800a35c       0x10 ./Drivers/STM32F3xx_HAL_Driver/Src/stm32f3xx_hal_rcc.o
                0x000000000800a35c                aPLLMULFactorTable
 .rodata.aPredivFactorTable
                0x000000000800a36c       0x10 ./Drivers/STM32F3xx_HAL_Driver/Src/stm32f3xx_hal_rcc.o
                0x000000000800a36c                aPredivFactorTable
 .rodata.ExCvt  0x000000000800a37c       0x80 ./Middlewares/Third_Party/FatFs/src/ff.o
 .rodata.LfnOfs
                0x000000000800a3fc        0xd ./Middlewares/Third_Party/FatFs/src/ff.o
 *fill*         0x000000000800a409        0x3 
 .rodata.Tbl    0x000000000800a40c      0x100 ./Middlewares/Third_Party/FatFs/src/option/ccsbcs.o
 .rodata.tbl_lower.1
                0x000000000800a50c      0x1e0 ./Middlewares/Third_Party/FatFs/src/option/ccsbcs.o
 .rodata.tbl_upper.0
                0x000000000800a6ec      0x1e0 ./Middlewares/Third_Party/FatFs/src/option/ccsbcs.o
 .rodata._svfprintf_r.str1.1
                0x000000000800a8cc       0x11 c:/st/stm32cubeide_1.10.1/stm32cubeide/plugins/com.st.stm32cube.ide.mcu.externaltools.gnu-tools-for-stm32.10.3-2021.10.win32_1.0.0.202111181127/tools/bin/../lib/gcc/arm-none-eabi/10.3.1/../../../../arm-none-eabi/lib/thumb/v7e-m+fp/hard\libc_nano.a(lib_a-nano-svfprintf.o)
 .rodata._printf_i.str1.1
                0x000000000800a8dd       0x22 c:/st/stm32cubeide_1.10.1/stm32cubeide/plugins/com.st.stm32cube.ide.mcu.externaltools.gnu-tools-for-stm32.10.3-2021.10.win32_1.0.0.202111181127/tools/bin/../lib/gcc/arm-none-eabi/10.3.1/../../../../arm-none-eabi/lib/thumb/v7e-m+fp/hard\libc_nano.a(lib_a-nano-vfprintf_i.o)
                0x000000000800a900                . = ALIGN (0x4)
 *fill*         0x000000000800a8ff        0x1 

.rel.dyn        0x000000000800a900        0x0
 .rel.iplt      0x000000000800a900        0x0 c:/st/stm32cubeide_1.10.1/stm32cubeide/plugins/com.st.stm32cube.ide.mcu.externaltools.gnu-tools-for-stm32.10.3-2021.10.win32_1.0.0.202111181127/tools/bin/../lib/gcc/arm-none-eabi/10.3.1/thumb/v7e-m+fp/hard/crtbegin.o

.ARM.extab      0x000000000800a900        0x0
                0x000000000800a900                . = ALIGN (0x4)
 *(.ARM.extab* .gnu.linkonce.armextab.*)
                0x000000000800a900                . = ALIGN (0x4)

.ARM            0x000000000800a900        0x0
                0x000000000800a900                . = ALIGN (0x4)
                0x000000000800a900                __exidx_start = .
 *(.ARM.exidx*)
                0x000000000800a900                __exidx_end = .
                0x000000000800a900                . = ALIGN (0x4)

.preinit_array  0x000000000800a900        0x0
                0x000000000800a900                . = ALIGN (0x4)
                0x000000000800a900                PROVIDE (__preinit_array_start = .)
 *(.preinit_array*)
                0x000000000800a900                PROVIDE (__preinit_array_end = .)
                0x000000000800a900                . = ALIGN (0x4)

.init_array     0x000000000800a900        0x4
                0x000000000800a900                . = ALIGN (0x4)
                0x000000000800a900                PROVIDE (__init_array_start = .)
 *(SORT_BY_NAME(.init_array.*))
 *(.init_array*)
 .init_array    0x000000000800a900        0x4 c:/st/stm32cubeide_1.10.1/stm32cubeide/plugins/com.st.stm32cube.ide.mcu.externaltools.gnu-tools-for-stm32.10.3-2021.10.win32_1.0.0.202111181127/tools/bin/../lib/gcc/arm-none-eabi/10.3.1/thumb/v7e-m+fp/hard/crtbegin.o
                0x000000000800a904                PROVIDE (__init_array_end = .)
                0x000000000800a904                . = ALIGN (0x4)

.fini_array     0x000000000800a904        0x4
                0x000000000800a904                . = ALIGN (0x4)
                [!provide]                        PROVIDE (__fini_array_start = .)
 *(SORT_BY_NAME(.fini_array.*))
 *(.fini_array*)
 .fini_array    0x000000000800a904        0x4 c:/st/stm32cubeide_1.10.1/stm32cubeide/plugins/com.st.stm32cube.ide.mcu.externaltools.gnu-tools-for-stm32.10.3-2021.10.win32_1.0.0.202111181127/tools/bin/../lib/gcc/arm-none-eabi/10.3.1/thumb/v7e-m+fp/hard/crtbegin.o
                [!provide]                        PROVIDE (__fini_array_end = .)
                0x000000000800a908                . = ALIGN (0x4)
                0x000000000800a908                _sidata = LOADADDR (.data)

.data           0x0000000020000000       0x88 load address 0x000000000800a908
                0x0000000020000000                . = ALIGN (0x4)
                0x0000000020000000                _sdata = .
 *(.data)
 *(.data*)
 .data.Stat     0x0000000020000000        0x1 ./Core/Src/fatfs_sd.o
 *fill*         0x0000000020000001        0x3 
 .data.SystemCoreClock
                0x0000000020000004        0x4 ./Core/Src/system_stm32f3xx.o
                0x0000000020000004                SystemCoreClock
 .data.uwTickPrio
                0x0000000020000008        0x4 ./Drivers/STM32F3xx_HAL_Driver/Src/stm32f3xx_hal.o
                0x0000000020000008                uwTickPrio
 .data.uwTickFreq
                0x000000002000000c        0x1 ./Drivers/STM32F3xx_HAL_Driver/Src/stm32f3xx_hal.o
                0x000000002000000c                uwTickFreq
 *fill*         0x000000002000000d        0x3 
 .data.USER_Driver
                0x0000000020000010       0x14 ./FATFS/Target/user_diskio.o
                0x0000000020000010                USER_Driver
 .data._impure_ptr
                0x0000000020000024        0x4 c:/st/stm32cubeide_1.10.1/stm32cubeide/plugins/com.st.stm32cube.ide.mcu.externaltools.gnu-tools-for-stm32.10.3-2021.10.win32_1.0.0.202111181127/tools/bin/../lib/gcc/arm-none-eabi/10.3.1/../../../../arm-none-eabi/lib/thumb/v7e-m+fp/hard\libc_nano.a(lib_a-impure.o)
                0x0000000020000024                _impure_ptr
 .data.impure_data
                0x0000000020000028       0x60 c:/st/stm32cubeide_1.10.1/stm32cubeide/plugins/com.st.stm32cube.ide.mcu.externaltools.gnu-tools-for-stm32.10.3-2021.10.win32_1.0.0.202111181127/tools/bin/../lib/gcc/arm-none-eabi/10.3.1/../../../../arm-none-eabi/lib/thumb/v7e-m+fp/hard\libc_nano.a(lib_a-impure.o)
 *(.RamFunc)
 *(.RamFunc*)
                0x0000000020000088                . = ALIGN (0x4)
                0x0000000020000088                _edata = .
                0x000000000800a990                _siccmram = LOADADDR (.ccmram)

.igot.plt       0x0000000020000088        0x0 load address 0x000000000800a990
 .igot.plt      0x0000000020000088        0x0 c:/st/stm32cubeide_1.10.1/stm32cubeide/plugins/com.st.stm32cube.ide.mcu.externaltools.gnu-tools-for-stm32.10.3-2021.10.win32_1.0.0.202111181127/tools/bin/../lib/gcc/arm-none-eabi/10.3.1/thumb/v7e-m+fp/hard/crtbegin.o

.ccmram         0x0000000010000000        0x0 load address 0x000000000800a990
                0x0000000010000000                . = ALIGN (0x4)
                0x0000000010000000                _sccmram = .
 *(.ccmram)
 *(.ccmram*)
                0x0000000010000000                . = ALIGN (0x4)
                0x0000000010000000                _eccmram = .
                0x0000000010000000                . = ALIGN (0x4)

.bss            0x0000000020000088      0x208
                0x0000000020000088                _sbss = .
                0x0000000020000088                __bss_start__ = _sbss
 *(.bss)
 .bss           0x0000000020000088       0x1c c:/st/stm32cubeide_1.10.1/stm32cubeide/plugins/com.st.stm32cube.ide.mcu.externaltools.gnu-tools-for-stm32.10.3-2021.10.win32_1.0.0.202111181127/tools/bin/../lib/gcc/arm-none-eabi/10.3.1/thumb/v7e-m+fp/hard/crtbegin.o
 *(.bss*)
 .bss.Timer1    0x00000000200000a4        0x2 ./Core/Src/fatfs_sd.o
                0x00000000200000a4                Timer1
 .bss.Timer2    0x00000000200000a6        0x2 ./Core/Src/fatfs_sd.o
                0x00000000200000a6                Timer2
 .bss.CardType  0x00000000200000a8        0x1 ./Core/Src/fatfs_sd.o
 .bss.PowerFlag
                0x00000000200000a9        0x1 ./Core/Src/fatfs_sd.o
 *fill*         0x00000000200000aa        0x2 
 .bss.hspi1     0x00000000200000ac       0x64 ./Core/Src/main.o
                0x00000000200000ac                hspi1
 .bss.huart2    0x0000000020000110       0x84 ./Core/Src/main.o
                0x0000000020000110                huart2
 .bss.buffer    0x0000000020000194       0x64 ./Core/Src/main.o
                0x0000000020000194                buffer
 .bss.htim6     0x00000000200001f8       0x4c ./Core/Src/stm32f3xx_hal_timebase_tim.o
                0x00000000200001f8                htim6
 .bss.uwTick    0x0000000020000244        0x4 ./Drivers/STM32F3xx_HAL_Driver/Src/stm32f3xx_hal.o
                0x0000000020000244                uwTick
 .bss.retUSER   0x0000000020000248        0x1 ./FATFS/App/fatfs.o
                0x0000000020000248                retUSER
 *fill*         0x0000000020000249        0x3 
 .bss.USERPath  0x000000002000024c        0x4 ./FATFS/App/fatfs.o
                0x000000002000024c                USERPath
 .bss.FatFs     0x0000000020000250        0x4 ./Middlewares/Third_Party/FatFs/src/ff.o
 .bss.Fsid      0x0000000020000254        0x2 ./Middlewares/Third_Party/FatFs/src/ff.o
 *fill*         0x0000000020000256        0x2 
 .bss.Files     0x0000000020000258       0x18 ./Middlewares/Third_Party/FatFs/src/ff.o
 .bss.disk      0x0000000020000270        0xc ./Middlewares/Third_Party/FatFs/src/ff_gen_drv.o
                0x0000000020000270                disk
 .bss.__malloc_free_list
                0x000000002000027c        0x4 c:/st/stm32cubeide_1.10.1/stm32cubeide/plugins/com.st.stm32cube.ide.mcu.externaltools.gnu-tools-for-stm32.10.3-2021.10.win32_1.0.0.202111181127/tools/bin/../lib/gcc/arm-none-eabi/10.3.1/../../../../arm-none-eabi/lib/thumb/v7e-m+fp/hard\libc_nano.a(lib_a-nano-mallocr.o)
                0x000000002000027c                __malloc_free_list
 .bss.__malloc_sbrk_start
                0x0000000020000280        0x4 c:/st/stm32cubeide_1.10.1/stm32cubeide/plugins/com.st.stm32cube.ide.mcu.externaltools.gnu-tools-for-stm32.10.3-2021.10.win32_1.0.0.202111181127/tools/bin/../lib/gcc/arm-none-eabi/10.3.1/../../../../arm-none-eabi/lib/thumb/v7e-m+fp/hard\libc_nano.a(lib_a-nano-mallocr.o)
                0x0000000020000280                __malloc_sbrk_start
 .bss.errno     0x0000000020000284        0x4 c:/st/stm32cubeide_1.10.1/stm32cubeide/plugins/com.st.stm32cube.ide.mcu.externaltools.gnu-tools-for-stm32.10.3-2021.10.win32_1.0.0.202111181127/tools/bin/../lib/gcc/arm-none-eabi/10.3.1/../../../../arm-none-eabi/lib/thumb/v7e-m+fp/hard\libc_nano.a(lib_a-reent.o)
                0x0000000020000284                errno
 .bss.__lock___malloc_recursive_mutex
                0x0000000020000288        0x1 c:/st/stm32cubeide_1.10.1/stm32cubeide/plugins/com.st.stm32cube.ide.mcu.externaltools.gnu-tools-for-stm32.10.3-2021.10.win32_1.0.0.202111181127/tools/bin/../lib/gcc/arm-none-eabi/10.3.1/../../../../arm-none-eabi/lib/thumb/v7e-m+fp/hard\libc_nano.a(lib_a-lock.o)
                0x0000000020000288                __lock___malloc_recursive_mutex
 *fill*         0x0000000020000289        0x3 
 .bss.heap_end.0
                0x000000002000028c        0x4 c:/st/stm32cubeide_1.10.1/stm32cubeide/plugins/com.st.stm32cube.ide.mcu.externaltools.gnu-tools-for-stm32.10.3-2021.10.win32_1.0.0.202111181127/tools/bin/../lib/gcc/arm-none-eabi/10.3.1/../../../../arm-none-eabi/lib/thumb/v7e-m+fp/hard\libnosys.a(sbrk.o)
 *(COMMON)
                0x0000000020000290                . = ALIGN (0x4)
                0x0000000020000290                _ebss = .
                0x0000000020000290                __bss_end__ = _ebss

._user_heap_stack
                0x0000000020000290      0x600
                0x0000000020000290                . = ALIGN (0x8)
                0x0000000020000290                PROVIDE (end = .)
                [!provide]                        PROVIDE (_end = .)
                0x0000000020000490                . = (. + _Min_Heap_Size)
 *fill*         0x0000000020000290      0x200 
                0x0000000020000890                . = (. + _Min_Stack_Size)
 *fill*         0x0000000020000490      0x400 
                0x0000000020000890                . = ALIGN (0x8)

/DISCARD/
 libc.a(*)
 libm.a(*)
 libgcc.a(*)

.ARM.attributes
                0x0000000000000000       0x30
 *(.ARM.attributes)
 .ARM.attributes
                0x0000000000000000       0x1e c:/st/stm32cubeide_1.10.1/stm32cubeide/plugins/com.st.stm32cube.ide.mcu.externaltools.gnu-tools-for-stm32.10.3-2021.10.win32_1.0.0.202111181127/tools/bin/../lib/gcc/arm-none-eabi/10.3.1/thumb/v7e-m+fp/hard/crti.o
 .ARM.attributes
                0x000000000000001e       0x34 c:/st/stm32cubeide_1.10.1/stm32cubeide/plugins/com.st.stm32cube.ide.mcu.externaltools.gnu-tools-for-stm32.10.3-2021.10.win32_1.0.0.202111181127/tools/bin/../lib/gcc/arm-none-eabi/10.3.1/thumb/v7e-m+fp/hard/crtbegin.o
 .ARM.attributes
                0x0000000000000052       0x34 ./Core/Src/fatfs_sd.o
 .ARM.attributes
                0x0000000000000086       0x34 ./Core/Src/main.o
 .ARM.attributes
                0x00000000000000ba       0x34 ./Core/Src/stm32f3xx_hal_msp.o
 .ARM.attributes
                0x00000000000000ee       0x34 ./Core/Src/stm32f3xx_hal_timebase_tim.o
 .ARM.attributes
                0x0000000000000122       0x34 ./Core/Src/stm32f3xx_it.o
 .ARM.attributes
                0x0000000000000156       0x34 ./Core/Src/system_stm32f3xx.o
 .ARM.attributes
                0x000000000000018a       0x21 ./Core/Startup/startup_stm32f303retx.o
 .ARM.attributes
                0x00000000000001ab       0x34 ./Drivers/STM32F3xx_HAL_Driver/Src/stm32f3xx_hal.o
 .ARM.attributes
                0x00000000000001df       0x34 ./Drivers/STM32F3xx_HAL_Driver/Src/stm32f3xx_hal_cortex.o
 .ARM.attributes
                0x0000000000000213       0x34 ./Drivers/STM32F3xx_HAL_Driver/Src/stm32f3xx_hal_gpio.o
 .ARM.attributes
                0x0000000000000247       0x34 ./Drivers/STM32F3xx_HAL_Driver/Src/stm32f3xx_hal_rcc.o
 .ARM.attributes
                0x000000000000027b       0x34 ./Drivers/STM32F3xx_HAL_Driver/Src/stm32f3xx_hal_rcc_ex.o
 .ARM.attributes
                0x00000000000002af       0x34 ./Drivers/STM32F3xx_HAL_Driver/Src/stm32f3xx_hal_spi.o
 .ARM.attributes
                0x00000000000002e3       0x34 ./Drivers/STM32F3xx_HAL_Driver/Src/stm32f3xx_hal_tim.o
 .ARM.attributes
                0x0000000000000317       0x34 ./Drivers/STM32F3xx_HAL_Driver/Src/stm32f3xx_hal_tim_ex.o
 .ARM.attributes
                0x000000000000034b       0x34 ./Drivers/STM32F3xx_HAL_Driver/Src/stm32f3xx_hal_uart.o
 .ARM.attributes
                0x000000000000037f       0x34 ./FATFS/App/fatfs.o
 .ARM.attributes
                0x00000000000003b3       0x34 ./FATFS/Target/user_diskio.o
 .ARM.attributes
                0x00000000000003e7       0x34 ./Middlewares/Third_Party/FatFs/src/diskio.o
 .ARM.attributes
                0x000000000000041b       0x34 ./Middlewares/Third_Party/FatFs/src/ff.o
 .ARM.attributes
                0x000000000000044f       0x34 ./Middlewares/Third_Party/FatFs/src/ff_gen_drv.o
 .ARM.attributes
                0x0000000000000483       0x34 ./Middlewares/Third_Party/FatFs/src/option/ccsbcs.o
 .ARM.attributes
                0x00000000000004b7       0x34 ./Middlewares/Third_Party/FatFs/src/option/syscall.o
 .ARM.attributes
                0x00000000000004eb       0x34 c:/st/stm32cubeide_1.10.1/stm32cubeide/plugins/com.st.stm32cube.ide.mcu.externaltools.gnu-tools-for-stm32.10.3-2021.10.win32_1.0.0.202111181127/tools/bin/../lib/gcc/arm-none-eabi/10.3.1/../../../../arm-none-eabi/lib/thumb/v7e-m+fp/hard\libc_nano.a(lib_a-impure.o)
 .ARM.attributes
                0x000000000000051f       0x34 c:/st/stm32cubeide_1.10.1/stm32cubeide/plugins/com.st.stm32cube.ide.mcu.externaltools.gnu-tools-for-stm32.10.3-2021.10.win32_1.0.0.202111181127/tools/bin/../lib/gcc/arm-none-eabi/10.3.1/../../../../arm-none-eabi/lib/thumb/v7e-m+fp/hard\libc_nano.a(lib_a-init.o)
 .ARM.attributes
                0x0000000000000553       0x34 c:/st/stm32cubeide_1.10.1/stm32cubeide/plugins/com.st.stm32cube.ide.mcu.externaltools.gnu-tools-for-stm32.10.3-2021.10.win32_1.0.0.202111181127/tools/bin/../lib/gcc/arm-none-eabi/10.3.1/../../../../arm-none-eabi/lib/thumb/v7e-m+fp/hard\libc_nano.a(lib_a-malloc.o)
 .ARM.attributes
                0x0000000000000587       0x34 c:/st/stm32cubeide_1.10.1/stm32cubeide/plugins/com.st.stm32cube.ide.mcu.externaltools.gnu-tools-for-stm32.10.3-2021.10.win32_1.0.0.202111181127/tools/bin/../lib/gcc/arm-none-eabi/10.3.1/../../../../arm-none-eabi/lib/thumb/v7e-m+fp/hard\libc_nano.a(lib_a-memset.o)
 .ARM.attributes
                0x00000000000005bb       0x34 c:/st/stm32cubeide_1.10.1/stm32cubeide/plugins/com.st.stm32cube.ide.mcu.externaltools.gnu-tools-for-stm32.10.3-2021.10.win32_1.0.0.202111181127/tools/bin/../lib/gcc/arm-none-eabi/10.3.1/../../../../arm-none-eabi/lib/thumb/v7e-m+fp/hard\libc_nano.a(lib_a-nano-freer.o)
 .ARM.attributes
                0x00000000000005ef       0x34 c:/st/stm32cubeide_1.10.1/stm32cubeide/plugins/com.st.stm32cube.ide.mcu.externaltools.gnu-tools-for-stm32.10.3-2021.10.win32_1.0.0.202111181127/tools/bin/../lib/gcc/arm-none-eabi/10.3.1/../../../../arm-none-eabi/lib/thumb/v7e-m+fp/hard\libc_nano.a(lib_a-nano-mallocr.o)
 .ARM.attributes
                0x0000000000000623       0x34 c:/st/stm32cubeide_1.10.1/stm32cubeide/plugins/com.st.stm32cube.ide.mcu.externaltools.gnu-tools-for-stm32.10.3-2021.10.win32_1.0.0.202111181127/tools/bin/../lib/gcc/arm-none-eabi/10.3.1/../../../../arm-none-eabi/lib/thumb/v7e-m+fp/hard\libc_nano.a(lib_a-sbrkr.o)
 .ARM.attributes
                0x0000000000000657       0x17 c:/st/stm32cubeide_1.10.1/stm32cubeide/plugins/com.st.stm32cube.ide.mcu.externaltools.gnu-tools-for-stm32.10.3-2021.10.win32_1.0.0.202111181127/tools/bin/../lib/gcc/arm-none-eabi/10.3.1/../../../../arm-none-eabi/lib/thumb/v7e-m+fp/hard\libc_nano.a(lib_a-strlen.o)
 .ARM.attributes
                0x000000000000066e       0x34 c:/st/stm32cubeide_1.10.1/stm32cubeide/plugins/com.st.stm32cube.ide.mcu.externaltools.gnu-tools-for-stm32.10.3-2021.10.win32_1.0.0.202111181127/tools/bin/../lib/gcc/arm-none-eabi/10.3.1/../../../../arm-none-eabi/lib/thumb/v7e-m+fp/hard\libc_nano.a(lib_a-vsnprintf.o)
 .ARM.attributes
                0x00000000000006a2       0x34 c:/st/stm32cubeide_1.10.1/stm32cubeide/plugins/com.st.stm32cube.ide.mcu.externaltools.gnu-tools-for-stm32.10.3-2021.10.win32_1.0.0.202111181127/tools/bin/../lib/gcc/arm-none-eabi/10.3.1/../../../../arm-none-eabi/lib/thumb/v7e-m+fp/hard\libc_nano.a(lib_a-mlock.o)
 .ARM.attributes
                0x00000000000006d6       0x34 c:/st/stm32cubeide_1.10.1/stm32cubeide/plugins/com.st.stm32cube.ide.mcu.externaltools.gnu-tools-for-stm32.10.3-2021.10.win32_1.0.0.202111181127/tools/bin/../lib/gcc/arm-none-eabi/10.3.1/../../../../arm-none-eabi/lib/thumb/v7e-m+fp/hard\libc_nano.a(lib_a-nano-svfprintf.o)
 .ARM.attributes
                0x000000000000070a       0x34 c:/st/stm32cubeide_1.10.1/stm32cubeide/plugins/com.st.stm32cube.ide.mcu.externaltools.gnu-tools-for-stm32.10.3-2021.10.win32_1.0.0.202111181127/tools/bin/../lib/gcc/arm-none-eabi/10.3.1/../../../../arm-none-eabi/lib/thumb/v7e-m+fp/hard\libc_nano.a(lib_a-nano-vfprintf_i.o)
 .ARM.attributes
                0x000000000000073e       0x34 c:/st/stm32cubeide_1.10.1/stm32cubeide/plugins/com.st.stm32cube.ide.mcu.externaltools.gnu-tools-for-stm32.10.3-2021.10.win32_1.0.0.202111181127/tools/bin/../lib/gcc/arm-none-eabi/10.3.1/../../../../arm-none-eabi/lib/thumb/v7e-m+fp/hard\libc_nano.a(lib_a-reent.o)
 .ARM.attributes
                0x0000000000000772       0x34 c:/st/stm32cubeide_1.10.1/stm32cubeide/plugins/com.st.stm32cube.ide.mcu.externaltools.gnu-tools-for-stm32.10.3-2021.10.win32_1.0.0.202111181127/tools/bin/../lib/gcc/arm-none-eabi/10.3.1/../../../../arm-none-eabi/lib/thumb/v7e-m+fp/hard\libc_nano.a(lib_a-lock.o)
 .ARM.attributes
                0x00000000000007a6       0x1c c:/st/stm32cubeide_1.10.1/stm32cubeide/plugins/com.st.stm32cube.ide.mcu.externaltools.gnu-tools-for-stm32.10.3-2021.10.win32_1.0.0.202111181127/tools/bin/../lib/gcc/arm-none-eabi/10.3.1/../../../../arm-none-eabi/lib/thumb/v7e-m+fp/hard\libc_nano.a(lib_a-memchr.o)
 .ARM.attributes
                0x00000000000007c2       0x34 c:/st/stm32cubeide_1.10.1/stm32cubeide/plugins/com.st.stm32cube.ide.mcu.externaltools.gnu-tools-for-stm32.10.3-2021.10.win32_1.0.0.202111181127/tools/bin/../lib/gcc/arm-none-eabi/10.3.1/../../../../arm-none-eabi/lib/thumb/v7e-m+fp/hard\libc_nano.a(lib_a-memcpy-stub.o)
 .ARM.attributes
                0x00000000000007f6       0x34 c:/st/stm32cubeide_1.10.1/stm32cubeide/plugins/com.st.stm32cube.ide.mcu.externaltools.gnu-tools-for-stm32.10.3-2021.10.win32_1.0.0.202111181127/tools/bin/../lib/gcc/arm-none-eabi/10.3.1/../../../../arm-none-eabi/lib/thumb/v7e-m+fp/hard\libc_nano.a(lib_a-memmove.o)
 .ARM.attributes
                0x000000000000082a       0x34 c:/st/stm32cubeide_1.10.1/stm32cubeide/plugins/com.st.stm32cube.ide.mcu.externaltools.gnu-tools-for-stm32.10.3-2021.10.win32_1.0.0.202111181127/tools/bin/../lib/gcc/arm-none-eabi/10.3.1/../../../../arm-none-eabi/lib/thumb/v7e-m+fp/hard\libc_nano.a(lib_a-nano-reallocr.o)
 .ARM.attributes
                0x000000000000085e       0x34 c:/st/stm32cubeide_1.10.1/stm32cubeide/plugins/com.st.stm32cube.ide.mcu.externaltools.gnu-tools-for-stm32.10.3-2021.10.win32_1.0.0.202111181127/tools/bin/../lib/gcc/arm-none-eabi/10.3.1/../../../../arm-none-eabi/lib/thumb/v7e-m+fp/hard\libc_nano.a(lib_a-nano-msizer.o)
 .ARM.attributes
                0x0000000000000892       0x1e c:/st/stm32cubeide_1.10.1/stm32cubeide/plugins/com.st.stm32cube.ide.mcu.externaltools.gnu-tools-for-stm32.10.3-2021.10.win32_1.0.0.202111181127/tools/bin/../lib/gcc/arm-none-eabi/10.3.1/thumb/v7e-m+fp/hard\libgcc.a(_arm_muldf3.o)
 .ARM.attributes
                0x00000000000008b0       0x1e c:/st/stm32cubeide_1.10.1/stm32cubeide/plugins/com.st.stm32cube.ide.mcu.externaltools.gnu-tools-for-stm32.10.3-2021.10.win32_1.0.0.202111181127/tools/bin/../lib/gcc/arm-none-eabi/10.3.1/thumb/v7e-m+fp/hard\libgcc.a(_arm_addsubdf3.o)
 .ARM.attributes
                0x00000000000008ce       0x1e c:/st/stm32cubeide_1.10.1/stm32cubeide/plugins/com.st.stm32cube.ide.mcu.externaltools.gnu-tools-for-stm32.10.3-2021.10.win32_1.0.0.202111181127/tools/bin/../lib/gcc/arm-none-eabi/10.3.1/thumb/v7e-m+fp/hard\libgcc.a(_arm_fixunsdfsi.o)
 .ARM.attributes
                0x00000000000008ec       0x34 c:/st/stm32cubeide_1.10.1/stm32cubeide/plugins/com.st.stm32cube.ide.mcu.externaltools.gnu-tools-for-stm32.10.3-2021.10.win32_1.0.0.202111181127/tools/bin/../lib/gcc/arm-none-eabi/10.3.1/../../../../arm-none-eabi/lib/thumb/v7e-m+fp/hard\libnosys.a(sbrk.o)
 .ARM.attributes
                0x0000000000000920       0x1e c:/st/stm32cubeide_1.10.1/stm32cubeide/plugins/com.st.stm32cube.ide.mcu.externaltools.gnu-tools-for-stm32.10.3-2021.10.win32_1.0.0.202111181127/tools/bin/../lib/gcc/arm-none-eabi/10.3.1/thumb/v7e-m+fp/hard/crtn.o
OUTPUT(nucleo_sdcard.elf elf32-littlearm)
LOAD linker stubs
LOAD c:/st/stm32cubeide_1.10.1/stm32cubeide/plugins/com.st.stm32cube.ide.mcu.externaltools.gnu-tools-for-stm32.10.3-2021.10.win32_1.0.0.202111181127/tools/bin/../lib/gcc/arm-none-eabi/10.3.1/../../../../arm-none-eabi/lib/thumb/v7e-m+fp/hard\libc.a
LOAD c:/st/stm32cubeide_1.10.1/stm32cubeide/plugins/com.st.stm32cube.ide.mcu.externaltools.gnu-tools-for-stm32.10.3-2021.10.win32_1.0.0.202111181127/tools/bin/../lib/gcc/arm-none-eabi/10.3.1/../../../../arm-none-eabi/lib/thumb/v7e-m+fp/hard\libm.a
LOAD c:/st/stm32cubeide_1.10.1/stm32cubeide/plugins/com.st.stm32cube.ide.mcu.externaltools.gnu-tools-for-stm32.10.3-2021.10.win32_1.0.0.202111181127/tools/bin/../lib/gcc/arm-none-eabi/10.3.1/thumb/v7e-m+fp/hard\libgcc.a

.debug_info     0x0000000000000000    0x1537b
 .debug_info    0x0000000000000000      0xcc5 ./Core/Src/fatfs_sd.o
 .debug_info    0x0000000000000cc5     0x1a89 ./Core/Src/main.o
 .debug_info    0x000000000000274e      0xc6e ./Core/Src/stm32f3xx_hal_msp.o
 .debug_info    0x00000000000033bc      0xb2f ./Core/Src/stm32f3xx_hal_timebase_tim.o
 .debug_info    0x0000000000003eeb      0x69c ./Core/Src/stm32f3xx_it.o
 .debug_info    0x0000000000004587      0x416 ./Core/Src/system_stm32f3xx.o
 .debug_info    0x000000000000499d       0x22 ./Core/Startup/startup_stm32f303retx.o
 .debug_info    0x00000000000049bf      0x837 ./Drivers/STM32F3xx_HAL_Driver/Src/stm32f3xx_hal.o
 .debug_info    0x00000000000051f6      0xdb5 ./Drivers/STM32F3xx_HAL_Driver/Src/stm32f3xx_hal_cortex.o
 .debug_info    0x0000000000005fab      0x74e ./Drivers/STM32F3xx_HAL_Driver/Src/stm32f3xx_hal_gpio.o
 .debug_info    0x00000000000066f9     0x1597 ./Drivers/STM32F3xx_HAL_Driver/Src/stm32f3xx_hal_rcc.o
 .debug_info    0x0000000000007c90      0x67f ./Drivers/STM32F3xx_HAL_Driver/Src/stm32f3xx_hal_rcc_ex.o
 .debug_info    0x000000000000830f     0x178c ./Drivers/STM32F3xx_HAL_Driver/Src/stm32f3xx_hal_spi.o
 .debug_info    0x0000000000009a9b     0x2ca3 ./Drivers/STM32F3xx_HAL_Driver/Src/stm32f3xx_hal_tim.o
 .debug_info    0x000000000000c73e     0x1679 ./Drivers/STM32F3xx_HAL_Driver/Src/stm32f3xx_hal_tim_ex.o
 .debug_info    0x000000000000ddb7     0x3ad3 ./Drivers/STM32F3xx_HAL_Driver/Src/stm32f3xx_hal_uart.o
 .debug_info    0x000000000001188a      0x52d ./FATFS/App/fatfs.o
 .debug_info    0x0000000000011db7      0x3d2 ./FATFS/Target/user_diskio.o
 .debug_info    0x0000000000012189      0x40d ./Middlewares/Third_Party/FatFs/src/diskio.o
 .debug_info    0x0000000000012596     0x27b8 ./Middlewares/Third_Party/FatFs/src/ff.o
 .debug_info    0x0000000000014d4e      0x3a4 ./Middlewares/Third_Party/FatFs/src/ff_gen_drv.o
 .debug_info    0x00000000000150f2      0x17d ./Middlewares/Third_Party/FatFs/src/option/ccsbcs.o
 .debug_info    0x000000000001526f      0x10c ./Middlewares/Third_Party/FatFs/src/option/syscall.o

.debug_abbrev   0x0000000000000000     0x2cc1
 .debug_abbrev  0x0000000000000000      0x2d7 ./Core/Src/fatfs_sd.o
 .debug_abbrev  0x00000000000002d7      0x386 ./Core/Src/main.o
 .debug_abbrev  0x000000000000065d      0x194 ./Core/Src/stm32f3xx_hal_msp.o
 .debug_abbrev  0x00000000000007f1      0x1e6 ./Core/Src/stm32f3xx_hal_timebase_tim.o
 .debug_abbrev  0x00000000000009d7      0x171 ./Core/Src/stm32f3xx_it.o
 .debug_abbrev  0x0000000000000b48      0x116 ./Core/Src/system_stm32f3xx.o
 .debug_abbrev  0x0000000000000c5e       0x12 ./Core/Startup/startup_stm32f303retx.o
 .debug_abbrev  0x0000000000000c70      0x20e ./Drivers/STM32F3xx_HAL_Driver/Src/stm32f3xx_hal.o
 .debug_abbrev  0x0000000000000e7e      0x316 ./Drivers/STM32F3xx_HAL_Driver/Src/stm32f3xx_hal_cortex.o
 .debug_abbrev  0x0000000000001194      0x1bb ./Drivers/STM32F3xx_HAL_Driver/Src/stm32f3xx_hal_gpio.o
 .debug_abbrev  0x000000000000134f      0x30c ./Drivers/STM32F3xx_HAL_Driver/Src/stm32f3xx_hal_rcc.o
 .debug_abbrev  0x000000000000165b      0x239 ./Drivers/STM32F3xx_HAL_Driver/Src/stm32f3xx_hal_rcc_ex.o
 .debug_abbrev  0x0000000000001894      0x254 ./Drivers/STM32F3xx_HAL_Driver/Src/stm32f3xx_hal_spi.o
 .debug_abbrev  0x0000000000001ae8      0x25d ./Drivers/STM32F3xx_HAL_Driver/Src/stm32f3xx_hal_tim.o
 .debug_abbrev  0x0000000000001d45      0x265 ./Drivers/STM32F3xx_HAL_Driver/Src/stm32f3xx_hal_tim_ex.o
 .debug_abbrev  0x0000000000001faa      0x2bc ./Drivers/STM32F3xx_HAL_Driver/Src/stm32f3xx_hal_uart.o
 .debug_abbrev  0x0000000000002266      0x19a ./FATFS/App/fatfs.o
 .debug_abbrev  0x0000000000002400      0x13f ./FATFS/Target/user_diskio.o
 .debug_abbrev  0x000000000000253f      0x178 ./Middlewares/Third_Party/FatFs/src/diskio.o
 .debug_abbrev  0x00000000000026b7      0x2e2 ./Middlewares/Third_Party/FatFs/src/ff.o
 .debug_abbrev  0x0000000000002999      0x196 ./Middlewares/Third_Party/FatFs/src/ff_gen_drv.o
 .debug_abbrev  0x0000000000002b2f       0xd3 ./Middlewares/Third_Party/FatFs/src/option/ccsbcs.o
 .debug_abbrev  0x0000000000002c02       0xbf ./Middlewares/Third_Party/FatFs/src/option/syscall.o

.debug_aranges  0x0000000000000000     0x11a8
 .debug_aranges
                0x0000000000000000       0xa8 ./Core/Src/fatfs_sd.o
 .debug_aranges
                0x00000000000000a8       0x60 ./Core/Src/main.o
 .debug_aranges
                0x0000000000000108       0x40 ./Core/Src/stm32f3xx_hal_msp.o
 .debug_aranges
                0x0000000000000148       0x30 ./Core/Src/stm32f3xx_hal_timebase_tim.o
 .debug_aranges
                0x0000000000000178       0x28 ./Core/Src/stm32f3xx_it.o
 .debug_aranges
                0x00000000000001a0       0x28 ./Core/Src/system_stm32f3xx.o
 .debug_aranges
                0x00000000000001c8       0x28 ./Core/Startup/startup_stm32f303retx.o
 .debug_aranges
                0x00000000000001f0       0xe0 ./Drivers/STM32F3xx_HAL_Driver/Src/stm32f3xx_hal.o
 .debug_aranges
                0x00000000000002d0      0x118 ./Drivers/STM32F3xx_HAL_Driver/Src/stm32f3xx_hal_cortex.o
 .debug_aranges
                0x00000000000003e8       0x58 ./Drivers/STM32F3xx_HAL_Driver/Src/stm32f3xx_hal_gpio.o
 .debug_aranges
                0x0000000000000440       0x88 ./Drivers/STM32F3xx_HAL_Driver/Src/stm32f3xx_hal_rcc.o
 .debug_aranges
                0x00000000000004c8       0x38 ./Drivers/STM32F3xx_HAL_Driver/Src/stm32f3xx_hal_rcc_ex.o
 .debug_aranges
                0x0000000000000500      0x1d8 ./Drivers/STM32F3xx_HAL_Driver/Src/stm32f3xx_hal_spi.o
 .debug_aranges
                0x00000000000006d8      0x3e0 ./Drivers/STM32F3xx_HAL_Driver/Src/stm32f3xx_hal_tim.o
 .debug_aranges
                0x0000000000000ab8      0x178 ./Drivers/STM32F3xx_HAL_Driver/Src/stm32f3xx_hal_tim_ex.o
 .debug_aranges
                0x0000000000000c30      0x228 ./Drivers/STM32F3xx_HAL_Driver/Src/stm32f3xx_hal_uart.o
 .debug_aranges
                0x0000000000000e58       0x28 ./FATFS/App/fatfs.o
 .debug_aranges
                0x0000000000000e80       0x40 ./FATFS/Target/user_diskio.o
 .debug_aranges
                0x0000000000000ec0       0x48 ./Middlewares/Third_Party/FatFs/src/diskio.o
 .debug_aranges
                0x0000000000000f08      0x210 ./Middlewares/Third_Party/FatFs/src/ff.o
 .debug_aranges
                0x0000000000001118       0x40 ./Middlewares/Third_Party/FatFs/src/ff_gen_drv.o
 .debug_aranges
                0x0000000000001158       0x28 ./Middlewares/Third_Party/FatFs/src/option/ccsbcs.o
 .debug_aranges
                0x0000000000001180       0x28 ./Middlewares/Third_Party/FatFs/src/option/syscall.o

.debug_ranges   0x0000000000000000     0x1070
 .debug_ranges  0x0000000000000000       0x98 ./Core/Src/fatfs_sd.o
 .debug_ranges  0x0000000000000098       0x50 ./Core/Src/main.o
 .debug_ranges  0x00000000000000e8       0x30 ./Core/Src/stm32f3xx_hal_msp.o
 .debug_ranges  0x0000000000000118       0x20 ./Core/Src/stm32f3xx_hal_timebase_tim.o
 .debug_ranges  0x0000000000000138       0x18 ./Core/Src/stm32f3xx_it.o
 .debug_ranges  0x0000000000000150       0x18 ./Core/Src/system_stm32f3xx.o
 .debug_ranges  0x0000000000000168       0x20 ./Core/Startup/startup_stm32f303retx.o
 .debug_ranges  0x0000000000000188       0xd0 ./Drivers/STM32F3xx_HAL_Driver/Src/stm32f3xx_hal.o
 .debug_ranges  0x0000000000000258      0x108 ./Drivers/STM32F3xx_HAL_Driver/Src/stm32f3xx_hal_cortex.o
 .debug_ranges  0x0000000000000360       0x48 ./Drivers/STM32F3xx_HAL_Driver/Src/stm32f3xx_hal_gpio.o
 .debug_ranges  0x00000000000003a8       0x78 ./Drivers/STM32F3xx_HAL_Driver/Src/stm32f3xx_hal_rcc.o
 .debug_ranges  0x0000000000000420       0x28 ./Drivers/STM32F3xx_HAL_Driver/Src/stm32f3xx_hal_rcc_ex.o
 .debug_ranges  0x0000000000000448      0x1c8 ./Drivers/STM32F3xx_HAL_Driver/Src/stm32f3xx_hal_spi.o
 .debug_ranges  0x0000000000000610      0x3d0 ./Drivers/STM32F3xx_HAL_Driver/Src/stm32f3xx_hal_tim.o
 .debug_ranges  0x00000000000009e0      0x168 ./Drivers/STM32F3xx_HAL_Driver/Src/stm32f3xx_hal_tim_ex.o
 .debug_ranges  0x0000000000000b48      0x248 ./Drivers/STM32F3xx_HAL_Driver/Src/stm32f3xx_hal_uart.o
 .debug_ranges  0x0000000000000d90       0x18 ./FATFS/App/fatfs.o
 .debug_ranges  0x0000000000000da8       0x30 ./FATFS/Target/user_diskio.o
 .debug_ranges  0x0000000000000dd8       0x38 ./Middlewares/Third_Party/FatFs/src/diskio.o
 .debug_ranges  0x0000000000000e10      0x200 ./Middlewares/Third_Party/FatFs/src/ff.o
 .debug_ranges  0x0000000000001010       0x30 ./Middlewares/Third_Party/FatFs/src/ff_gen_drv.o
 .debug_ranges  0x0000000000001040       0x18 ./Middlewares/Third_Party/FatFs/src/option/ccsbcs.o
 .debug_ranges  0x0000000000001058       0x18 ./Middlewares/Third_Party/FatFs/src/option/syscall.o

.debug_macro    0x0000000000000000    0x22eb7
 .debug_macro   0x0000000000000000      0x21f ./Core/Src/fatfs_sd.o
 .debug_macro   0x000000000000021f      0xa78 ./Core/Src/fatfs_sd.o
 .debug_macro   0x0000000000000c97      0x15d ./Core/Src/fatfs_sd.o
 .debug_macro   0x0000000000000df4       0x2e ./Core/Src/fatfs_sd.o
 .debug_macro   0x0000000000000e22       0x28 ./Core/Src/fatfs_sd.o
 .debug_macro   0x0000000000000e4a       0x22 ./Core/Src/fatfs_sd.o
 .debug_macro   0x0000000000000e6c       0x8e ./Core/Src/fatfs_sd.o
 .debug_macro   0x0000000000000efa       0x51 ./Core/Src/fatfs_sd.o
 .debug_macro   0x0000000000000f4b      0x103 ./Core/Src/fatfs_sd.o
 .debug_macro   0x000000000000104e       0x6a ./Core/Src/fatfs_sd.o
 .debug_macro   0x00000000000010b8      0x1df ./Core/Src/fatfs_sd.o
 .debug_macro   0x0000000000001297       0x1c ./Core/Src/fatfs_sd.o
 .debug_macro   0x00000000000012b3       0x22 ./Core/Src/fatfs_sd.o
 .debug_macro   0x00000000000012d5       0xd9 ./Core/Src/fatfs_sd.o
 .debug_macro   0x00000000000013ae     0x102d ./Core/Src/fatfs_sd.o
 .debug_macro   0x00000000000023db      0x11f ./Core/Src/fatfs_sd.o
 .debug_macro   0x00000000000024fa    0x1535a ./Core/Src/fatfs_sd.o
 .debug_macro   0x0000000000017854       0x6d ./Core/Src/fatfs_sd.o
 .debug_macro   0x00000000000178c1     0x3540 ./Core/Src/fatfs_sd.o
 .debug_macro   0x000000000001ae01      0x174 ./Core/Src/fatfs_sd.o
 .debug_macro   0x000000000001af75       0x55 ./Core/Src/fatfs_sd.o
 .debug_macro   0x000000000001afca      0x954 ./Core/Src/fatfs_sd.o
 .debug_macro   0x000000000001b91e      0x84a ./Core/Src/fatfs_sd.o
 .debug_macro   0x000000000001c168      0x1b6 ./Core/Src/fatfs_sd.o
 .debug_macro   0x000000000001c31e      0x23a ./Core/Src/fatfs_sd.o
 .debug_macro   0x000000000001c558      0x1ea ./Core/Src/fatfs_sd.o
 .debug_macro   0x000000000001c742      0x1bc ./Core/Src/fatfs_sd.o
 .debug_macro   0x000000000001c8fe       0x30 ./Core/Src/fatfs_sd.o
 .debug_macro   0x000000000001c92e       0x3c ./Core/Src/fatfs_sd.o
 .debug_macro   0x000000000001c96a      0x236 ./Core/Src/fatfs_sd.o
 .debug_macro   0x000000000001cba0       0xc5 ./Core/Src/fatfs_sd.o
 .debug_macro   0x000000000001cc65      0x21d ./Core/Src/fatfs_sd.o
 .debug_macro   0x000000000001ce82      0x22c ./Core/Src/fatfs_sd.o
 .debug_macro   0x000000000001d0ae       0x5b ./Core/Src/fatfs_sd.o
 .debug_macro   0x000000000001d109       0xa5 ./Core/Src/fatfs_sd.o
 .debug_macro   0x000000000001d1ae       0x81 ./Core/Src/fatfs_sd.o
 .debug_macro   0x000000000001d22f       0xd3 ./Core/Src/fatfs_sd.o
 .debug_macro   0x000000000001d302      0x2fe ./Core/Src/fatfs_sd.o
 .debug_macro   0x000000000001d600      0xa3d ./Core/Src/fatfs_sd.o
 .debug_macro   0x000000000001e03d       0xbb ./Core/Src/fatfs_sd.o
 .debug_macro   0x000000000001e0f8      0x5a5 ./Core/Src/fatfs_sd.o
 .debug_macro   0x000000000001e69d       0x44 ./Core/Src/fatfs_sd.o
 .debug_macro   0x000000000001e6e1      0x347 ./Core/Src/fatfs_sd.o
 .debug_macro   0x000000000001ea28       0x16 ./Core/Src/fatfs_sd.o
 .debug_macro   0x000000000001ea3e       0x7c ./Core/Src/fatfs_sd.o
 .debug_macro   0x000000000001eaba       0x9a ./Core/Src/fatfs_sd.o
 .debug_macro   0x000000000001eb54      0x3e0 ./Core/Src/main.o
 .debug_macro   0x000000000001ef34       0x34 ./Core/Src/main.o
 .debug_macro   0x000000000001ef68       0xde ./Core/Src/main.o
 .debug_macro   0x000000000001f046       0xf5 ./Core/Src/main.o
 .debug_macro   0x000000000001f13b       0x8e ./Core/Src/main.o
 .debug_macro   0x000000000001f1c9       0x52 ./Core/Src/main.o
 .debug_macro   0x000000000001f21b       0x1e ./Core/Src/main.o
 .debug_macro   0x000000000001f239       0x3c ./Core/Src/main.o
 .debug_macro   0x000000000001f275       0x34 ./Core/Src/main.o
 .debug_macro   0x000000000001f2a9       0x16 ./Core/Src/main.o
 .debug_macro   0x000000000001f2bf       0x35 ./Core/Src/main.o
 .debug_macro   0x000000000001f2f4      0x341 ./Core/Src/main.o
 .debug_macro   0x000000000001f635       0x10 ./Core/Src/main.o
 .debug_macro   0x000000000001f645       0x16 ./Core/Src/main.o
 .debug_macro   0x000000000001f65b       0x43 ./Core/Src/main.o
 .debug_macro   0x000000000001f69e       0x34 ./Core/Src/main.o
 .debug_macro   0x000000000001f6d2       0x10 ./Core/Src/main.o
 .debug_macro   0x000000000001f6e2       0x58 ./Core/Src/main.o
 .debug_macro   0x000000000001f73a       0x71 ./Core/Src/main.o
 .debug_macro   0x000000000001f7ab       0x1c ./Core/Src/main.o
 .debug_macro   0x000000000001f7c7      0x12a ./Core/Src/main.o
 .debug_macro   0x000000000001f8f1       0x10 ./Core/Src/main.o
 .debug_macro   0x000000000001f901       0x1c ./Core/Src/main.o
 .debug_macro   0x000000000001f91d       0x52 ./Core/Src/main.o
 .debug_macro   0x000000000001f96f       0x22 ./Core/Src/main.o
 .debug_macro   0x000000000001f991       0x10 ./Core/Src/main.o
 .debug_macro   0x000000000001f9a1       0x52 ./Core/Src/main.o
 .debug_macro   0x000000000001f9f3       0xd5 ./Core/Src/main.o
 .debug_macro   0x000000000001fac8       0x1c ./Core/Src/main.o
 .debug_macro   0x000000000001fae4       0x3d ./Core/Src/main.o
 .debug_macro   0x000000000001fb21       0x16 ./Core/Src/main.o
 .debug_macro   0x000000000001fb37      0x145 ./Core/Src/main.o
 .debug_macro   0x000000000001fc7c       0x16 ./Core/Src/main.o
 .debug_macro   0x000000000001fc92       0x20 ./Core/Src/main.o
 .debug_macro   0x000000000001fcb2       0x4c ./Core/Src/main.o
 .debug_macro   0x000000000001fcfe      0x1fb ./Core/Src/stm32f3xx_hal_msp.o
 .debug_macro   0x000000000001fef9      0x1ec ./Core/Src/stm32f3xx_hal_timebase_tim.o
 .debug_macro   0x00000000000200e5      0x205 ./Core/Src/stm32f3xx_it.o
 .debug_macro   0x00000000000202ea      0x1f2 ./Core/Src/system_stm32f3xx.o
 .debug_macro   0x00000000000204dc      0x210 ./Drivers/STM32F3xx_HAL_Driver/Src/stm32f3xx_hal.o
 .debug_macro   0x00000000000206ec      0x1ec ./Drivers/STM32F3xx_HAL_Driver/Src/stm32f3xx_hal_cortex.o
 .debug_macro   0x00000000000208d8      0x1f3 ./Drivers/STM32F3xx_HAL_Driver/Src/stm32f3xx_hal_gpio.o
 .debug_macro   0x0000000000020acb      0x210 ./Drivers/STM32F3xx_HAL_Driver/Src/stm32f3xx_hal_rcc.o
 .debug_macro   0x0000000000020cdb      0x1ec ./Drivers/STM32F3xx_HAL_Driver/Src/stm32f3xx_hal_rcc_ex.o
 .debug_macro   0x0000000000020ec7      0x1f4 ./Drivers/STM32F3xx_HAL_Driver/Src/stm32f3xx_hal_spi.o
 .debug_macro   0x00000000000210bb      0x1ed ./Drivers/STM32F3xx_HAL_Driver/Src/stm32f3xx_hal_tim.o
 .debug_macro   0x00000000000212a8      0x1ec ./Drivers/STM32F3xx_HAL_Driver/Src/stm32f3xx_hal_tim_ex.o
 .debug_macro   0x0000000000021494      0x209 ./Drivers/STM32F3xx_HAL_Driver/Src/stm32f3xx_hal_uart.o
 .debug_macro   0x000000000002169d      0x24e ./FATFS/App/fatfs.o
 .debug_macro   0x00000000000218eb       0xd8 ./FATFS/App/fatfs.o
 .debug_macro   0x00000000000219c3      0x30c ./FATFS/Target/user_diskio.o
 .debug_macro   0x0000000000021ccf       0x4c ./FATFS/Target/user_diskio.o
 .debug_macro   0x0000000000021d1b       0x94 ./FATFS/Target/user_diskio.o
 .debug_macro   0x0000000000021daf       0x57 ./FATFS/Target/user_diskio.o
 .debug_macro   0x0000000000021e06       0x10 ./FATFS/Target/user_diskio.o
 .debug_macro   0x0000000000021e16       0x4f ./FATFS/Target/user_diskio.o
 .debug_macro   0x0000000000021e65      0x23b ./Middlewares/Third_Party/FatFs/src/diskio.o
 .debug_macro   0x00000000000220a0      0x482 ./Middlewares/Third_Party/FatFs/src/ff.o
 .debug_macro   0x0000000000022522       0x58 ./Middlewares/Third_Party/FatFs/src/ff.o
 .debug_macro   0x000000000002257a      0x23b ./Middlewares/Third_Party/FatFs/src/ff_gen_drv.o
 .debug_macro   0x00000000000227b5      0x229 ./Middlewares/Third_Party/FatFs/src/option/ccsbcs.o
 .debug_macro   0x00000000000229de      0x2e9 ./Middlewares/Third_Party/FatFs/src/option/syscall.o
 .debug_macro   0x0000000000022cc7       0x16 ./Middlewares/Third_Party/FatFs/src/option/syscall.o
 .debug_macro   0x0000000000022cdd      0x10e ./Middlewares/Third_Party/FatFs/src/option/syscall.o
 .debug_macro   0x0000000000022deb       0x8d ./Middlewares/Third_Party/FatFs/src/option/syscall.o
 .debug_macro   0x0000000000022e78       0x16 ./Middlewares/Third_Party/FatFs/src/option/syscall.o
 .debug_macro   0x0000000000022e8e       0x29 ./Middlewares/Third_Party/FatFs/src/option/syscall.o

.debug_line     0x0000000000000000    0x191b1
 .debug_line    0x0000000000000000      0xe28 ./Core/Src/fatfs_sd.o
 .debug_line    0x0000000000000e28      0xc18 ./Core/Src/main.o
 .debug_line    0x0000000000001a40      0x7b1 ./Core/Src/stm32f3xx_hal_msp.o
 .debug_line    0x00000000000021f1      0x791 ./Core/Src/stm32f3xx_hal_timebase_tim.o
 .debug_line    0x0000000000002982      0x737 ./Core/Src/stm32f3xx_it.o
 .debug_line    0x00000000000030b9      0x7b0 ./Core/Src/system_stm32f3xx.o
 .debug_line    0x0000000000003869       0x88 ./Core/Startup/startup_stm32f303retx.o
 .debug_line    0x00000000000038f1      0x9c3 ./Drivers/STM32F3xx_HAL_Driver/Src/stm32f3xx_hal.o
 .debug_line    0x00000000000042b4      0xc88 ./Drivers/STM32F3xx_HAL_Driver/Src/stm32f3xx_hal_cortex.o
 .debug_line    0x0000000000004f3c      0xb4c ./Drivers/STM32F3xx_HAL_Driver/Src/stm32f3xx_hal_gpio.o
 .debug_line    0x0000000000005a88     0x13b8 ./Drivers/STM32F3xx_HAL_Driver/Src/stm32f3xx_hal_rcc.o
 .debug_line    0x0000000000006e40      0xedf ./Drivers/STM32F3xx_HAL_Driver/Src/stm32f3xx_hal_rcc_ex.o
 .debug_line    0x0000000000007d1f     0x1f3e ./Drivers/STM32F3xx_HAL_Driver/Src/stm32f3xx_hal_spi.o
 .debug_line    0x0000000000009c5d     0x3de3 ./Drivers/STM32F3xx_HAL_Driver/Src/stm32f3xx_hal_tim.o
 .debug_line    0x000000000000da40     0x1ae8 ./Drivers/STM32F3xx_HAL_Driver/Src/stm32f3xx_hal_tim_ex.o
 .debug_line    0x000000000000f528     0x3155 ./Drivers/STM32F3xx_HAL_Driver/Src/stm32f3xx_hal_uart.o
 .debug_line    0x000000000001267d      0x7b3 ./FATFS/App/fatfs.o
 .debug_line    0x0000000000012e30      0x942 ./FATFS/Target/user_diskio.o
 .debug_line    0x0000000000013772      0x823 ./Middlewares/Third_Party/FatFs/src/diskio.o
 .debug_line    0x0000000000013f95     0x38c3 ./Middlewares/Third_Party/FatFs/src/ff.o
 .debug_line    0x0000000000017858      0x840 ./Middlewares/Third_Party/FatFs/src/ff_gen_drv.o
 .debug_line    0x0000000000018098      0x825 ./Middlewares/Third_Party/FatFs/src/option/ccsbcs.o
 .debug_line    0x00000000000188bd      0x8f4 ./Middlewares/Third_Party/FatFs/src/option/syscall.o

.debug_str      0x0000000000000000    0xcdc2a
 .debug_str     0x0000000000000000    0xc47f3 ./Core/Src/fatfs_sd.o
                                      0xc4f21 (size before relaxing)
 .debug_str     0x00000000000c47f3     0x50dc ./Core/Src/main.o
                                      0xc9dcd (size before relaxing)
 .debug_str     0x00000000000c98cf       0x8d ./Core/Src/stm32f3xx_hal_msp.o
                                      0xc4d56 (size before relaxing)
 .debug_str     0x00000000000c995c      0x4a0 ./Core/Src/stm32f3xx_hal_timebase_tim.o
                                      0xc5148 (size before relaxing)
 .debug_str     0x00000000000c9dfc       0x50 ./Core/Src/stm32f3xx_it.o
                                      0xc4bae (size before relaxing)
 .debug_str     0x00000000000c9e4c       0xfd ./Core/Src/system_stm32f3xx.o
                                      0xc46ef (size before relaxing)
 .debug_str     0x00000000000c9f49       0x77 ./Core/Startup/startup_stm32f303retx.o
 .debug_str     0x00000000000c9fc0      0x349 ./Drivers/STM32F3xx_HAL_Driver/Src/stm32f3xx_hal.o
                                      0xc4f84 (size before relaxing)
 .debug_str     0x00000000000ca309      0x359 ./Drivers/STM32F3xx_HAL_Driver/Src/stm32f3xx_hal_cortex.o
                                      0xc4fd6 (size before relaxing)
 .debug_str     0x00000000000ca662      0x185 ./Drivers/STM32F3xx_HAL_Driver/Src/stm32f3xx_hal_gpio.o
                                      0xc48c0 (size before relaxing)
 .debug_str     0x00000000000ca7e7      0x2a7 ./Drivers/STM32F3xx_HAL_Driver/Src/stm32f3xx_hal_rcc.o
                                      0xc4b7f (size before relaxing)
 .debug_str     0x00000000000caa8e       0xbe ./Drivers/STM32F3xx_HAL_Driver/Src/stm32f3xx_hal_rcc_ex.o
                                      0xc49c9 (size before relaxing)
 .debug_str     0x00000000000cab4c      0x58a ./Drivers/STM32F3xx_HAL_Driver/Src/stm32f3xx_hal_spi.o
                                      0xc5001 (size before relaxing)
 .debug_str     0x00000000000cb0d6      0xe7e ./Drivers/STM32F3xx_HAL_Driver/Src/stm32f3xx_hal_tim.o
                                      0xc5b02 (size before relaxing)
 .debug_str     0x00000000000cbf54      0x561 ./Drivers/STM32F3xx_HAL_Driver/Src/stm32f3xx_hal_tim_ex.o
                                      0xc5358 (size before relaxing)
 .debug_str     0x00000000000cc4b5      0x84b ./Drivers/STM32F3xx_HAL_Driver/Src/stm32f3xx_hal_uart.o
                                      0xc53d6 (size before relaxing)
 .debug_str     0x00000000000ccd00       0x74 ./FATFS/App/fatfs.o
                                      0xc4fac (size before relaxing)
 .debug_str     0x00000000000ccd74       0x5a ./FATFS/Target/user_diskio.o