../Core/Src/csv.c:41:12:add_char	32	static
../Core/Src/csv.c:62:19:create_field	16	static
../Core/Src/csv.c:81:13:destroy_field	16	static
../Core/Src/csv.c:101:12:set_field	24	static
../Core/Src/csv.c:136:12:read_next_field	56	static
../Core/Src/csv.c:271:12:append_field	32	static
../Core/Src/csv.c:308:12:append_row	32	static
../Core/Src/csv.c:352:12:remove_last_field	24	static
../Core/Src/csv.c:399:12:remove_last_row	32	static
../Core/Src/csv.c:425:13:csv_create_buffer	16	static
../Core/Src/csv.c:441:6:csv_destroy_buffer	24	static
../Core/Src/csv.c:464:5:csv_load	40	static
../Core/Src/csv.c:512:5:csv_save	40	static
../Core/Src/csv.c:572:5:csv_get_field	32	static
../Core/Src/csv.c:609:5:csv_copy_field	24	static
../Core/Src/csv.c:616:5:csv_clear_field	24	static
../Core/Src/csv.c:631:5:csv_clear_row	24	static
../Core/Src/csv.c:674:5:csv_copy_row	40	static
../Core/Src/csv.c:701:5:csv_remove_row	24	static
../Core/Src/csv.c:714:5:csv_remove_field	40	static
../Core/Src/csv.c:727:6:csv_set_text_delim	16	static
../Core/Src/csv.c:732:6:csv_set_field_delim	16	static
../Core/Src/csv.c:737:5:csv_get_height	16	static
../Core/Src/csv.c:742:5:csv_get_width	16	static
../Core/Src/csv.c:750:5:csv_get_field_length	24	static
../Core/Src/csv.c:760:5:csv_set_field	24	static
../Core/Src/csv.c:775:5:csv_insert_field	40	static
