../Core/Src/main.c:115:5:main	184	static
../Core/Src/main.c:249:6:SystemClock_Config	160	static
../Core/Src/main.c:296:13:MX_CAN_Init	8	static
../Core/Src/main.c:332:13:MX_SPI1_Init	8	static
../Core/Src/main.c:372:13:MX_USART2_UART_Init	8	static
../Core/Src/main.c:407:13:MX_GPIO_Init	40	static
../Core/Src/main.c:433:6:myprintf	16	static
../Core/Src/main.c:444:6:printCANMessage	32	static
../Core/Src/main.c:453:6:saveData	1152	static
../Core/Src/main.c:515:6:StartDefaultTask	56	static
../Core/Src/main.c:558:6:StartSDCardSaveTask	16	static
../Core/Src/main.c:586:6:StartGetData1	56	static
../Core/Src/main.c:647:6:StartGetData2	16	static
../Core/Src/main.c:665:6:StartReadCAN	40	static
../Core/Src/main.c:696:6:HAL_TIM_PeriodElapsedCallback	16	static
../Core/Src/main.c:713:6:Error_Handler	8	static,ignoring_inline_asm
