../Core/Src/main.c:120:5:main	128	static
../Core/Src/main.c:261:6:SystemClock_Config	160	static
../Core/Src/main.c:312:13:MX_CAN_Init	8	static
../Core/Src/main.c:348:13:MX_SPI1_Init	8	static
../Core/Src/main.c:388:13:MX_USART2_UART_Init	8	static
../Core/Src/main.c:423:13:MX_GPIO_Init	40	static
../Core/Src/main.c:449:6:myprintf	24	static
../Core/Src/main.c:463:7:int_to_string	24	static
../Core/Src/main.c:470:6:printCANMessage	32	static
../Core/Src/main.c:479:6:print_buffer	32	static
../Core/Src/main.c:500:6:StartDefaultTask	56	static
../Core/Src/main.c:543:6:StartSDCardSaveTask	40	static
../Core/Src/main.c:616:6:StartGetData1	56	static
../Core/Src/main.c:677:6:StartGetData2	16	static
../Core/Src/main.c:695:6:StartReadCAN	40	static
../Core/Src/main.c:726:6:HAL_TIM_PeriodElapsedCallback	16	static
../Core/Src/main.c:743:6:Error_Handler	8	static,ignoring_inline_asm
