../Core/Src/main.c:116:5:main	184	static
../Core/Src/main.c:250:6:SystemClock_Config	160	static
../Core/Src/main.c:297:13:MX_CAN_Init	8	static
../Core/Src/main.c:333:13:MX_SPI1_Init	8	static
../Core/Src/main.c:373:13:MX_USART2_UART_Init	8	static
../Core/Src/main.c:408:13:MX_GPIO_Init	40	static
../Core/Src/main.c:434:6:myprintf	16	static
../Core/Src/main.c:445:6:printCANMessage	32	static
../Core/Src/main.c:454:6:saveData	8320	static
../Core/Src/main.c:516:6:StartDefaultTask	56	static
../Core/Src/main.c:559:6:StartSDCardSaveTask	16	static
../Core/Src/main.c:587:6:StartGetData1	56	static
../Core/Src/main.c:648:6:StartGetData2	16	static
../Core/Src/main.c:666:6:StartReadCAN	40	static
../Core/Src/main.c:697:6:HAL_TIM_PeriodElapsedCallback	16	static
../Core/Src/main.c:714:6:Error_Handler	8	static,ignoring_inline_asm
