../Core/Src/main.c:122:5:main	128	static
../Core/Src/main.c:263:6:SystemClock_Config	160	static
../Core/Src/main.c:314:13:MX_CAN_Init	8	static
../Core/Src/main.c:350:13:MX_SPI1_Init	8	static
../Core/Src/main.c:390:13:MX_USART2_UART_Init	8	static
../Core/Src/main.c:425:13:MX_GPIO_Init	40	static
../Core/Src/main.c:451:6:myprintf	24	static
../Core/Src/main.c:465:7:int_to_string	24	static
../Core/Src/main.c:472:6:printCANMessage	32	static
../Core/Src/main.c:481:6:print_buffer	32	static
../Core/Src/main.c:502:6:StartDefaultTask	16	static
../Core/Src/main.c:545:6:StartSDCardSaveTask	80	static
../Core/Src/main.c:639:6:StartGetData1	56	static
../Core/Src/main.c:700:6:StartGetData2	16	static
../Core/Src/main.c:718:6:StartReadCAN	40	static
../Core/Src/main.c:749:6:HAL_TIM_PeriodElapsedCallback	16	static
../Core/Src/main.c:766:6:Error_Handler	8	static,ignoring_inline_asm
