../Core/Src/main.c:138:5:main	144	static
../Core/Src/main.c:279:6:SystemClock_Config	160	static
../Core/Src/main.c:332:13:MX_CAN_Init	8	static
../Core/Src/main.c:368:13:MX_I2C3_Init	8	static
../Core/Src/main.c:416:13:MX_SPI1_Init	8	static
../Core/Src/main.c:456:13:MX_USART2_UART_Init	8	static
../Core/Src/main.c:491:13:MX_GPIO_Init	48	static
../Core/Src/main.c:518:6:myprintf	24	static
../Core/Src/main.c:532:7:int_to_string	24	static
../Core/Src/main.c:539:6:printCANMessage	32	static
../Core/Src/main.c:548:6:print_buffer	32	static
../Core/Src/main.c:561:6:ftstr	24	static
../Core/Src/main.c:581:6:StartDefaultTask	56	static
../Core/Src/main.c:624:6:StartSDCardSaveTask	80	static
../Core/Src/main.c:754:6:StartGetData1	56	static
../Core/Src/main.c:815:6:StartGetData2	16	static
../Core/Src/main.c:833:6:StartReadCAN	40	static
../Core/Src/main.c:863:6:StartGetAccelTask	24	static
../Core/Src/main.c:922:6:HAL_TIM_PeriodElapsedCallback	16	static
../Core/Src/main.c:939:6:Error_Handler	8	static,ignoring_inline_asm
